[7.274s] Invoking command in '/workspace/ros2_ws/src/pure_pursuit': PYTHONPATH=/workspace/build/pure_pursuit/prefix_override:/usr/lib/python3/dist-packages/colcon_core/task/python/colcon_distutils_commands:/workspace/install/pure_pursuit/lib/python3.10/site-packages:${PYTHONPATH} /usr/bin/python3 -W ignore:setup.py install is deprecated -W ignore:easy_install command is deprecated setup.py egg_info --egg-base ../../../build/pure_pursuit build --build-base /workspace/build/pure_pursuit/build install --record /workspace/build/pure_pursuit/install.log --install-scripts $base/lib/pure_pursuit --single-version-externally-managed install_data
[8.680s] running egg_info
[8.689s] writing ../../../build/pure_pursuit/pure_pursuit.egg-info/PKG-INFO
[8.690s] writing dependency_links to ../../../build/pure_pursuit/pure_pursuit.egg-info/dependency_links.txt
[8.695s] writing entry points to ../../../build/pure_pursuit/pure_pursuit.egg-info/entry_points.txt
[8.699s] writing requirements to ../../../build/pure_pursuit/pure_pursuit.egg-info/requires.txt
[8.703s] writing top-level names to ../../../build/pure_pursuit/pure_pursuit.egg-info/top_level.txt
[8.723s] reading manifest file '../../../build/pure_pursuit/pure_pursuit.egg-info/SOURCES.txt'
[8.735s] adding license file 'LICENSE'
[8.745s] writing manifest file '../../../build/pure_pursuit/pure_pursuit.egg-info/SOURCES.txt'
[8.749s] running build
[8.750s] running build_py
[8.752s] copying pure_pursuit/test_path.py -> /workspace/build/pure_pursuit/build/lib/pure_pursuit
[8.771s] running install
[8.783s] running install_lib
[8.792s] copying /workspace/build/pure_pursuit/build/lib/pure_pursuit/test_path.py -> /workspace/install/pure_pursuit/lib/python3.10/site-packages/pure_pursuit
[8.815s] byte-compiling /workspace/install/pure_pursuit/lib/python3.10/site-packages/pure_pursuit/test_path.py to test_path.cpython-310.pyc
[8.823s] running install_data
[8.829s] running install_egg_info
[8.842s] removing '/workspace/install/pure_pursuit/lib/python3.10/site-packages/pure_pursuit-0.0.0-py3.10.egg-info' (and everything under it)
[8.878s] Copying ../../../build/pure_pursuit/pure_pursuit.egg-info to /workspace/install/pure_pursuit/lib/python3.10/site-packages/pure_pursuit-0.0.0-py3.10.egg-info
[9.072s] running install_scripts
[9.231s] Installing pure_pursuit_node script to /workspace/install/pure_pursuit/lib/pure_pursuit
[9.235s] writing list of installed files to '/workspace/build/pure_pursuit/install.log'
[9.767s] Invoked command in '/workspace/ros2_ws/src/pure_pursuit' returned '0': PYTHONPATH=/workspace/build/pure_pursuit/prefix_override:/usr/lib/python3/dist-packages/colcon_core/task/python/colcon_distutils_commands:/workspace/install/pure_pursuit/lib/python3.10/site-packages:${PYTHONPATH} /usr/bin/python3 -W ignore:setup.py install is deprecated -W ignore:easy_install command is deprecated setup.py egg_info --egg-base ../../../build/pure_pursuit build --build-base /workspace/build/pure_pursuit/build install --record /workspace/build/pure_pursuit/install.log --install-scripts $base/lib/pure_pursuit --single-version-externally-managed install_data
