[4.512s] Invoking command in '/workspace/ros2_ws/src/pure_pursuit': PYTHONPATH=/workspace/build/pure_pursuit/prefix_override:/usr/lib/python3/dist-packages/colcon_core/task/python/colcon_distutils_commands:/workspace/install/pure_pursuit/lib/python3.10/site-packages:${PYTHONPATH} /usr/bin/python3 -W ignore:setup.py install is deprecated -W ignore:easy_install command is deprecated setup.py egg_info --egg-base ../../../build/pure_pursuit build --build-base /workspace/build/pure_pursuit/build install --record /workspace/build/pure_pursuit/install.log --install-scripts $base/lib/pure_pursuit --single-version-externally-managed install_data
[5.745s] running egg_info
[5.749s] writing ../../../build/pure_pursuit/pure_pursuit.egg-info/PKG-INFO
[5.759s] writing dependency_links to ../../../build/pure_pursuit/pure_pursuit.egg-info/dependency_links.txt
[5.770s] writing entry points to ../../../build/pure_pursuit/pure_pursuit.egg-info/entry_points.txt
[5.784s] writing requirements to ../../../build/pure_pursuit/pure_pursuit.egg-info/requires.txt
[5.788s] writing top-level names to ../../../build/pure_pursuit/pure_pursuit.egg-info/top_level.txt
[5.815s] reading manifest file '../../../build/pure_pursuit/pure_pursuit.egg-info/SOURCES.txt'
[5.818s] adding license file 'LICENSE'
[5.820s] writing manifest file '../../../build/pure_pursuit/pure_pursuit.egg-info/SOURCES.txt'
[5.828s] running build
[5.831s] running build_py
[5.834s] copying pure_pursuit/controller.py -> /workspace/build/pure_pursuit/build/lib/pure_pursuit
[5.848s] running install
[5.850s] running install_lib
[5.853s] copying /workspace/build/pure_pursuit/build/lib/pure_pursuit/controller.py -> /workspace/install/pure_pursuit/lib/python3.10/site-packages/pure_pursuit
[5.872s] byte-compiling /workspace/install/pure_pursuit/lib/python3.10/site-packages/pure_pursuit/controller.py to controller.cpython-310.pyc
[5.882s] running install_data
[5.885s] running install_egg_info
[5.896s] removing '/workspace/install/pure_pursuit/lib/python3.10/site-packages/pure_pursuit-0.0.0-py3.10.egg-info' (and everything under it)
[5.908s] Copying ../../../build/pure_pursuit/pure_pursuit.egg-info to /workspace/install/pure_pursuit/lib/python3.10/site-packages/pure_pursuit-0.0.0-py3.10.egg-info
[5.973s] running install_scripts
[6.141s] Installing pure_pursuit_node script to /workspace/install/pure_pursuit/lib/pure_pursuit
[6.144s] writing list of installed files to '/workspace/build/pure_pursuit/install.log'
[6.455s] Invoked command in '/workspace/ros2_ws/src/pure_pursuit' returned '0': PYTHONPATH=/workspace/build/pure_pursuit/prefix_override:/usr/lib/python3/dist-packages/colcon_core/task/python/colcon_distutils_commands:/workspace/install/pure_pursuit/lib/python3.10/site-packages:${PYTHONPATH} /usr/bin/python3 -W ignore:setup.py install is deprecated -W ignore:easy_install command is deprecated setup.py egg_info --egg-base ../../../build/pure_pursuit build --build-base /workspace/build/pure_pursuit/build install --record /workspace/build/pure_pursuit/install.log --install-scripts $base/lib/pure_pursuit --single-version-externally-managed install_data
