[16.864s] Invoking command in '/workspace/ros2_ws/src/localization': PYTHONPATH=/workspace/build/localization/prefix_override:/usr/lib/python3/dist-packages/colcon_core/task/python/colcon_distutils_commands:/workspace/install/localization/lib/python3.10/site-packages:${PYTHONPATH} /usr/bin/python3 -W ignore:setup.py install is deprecated -W ignore:easy_install command is deprecated setup.py egg_info --egg-base ../../../build/localization build --build-base /workspace/build/localization/build install --record /workspace/build/localization/install.log --install-scripts $base/lib/localization --single-version-externally-managed install_data
[19.690s] running egg_info
[19.693s] writing ../../../build/localization/localization.egg-info/PKG-INFO
[19.696s] writing dependency_links to ../../../build/localization/localization.egg-info/dependency_links.txt
[19.699s] writing entry points to ../../../build/localization/localization.egg-info/entry_points.txt
[19.701s] writing requirements to ../../../build/localization/localization.egg-info/requires.txt
[19.714s] writing top-level names to ../../../build/localization/localization.egg-info/top_level.txt
[19.815s] reading manifest file '../../../build/localization/localization.egg-info/SOURCES.txt'
[19.887s] adding license file 'LICENSE'
[19.888s] writing manifest file '../../../build/localization/localization.egg-info/SOURCES.txt'
[19.892s] running build
[19.893s] running build_py
[19.913s] running install
[19.914s] running install_lib
[20.076s] running install_data
[20.084s] running install_egg_info
[20.174s] removing '/workspace/install/localization/lib/python3.10/site-packages/localization-0.0.0-py3.10.egg-info' (and everything under it)
[20.184s] Copying ../../../build/localization/localization.egg-info to /workspace/install/localization/lib/python3.10/site-packages/localization-0.0.0-py3.10.egg-info
[20.441s] running install_scripts
[20.662s] Installing apriltag_node script to /workspace/install/localization/lib/localization
[20.669s] Installing localization_node script to /workspace/install/localization/lib/localization
[20.712s] writing list of installed files to '/workspace/build/localization/install.log'
[20.940s] Invoked command in '/workspace/ros2_ws/src/localization' returned '0': PYTHONPATH=/workspace/build/localization/prefix_override:/usr/lib/python3/dist-packages/colcon_core/task/python/colcon_distutils_commands:/workspace/install/localization/lib/python3.10/site-packages:${PYTHONPATH} /usr/bin/python3 -W ignore:setup.py install is deprecated -W ignore:easy_install command is deprecated setup.py egg_info --egg-base ../../../build/localization build --build-base /workspace/build/localization/build install --record /workspace/build/localization/install.log --install-scripts $base/lib/localization --single-version-externally-managed install_data
