[4.022s] Invoking command in '/workspace/ros2_ws/src/pure_pursuit': PYTHONPATH=/workspace/build/pure_pursuit/prefix_override:/usr/lib/python3/dist-packages/colcon_core/task/python/colcon_distutils_commands:/workspace/install/pure_pursuit/lib/python3.10/site-packages:${PYTHONPATH} /usr/bin/python3 -W ignore:setup.py install is deprecated -W ignore:easy_install command is deprecated setup.py egg_info --egg-base ../../../build/pure_pursuit build --build-base /workspace/build/pure_pursuit/build install --record /workspace/build/pure_pursuit/install.log --install-scripts $base/lib/pure_pursuit --single-version-externally-managed install_data
[4.789s] running egg_info
[4.793s] writing ../../../build/pure_pursuit/pure_pursuit.egg-info/PKG-INFO
[4.796s] writing dependency_links to ../../../build/pure_pursuit/pure_pursuit.egg-info/dependency_links.txt
[4.800s] writing entry points to ../../../build/pure_pursuit/pure_pursuit.egg-info/entry_points.txt
[4.804s] writing requirements to ../../../build/pure_pursuit/pure_pursuit.egg-info/requires.txt
[4.815s] writing top-level names to ../../../build/pure_pursuit/pure_pursuit.egg-info/top_level.txt
[4.834s] reading manifest file '../../../build/pure_pursuit/pure_pursuit.egg-info/SOURCES.txt'
[4.843s] adding license file 'LICENSE'
[4.847s] writing manifest file '../../../build/pure_pursuit/pure_pursuit.egg-info/SOURCES.txt'
[4.856s] running build
[4.860s] running build_py
[4.868s] copying pure_pursuit/controller.py -> /workspace/build/pure_pursuit/build/lib/pure_pursuit
[4.874s] running install
[4.877s] running install_lib
[4.887s] copying /workspace/build/pure_pursuit/build/lib/pure_pursuit/controller.py -> /workspace/install/pure_pursuit/lib/python3.10/site-packages/pure_pursuit
[4.893s] byte-compiling /workspace/install/pure_pursuit/lib/python3.10/site-packages/pure_pursuit/controller.py to controller.cpython-310.pyc
[4.898s] running install_data
[4.903s] running install_egg_info
[4.909s] removing '/workspace/install/pure_pursuit/lib/python3.10/site-packages/pure_pursuit-0.0.0-py3.10.egg-info' (and everything under it)
[4.912s] Copying ../../../build/pure_pursuit/pure_pursuit.egg-info to /workspace/install/pure_pursuit/lib/python3.10/site-packages/pure_pursuit-0.0.0-py3.10.egg-info
[4.956s] running install_scripts
[5.036s] Installing pure_pursuit_node script to /workspace/install/pure_pursuit/lib/pure_pursuit
[5.044s] writing list of installed files to '/workspace/build/pure_pursuit/install.log'
[5.220s] Invoked command in '/workspace/ros2_ws/src/pure_pursuit' returned '0': PYTHONPATH=/workspace/build/pure_pursuit/prefix_override:/usr/lib/python3/dist-packages/colcon_core/task/python/colcon_distutils_commands:/workspace/install/pure_pursuit/lib/python3.10/site-packages:${PYTHONPATH} /usr/bin/python3 -W ignore:setup.py install is deprecated -W ignore:easy_install command is deprecated setup.py egg_info --egg-base ../../../build/pure_pursuit build --build-base /workspace/build/pure_pursuit/build install --record /workspace/build/pure_pursuit/install.log --install-scripts $base/lib/pure_pursuit --single-version-externally-managed install_data
