[7.089s] Invoking command in '/workspace/ros2_ws/src/pure_pursuit': PYTHONPATH=/workspace/build/pure_pursuit/prefix_override:/usr/lib/python3/dist-packages/colcon_core/task/python/colcon_distutils_commands:/workspace/install/pure_pursuit/lib/python3.10/site-packages:${PYTHONPATH} /usr/bin/python3 -W ignore:setup.py install is deprecated -W ignore:easy_install command is deprecated setup.py egg_info --egg-base ../../../build/pure_pursuit build --build-base /workspace/build/pure_pursuit/build install --record /workspace/build/pure_pursuit/install.log --install-scripts $base/lib/pure_pursuit --single-version-externally-managed install_data
[8.433s] running egg_info
[8.442s] writing ../../../build/pure_pursuit/pure_pursuit.egg-info/PKG-INFO
[8.448s] writing dependency_links to ../../../build/pure_pursuit/pure_pursuit.egg-info/dependency_links.txt
[8.452s] writing entry points to ../../../build/pure_pursuit/pure_pursuit.egg-info/entry_points.txt
[8.476s] writing requirements to ../../../build/pure_pursuit/pure_pursuit.egg-info/requires.txt
[8.480s] writing top-level names to ../../../build/pure_pursuit/pure_pursuit.egg-info/top_level.txt
[8.521s] reading manifest file '../../../build/pure_pursuit/pure_pursuit.egg-info/SOURCES.txt'
[8.532s] adding license file 'LICENSE'
[8.534s] writing manifest file '../../../build/pure_pursuit/pure_pursuit.egg-info/SOURCES.txt'
[8.543s] running build
[8.545s] running build_py
[8.552s] copying pure_pursuit/pure_pursuit_node.py -> /workspace/build/pure_pursuit/build/lib/pure_pursuit
[8.553s] running install
[8.554s] running install_lib
[8.567s] copying /workspace/build/pure_pursuit/build/lib/pure_pursuit/pure_pursuit_node.py -> /workspace/install/pure_pursuit/lib/python3.10/site-packages/pure_pursuit
[8.591s] byte-compiling /workspace/install/pure_pursuit/lib/python3.10/site-packages/pure_pursuit/pure_pursuit_node.py to pure_pursuit_node.cpython-310.pyc
[8.608s] running install_data
[8.615s] running install_egg_info
[8.618s] removing '/workspace/install/pure_pursuit/lib/python3.10/site-packages/pure_pursuit-0.0.0-py3.10.egg-info' (and everything under it)
[8.654s] Copying ../../../build/pure_pursuit/pure_pursuit.egg-info to /workspace/install/pure_pursuit/lib/python3.10/site-packages/pure_pursuit-0.0.0-py3.10.egg-info
[8.783s] running install_scripts
[8.939s] Installing pure_pursuit_node script to /workspace/install/pure_pursuit/lib/pure_pursuit
[8.951s] writing list of installed files to '/workspace/build/pure_pursuit/install.log'
[9.161s] Invoked command in '/workspace/ros2_ws/src/pure_pursuit' returned '0': PYTHONPATH=/workspace/build/pure_pursuit/prefix_override:/usr/lib/python3/dist-packages/colcon_core/task/python/colcon_distutils_commands:/workspace/install/pure_pursuit/lib/python3.10/site-packages:${PYTHONPATH} /usr/bin/python3 -W ignore:setup.py install is deprecated -W ignore:easy_install command is deprecated setup.py egg_info --egg-base ../../../build/pure_pursuit build --build-base /workspace/build/pure_pursuit/build install --record /workspace/build/pure_pursuit/install.log --install-scripts $base/lib/pure_pursuit --single-version-externally-managed install_data
