[3.083s] Invoking command in '/workspace/ros2_ws/src/localization': PYTHONPATH=/workspace/ros2_ws/build/localization/prefix_override:/usr/lib/python3/dist-packages/colcon_core/task/python/colcon_distutils_commands:/workspace/ros2_ws/install/localization/lib/python3.10/site-packages:${PYTHONPATH} /usr/bin/python3 -W ignore:setup.py install is deprecated -W ignore:easy_install command is deprecated setup.py egg_info --egg-base ../../build/localization build --build-base /workspace/ros2_ws/build/localization/build install --record /workspace/ros2_ws/build/localization/install.log --install-scripts $base/lib/localization --single-version-externally-managed install_data
[4.075s] running egg_info
[4.077s] writing ../../build/localization/localization.egg-info/PKG-INFO
[4.086s] writing dependency_links to ../../build/localization/localization.egg-info/dependency_links.txt
[4.089s] writing entry points to ../../build/localization/localization.egg-info/entry_points.txt
[4.229s] writing requirements to ../../build/localization/localization.egg-info/requires.txt
[4.234s] writing top-level names to ../../build/localization/localization.egg-info/top_level.txt
[4.303s] reading manifest file '../../build/localization/localization.egg-info/SOURCES.txt'
[4.306s] adding license file 'LICENSE'
[4.315s] writing manifest file '../../build/localization/localization.egg-info/SOURCES.txt'
[4.316s] running build
[4.322s] running build_py
[4.332s] running install
[4.335s] running install_lib
[4.348s] running install_data
[4.354s] running install_egg_info
[4.357s] removing '/workspace/ros2_ws/install/localization/lib/python3.10/site-packages/localization-0.0.0-py3.10.egg-info' (and everything under it)
[4.366s] Copying ../../build/localization/localization.egg-info to /workspace/ros2_ws/install/localization/lib/python3.10/site-packages/localization-0.0.0-py3.10.egg-info
[4.437s] running install_scripts
[4.519s] Installing localization_node script to /workspace/ros2_ws/install/localization/lib/localization
[4.526s] writing list of installed files to '/workspace/ros2_ws/build/localization/install.log'
[4.608s] Invoked command in '/workspace/ros2_ws/src/localization' returned '0': PYTHONPATH=/workspace/ros2_ws/build/localization/prefix_override:/usr/lib/python3/dist-packages/colcon_core/task/python/colcon_distutils_commands:/workspace/ros2_ws/install/localization/lib/python3.10/site-packages:${PYTHONPATH} /usr/bin/python3 -W ignore:setup.py install is deprecated -W ignore:easy_install command is deprecated setup.py egg_info --egg-base ../../build/localization build --build-base /workspace/ros2_ws/build/localization/build install --record /workspace/ros2_ws/build/localization/install.log --install-scripts $base/lib/localization --single-version-externally-managed install_data
