[3.340s] Invoking command in '/workspace/ros2_ws/src/robot_sim': PYTHONPATH=/workspace/build/robot_sim/prefix_override:/usr/lib/python3/dist-packages/colcon_core/task/python/colcon_distutils_commands:/workspace/install/robot_sim/lib/python3.10/site-packages:${PYTHONPATH} /usr/bin/python3 -W ignore:setup.py install is deprecated -W ignore:easy_install command is deprecated setup.py egg_info --egg-base ../../../build/robot_sim build --build-base /workspace/build/robot_sim/build install --record /workspace/build/robot_sim/install.log --install-scripts $base/lib/robot_sim --single-version-externally-managed install_data
[3.882s] running egg_info
[3.887s] writing ../../../build/robot_sim/robot_sim.egg-info/PKG-INFO
[3.890s] writing dependency_links to ../../../build/robot_sim/robot_sim.egg-info/dependency_links.txt
[3.893s] writing entry points to ../../../build/robot_sim/robot_sim.egg-info/entry_points.txt
[3.895s] writing requirements to ../../../build/robot_sim/robot_sim.egg-info/requires.txt
[3.899s] writing top-level names to ../../../build/robot_sim/robot_sim.egg-info/top_level.txt
[3.909s] reading manifest file '../../../build/robot_sim/robot_sim.egg-info/SOURCES.txt'
[3.916s] writing manifest file '../../../build/robot_sim/robot_sim.egg-info/SOURCES.txt'
[3.918s] running build
[3.919s] running build_py
[3.923s] running install
[3.926s] running install_lib
[3.932s] running install_data
[3.937s] running install_egg_info
[3.939s] removing '/workspace/install/robot_sim/lib/python3.10/site-packages/robot_sim-0.0.0-py3.10.egg-info' (and everything under it)
[3.949s] Copying ../../../build/robot_sim/robot_sim.egg-info to /workspace/install/robot_sim/lib/python3.10/site-packages/robot_sim-0.0.0-py3.10.egg-info
[4.000s] running install_scripts
[4.105s] Installing simulator script to /workspace/install/robot_sim/lib/robot_sim
[4.111s] writing list of installed files to '/workspace/build/robot_sim/install.log'
[4.186s] Invoked command in '/workspace/ros2_ws/src/robot_sim' returned '0': PYTHONPATH=/workspace/build/robot_sim/prefix_override:/usr/lib/python3/dist-packages/colcon_core/task/python/colcon_distutils_commands:/workspace/install/robot_sim/lib/python3.10/site-packages:${PYTHONPATH} /usr/bin/python3 -W ignore:setup.py install is deprecated -W ignore:easy_install command is deprecated setup.py egg_info --egg-base ../../../build/robot_sim build --build-base /workspace/build/robot_sim/build install --record /workspace/build/robot_sim/install.log --install-scripts $base/lib/robot_sim --single-version-externally-managed install_data
