[4.082s] Invoking command in '/workspace/build/robot_sim': PYTHONPATH=/workspace/build/robot_sim/prefix_override:/usr/lib/python3/dist-packages/colcon_core/task/python/colcon_distutils_commands:/workspace/install/robot_sim/lib/python3.10/site-packages:${PYTHONPATH} /usr/bin/python3 -W ignore:setup.py install is deprecated -W ignore:easy_install command is deprecated setup.py develop --uninstall --editable --build-directory /workspace/build/robot_sim/build
[4.937s] running develop
[5.500s] Removing /workspace/install/robot_sim/lib/python3.10/site-packages/robot-sim.egg-link (link to .)
[5.577s] Invoked command in '/workspace/build/robot_sim' returned '0': PYTHONPATH=/workspace/build/robot_sim/prefix_override:/usr/lib/python3/dist-packages/colcon_core/task/python/colcon_distutils_commands:/workspace/install/robot_sim/lib/python3.10/site-packages:${PYTHONPATH} /usr/bin/python3 -W ignore:setup.py install is deprecated -W ignore:easy_install command is deprecated setup.py develop --uninstall --editable --build-directory /workspace/build/robot_sim/build
[5.587s] Invoking command in '/workspace/ros2_ws/src/robot_sim': PYTHONPATH=/workspace/build/robot_sim/prefix_override:/usr/lib/python3/dist-packages/colcon_core/task/python/colcon_distutils_commands:/workspace/install/robot_sim/lib/python3.10/site-packages:${PYTHONPATH} /usr/bin/python3 -W ignore:setup.py install is deprecated -W ignore:easy_install command is deprecated setup.py egg_info --egg-base ../../../build/robot_sim build --build-base /workspace/build/robot_sim/build install --record /workspace/build/robot_sim/install.log --install-scripts $base/lib/robot_sim --single-version-externally-managed install_data --force
[6.355s] running egg_info
[6.360s] writing ../../../build/robot_sim/robot_sim.egg-info/PKG-INFO
[6.364s] writing dependency_links to ../../../build/robot_sim/robot_sim.egg-info/dependency_links.txt
[6.380s] writing entry points to ../../../build/robot_sim/robot_sim.egg-info/entry_points.txt
[6.387s] writing requirements to ../../../build/robot_sim/robot_sim.egg-info/requires.txt
[6.390s] writing top-level names to ../../../build/robot_sim/robot_sim.egg-info/top_level.txt
[6.403s] reading manifest file '../../../build/robot_sim/robot_sim.egg-info/SOURCES.txt'
[6.417s] writing manifest file '../../../build/robot_sim/robot_sim.egg-info/SOURCES.txt'
[6.419s] running build
[6.421s] running build_py
[6.427s] running install
[6.460s] running install_lib
[6.468s] creating /workspace/install/robot_sim/lib/python3.10/site-packages/robot_sim
[6.472s] copying /workspace/build/robot_sim/build/lib/robot_sim/__init__.py -> /workspace/install/robot_sim/lib/python3.10/site-packages/robot_sim
[6.514s] copying /workspace/build/robot_sim/build/lib/robot_sim/simulator.py -> /workspace/install/robot_sim/lib/python3.10/site-packages/robot_sim
[6.537s] byte-compiling /workspace/install/robot_sim/lib/python3.10/site-packages/robot_sim/__init__.py to __init__.cpython-310.pyc
[6.547s] byte-compiling /workspace/install/robot_sim/lib/python3.10/site-packages/robot_sim/simulator.py to simulator.cpython-310.pyc
[6.560s] running install_data
[6.562s] copying resource/robot_sim -> /workspace/install/robot_sim/share/ament_index/resource_index/packages
[6.594s] copying package.xml -> /workspace/install/robot_sim/share/robot_sim
[6.604s] running install_egg_info
[6.610s] Copying ../../../build/robot_sim/robot_sim.egg-info to /workspace/install/robot_sim/lib/python3.10/site-packages/robot_sim-0.0.0-py3.10.egg-info
[6.652s] running install_scripts
[6.693s] Installing simulator script to /workspace/install/robot_sim/lib/robot_sim
[6.697s] writing list of installed files to '/workspace/build/robot_sim/install.log'
[6.809s] Invoked command in '/workspace/ros2_ws/src/robot_sim' returned '0': PYTHONPATH=/workspace/build/robot_sim/prefix_override:/usr/lib/python3/dist-packages/colcon_core/task/python/colcon_distutils_commands:/workspace/install/robot_sim/lib/python3.10/site-packages:${PYTHONPATH} /usr/bin/python3 -W ignore:setup.py install is deprecated -W ignore:easy_install command is deprecated setup.py egg_info --egg-base ../../../build/robot_sim build --build-base /workspace/build/robot_sim/build install --record /workspace/build/robot_sim/install.log --install-scripts $base/lib/robot_sim --single-version-externally-managed install_data --force
