[5.084s] Invoking command in '/workspace/ros2_ws/src/localization': PYTHONPATH=/workspace/build/localization/prefix_override:/usr/lib/python3/dist-packages/colcon_core/task/python/colcon_distutils_commands:/workspace/install/localization/lib/python3.10/site-packages:${PYTHONPATH} /usr/bin/python3 -W ignore:setup.py install is deprecated -W ignore:easy_install command is deprecated setup.py egg_info --egg-base ../../../build/localization build --build-base /workspace/build/localization/build install --record /workspace/build/localization/install.log --install-scripts $base/lib/localization --single-version-externally-managed install_data
[6.070s] running egg_info
[6.073s] writing ../../../build/localization/localization.egg-info/PKG-INFO
[6.080s] writing dependency_links to ../../../build/localization/localization.egg-info/dependency_links.txt
[6.084s] writing entry points to ../../../build/localization/localization.egg-info/entry_points.txt
[6.090s] writing requirements to ../../../build/localization/localization.egg-info/requires.txt
[6.093s] writing top-level names to ../../../build/localization/localization.egg-info/top_level.txt
[6.127s] reading manifest file '../../../build/localization/localization.egg-info/SOURCES.txt'
[6.136s] adding license file 'LICENSE'
[6.140s] writing manifest file '../../../build/localization/localization.egg-info/SOURCES.txt'
[6.144s] running build
[6.152s] running build_py
[6.187s] running install
[6.188s] running install_lib
[6.212s] running install_data
[6.214s] running install_egg_info
[6.224s] removing '/workspace/install/localization/lib/python3.10/site-packages/localization-0.0.0-py3.10.egg-info' (and everything under it)
[6.264s] Copying ../../../build/localization/localization.egg-info to /workspace/install/localization/lib/python3.10/site-packages/localization-0.0.0-py3.10.egg-info
[6.351s] running install_scripts
[6.467s] Installing apriltag_node script to /workspace/install/localization/lib/localization
[6.477s] Installing localization_node script to /workspace/install/localization/lib/localization
[6.487s] writing list of installed files to '/workspace/build/localization/install.log'
[6.713s] Invoked command in '/workspace/ros2_ws/src/localization' returned '0': PYTHONPATH=/workspace/build/localization/prefix_override:/usr/lib/python3/dist-packages/colcon_core/task/python/colcon_distutils_commands:/workspace/install/localization/lib/python3.10/site-packages:${PYTHONPATH} /usr/bin/python3 -W ignore:setup.py install is deprecated -W ignore:easy_install command is deprecated setup.py egg_info --egg-base ../../../build/localization build --build-base /workspace/build/localization/build install --record /workspace/build/localization/install.log --install-scripts $base/lib/localization --single-version-externally-managed install_data
