[1.731s] Invoking command in '/workspace/ros2_ws/src/robot_sim': PYTHONPATH=/workspace/build/robot_sim/prefix_override:/usr/lib/python3/dist-packages/colcon_core/task/python/colcon_distutils_commands:/workspace/install/robot_sim/lib/python3.10/site-packages:${PYTHONPATH} /usr/bin/python3 -W ignore:setup.py install is deprecated -W ignore:easy_install command is deprecated setup.py egg_info --egg-base ../../../build/robot_sim build --build-base /workspace/build/robot_sim/build install --record /workspace/build/robot_sim/install.log --install-scripts $base/lib/robot_sim --single-version-externally-managed install_data
[2.440s] running egg_info
[2.443s] writing ../../../build/robot_sim/robot_sim.egg-info/PKG-INFO
[2.450s] writing dependency_links to ../../../build/robot_sim/robot_sim.egg-info/dependency_links.txt
[2.453s] writing entry points to ../../../build/robot_sim/robot_sim.egg-info/entry_points.txt
[2.455s] writing requirements to ../../../build/robot_sim/robot_sim.egg-info/requires.txt
[2.456s] writing top-level names to ../../../build/robot_sim/robot_sim.egg-info/top_level.txt
[2.470s] reading manifest file '../../../build/robot_sim/robot_sim.egg-info/SOURCES.txt'
[2.478s] writing manifest file '../../../build/robot_sim/robot_sim.egg-info/SOURCES.txt'
[2.481s] running build
[2.483s] running build_py
[2.493s] running install
[2.494s] running install_lib
[2.498s] running install_data
[2.499s] running install_egg_info
[2.502s] removing '/workspace/install/robot_sim/lib/python3.10/site-packages/robot_sim-0.0.0-py3.10.egg-info' (and everything under it)
[2.512s] Copying ../../../build/robot_sim/robot_sim.egg-info to /workspace/install/robot_sim/lib/python3.10/site-packages/robot_sim-0.0.0-py3.10.egg-info
[2.543s] running install_scripts
[2.600s] Installing simulator script to /workspace/install/robot_sim/lib/robot_sim
[2.605s] writing list of installed files to '/workspace/build/robot_sim/install.log'
[2.801s] Invoked command in '/workspace/ros2_ws/src/robot_sim' returned '0': PYTHONPATH=/workspace/build/robot_sim/prefix_override:/usr/lib/python3/dist-packages/colcon_core/task/python/colcon_distutils_commands:/workspace/install/robot_sim/lib/python3.10/site-packages:${PYTHONPATH} /usr/bin/python3 -W ignore:setup.py install is deprecated -W ignore:easy_install command is deprecated setup.py egg_info --egg-base ../../../build/robot_sim build --build-base /workspace/build/robot_sim/build install --record /workspace/build/robot_sim/install.log --install-scripts $base/lib/robot_sim --single-version-externally-managed install_data
