[2.207s] Invoking command in '/workspace/ros2_ws/src/localization': PYTHONPATH=/workspace/ros2_ws/build/localization/prefix_override:/usr/lib/python3/dist-packages/colcon_core/task/python/colcon_distutils_commands:/workspace/ros2_ws/install/localization/lib/python3.10/site-packages:${PYTHONPATH} /usr/bin/python3 -W ignore:setup.py install is deprecated -W ignore:easy_install command is deprecated setup.py egg_info --egg-base ../../build/localization build --build-base /workspace/ros2_ws/build/localization/build install --record /workspace/ros2_ws/build/localization/install.log --install-scripts $base/lib/localization --single-version-externally-managed install_data
[2.727s] running egg_info
[2.728s] writing ../../build/localization/localization.egg-info/PKG-INFO
[2.734s] writing dependency_links to ../../build/localization/localization.egg-info/dependency_links.txt
[2.739s] writing entry points to ../../build/localization/localization.egg-info/entry_points.txt
[2.745s] writing requirements to ../../build/localization/localization.egg-info/requires.txt
[2.747s] writing top-level names to ../../build/localization/localization.egg-info/top_level.txt
[2.765s] reading manifest file '../../build/localization/localization.egg-info/SOURCES.txt'
[2.770s] adding license file 'LICENSE'
[2.772s] writing manifest file '../../build/localization/localization.egg-info/SOURCES.txt'
[2.774s] running build
[2.776s] running build_py
[2.790s] running install
[2.796s] running install_lib
[2.816s] running install_data
[2.820s] running install_egg_info
[2.821s] removing '/workspace/ros2_ws/install/localization/lib/python3.10/site-packages/localization-0.0.0-py3.10.egg-info' (and everything under it)
[2.825s] Copying ../../build/localization/localization.egg-info to /workspace/ros2_ws/install/localization/lib/python3.10/site-packages/localization-0.0.0-py3.10.egg-info
[2.882s] running install_scripts
[2.945s] Installing localization_node script to /workspace/ros2_ws/install/localization/lib/localization
[2.952s] writing list of installed files to '/workspace/ros2_ws/build/localization/install.log'
[3.101s] Invoked command in '/workspace/ros2_ws/src/localization' returned '0': PYTHONPATH=/workspace/ros2_ws/build/localization/prefix_override:/usr/lib/python3/dist-packages/colcon_core/task/python/colcon_distutils_commands:/workspace/ros2_ws/install/localization/lib/python3.10/site-packages:${PYTHONPATH} /usr/bin/python3 -W ignore:setup.py install is deprecated -W ignore:easy_install command is deprecated setup.py egg_info --egg-base ../../build/localization build --build-base /workspace/ros2_ws/build/localization/build install --record /workspace/ros2_ws/build/localization/install.log --install-scripts $base/lib/localization --single-version-externally-managed install_data
