[9.433s] Invoking command in '/workspace/ros2_ws/src/localization': PYTHONPATH=/workspace/build/localization/prefix_override:/usr/lib/python3/dist-packages/colcon_core/task/python/colcon_distutils_commands:/workspace/install/localization/lib/python3.10/site-packages:${PYTHONPATH} /usr/bin/python3 -W ignore:setup.py install is deprecated -W ignore:easy_install command is deprecated setup.py egg_info --egg-base ../../../build/localization build --build-base /workspace/build/localization/build install --record /workspace/build/localization/install.log --install-scripts $base/lib/localization --single-version-externally-managed install_data
[10.736s] running egg_info
[10.743s] writing ../../../build/localization/localization.egg-info/PKG-INFO
[10.770s] writing dependency_links to ../../../build/localization/localization.egg-info/dependency_links.txt
[10.794s] writing entry points to ../../../build/localization/localization.egg-info/entry_points.txt
[10.804s] writing requirements to ../../../build/localization/localization.egg-info/requires.txt
[10.837s] writing top-level names to ../../../build/localization/localization.egg-info/top_level.txt
[10.938s] reading manifest file '../../../build/localization/localization.egg-info/SOURCES.txt'
[10.970s] adding license file 'LICENSE'
[11.063s] writing manifest file '../../../build/localization/localization.egg-info/SOURCES.txt'
[11.075s] running build
[11.078s] running build_py
[11.116s] running install
[11.120s] running install_lib
[11.173s] running install_data
[11.199s] running install_egg_info
[11.256s] removing '/workspace/install/localization/lib/python3.10/site-packages/localization-0.0.0-py3.10.egg-info' (and everything under it)
[11.280s] Copying ../../../build/localization/localization.egg-info to /workspace/install/localization/lib/python3.10/site-packages/localization-0.0.0-py3.10.egg-info
[11.317s] running install_scripts
[11.427s] Installing apriltag_node script to /workspace/install/localization/lib/localization
[11.429s] Installing localization_node script to /workspace/install/localization/lib/localization
[11.436s] writing list of installed files to '/workspace/build/localization/install.log'
[11.692s] Invoked command in '/workspace/ros2_ws/src/localization' returned '0': PYTHONPATH=/workspace/build/localization/prefix_override:/usr/lib/python3/dist-packages/colcon_core/task/python/colcon_distutils_commands:/workspace/install/localization/lib/python3.10/site-packages:${PYTHONPATH} /usr/bin/python3 -W ignore:setup.py install is deprecated -W ignore:easy_install command is deprecated setup.py egg_info --egg-base ../../../build/localization build --build-base /workspace/build/localization/build install --record /workspace/build/localization/install.log --install-scripts $base/lib/localization --single-version-externally-managed install_data
