running develop
running egg_info
creating launch.egg-info
writing launch.egg-info/PKG-INFO
writing dependency_links to launch.egg-info/dependency_links.txt
writing entry points to launch.egg-info/entry_points.txt
writing requirements to launch.egg-info/requires.txt
writing top-level names to launch.egg-info/top_level.txt
writing manifest file 'launch.egg-info/SOURCES.txt'
reading manifest file 'launch.egg-info/SOURCES.txt'
writing manifest file 'launch.egg-info/SOURCES.txt'
running build_ext
Creating /workspace/ros2_ws/install/launch/lib/python3.10/site-packages/launch.egg-link (link to .)

Installed /workspace/ros2_ws/build/launch
running symlink_data
creating /workspace/ros2_ws/install/launch/share/ament_index
creating /workspace/ros2_ws/install/launch/share/ament_index/resource_index
creating /workspace/ros2_ws/install/launch/share/ament_index/resource_index/packages
symbolically linking /workspace/ros2_ws/build/launch/resource/launch -> /workspace/ros2_ws/install/launch/share/ament_index/resource_index/packages
symbolically linking /workspace/ros2_ws/build/launch/package.xml -> /workspace/ros2_ws/install/launch/share/launch
