[9.991s] Invoking command in '/workspace/ros2_ws/src/robot_sim': PYTHONPATH=/workspace/build/robot_sim/prefix_override:/usr/lib/python3/dist-packages/colcon_core/task/python/colcon_distutils_commands:/workspace/install/robot_sim/lib/python3.10/site-packages:${PYTHONPATH} /usr/bin/python3 -W ignore:setup.py install is deprecated -W ignore:easy_install command is deprecated setup.py egg_info --egg-base ../../../build/robot_sim build --build-base /workspace/build/robot_sim/build install --record /workspace/build/robot_sim/install.log --install-scripts $base/lib/robot_sim --single-version-externally-managed install_data
[11.178s] running egg_info
[11.194s] writing ../../../build/robot_sim/robot_sim.egg-info/PKG-INFO
[11.201s] writing dependency_links to ../../../build/robot_sim/robot_sim.egg-info/dependency_links.txt
[11.205s] writing entry points to ../../../build/robot_sim/robot_sim.egg-info/entry_points.txt
[11.213s] writing requirements to ../../../build/robot_sim/robot_sim.egg-info/requires.txt
[11.216s] writing top-level names to ../../../build/robot_sim/robot_sim.egg-info/top_level.txt
[11.222s] reading manifest file '../../../build/robot_sim/robot_sim.egg-info/SOURCES.txt'
[11.233s] writing manifest file '../../../build/robot_sim/robot_sim.egg-info/SOURCES.txt'
[11.238s] running build
[11.242s] running build_py
[11.249s] running install
[11.250s] running install_lib
[11.251s] running install_data
[11.256s] running install_egg_info
[11.261s] removing '/workspace/install/robot_sim/lib/python3.10/site-packages/robot_sim-0.0.0-py3.10.egg-info' (and everything under it)
[11.264s] Copying ../../../build/robot_sim/robot_sim.egg-info to /workspace/install/robot_sim/lib/python3.10/site-packages/robot_sim-0.0.0-py3.10.egg-info
[11.435s] running install_scripts
[11.517s] Installing simulator script to /workspace/install/robot_sim/lib/robot_sim
[11.552s] writing list of installed files to '/workspace/build/robot_sim/install.log'
[11.974s] Invoked command in '/workspace/ros2_ws/src/robot_sim' returned '0': PYTHONPATH=/workspace/build/robot_sim/prefix_override:/usr/lib/python3/dist-packages/colcon_core/task/python/colcon_distutils_commands:/workspace/install/robot_sim/lib/python3.10/site-packages:${PYTHONPATH} /usr/bin/python3 -W ignore:setup.py install is deprecated -W ignore:easy_install command is deprecated setup.py egg_info --egg-base ../../../build/robot_sim build --build-base /workspace/build/robot_sim/build install --record /workspace/build/robot_sim/install.log --install-scripts $base/lib/robot_sim --single-version-externally-managed install_data
