/workspace/install/localization/lib/python3.10/site-packages/localization/detector.py
/workspace/install/localization/lib/python3.10/site-packages/localization/apriltag_node.py
/workspace/install/localization/lib/python3.10/site-packages/localization/config.py
/workspace/install/localization/lib/python3.10/site-packages/localization/localization_node.py
/workspace/install/localization/lib/python3.10/site-packages/localization/__init__.py
/workspace/install/localization/lib/python3.10/site-packages/localization/apriltag.py
/workspace/install/localization/lib/python3.10/site-packages/localization/model.py
/workspace/install/localization/lib/python3.10/site-packages/localization/camera.py
/workspace/install/localization/lib/python3.10/site-packages/localization/utils.py
/workspace/install/localization/lib/python3.10/site-packages/localization/world_frame.py
/workspace/install/localization/lib/python3.10/site-packages/localization/robot_detector_model/transforms.py
/workspace/install/localization/lib/python3.10/site-packages/localization/robot_detector_model/__init__.py
/workspace/install/localization/lib/python3.10/site-packages/localization/robot_detector_model/val_accuracy.py
/workspace/install/localization/lib/python3.10/site-packages/localization/robot_detector_model/model.py
/workspace/install/localization/lib/python3.10/site-packages/localization/robot_detector_model/dataset.py
/workspace/install/localization/lib/python3.10/site-packages/localization/robot_detector_model/loss_function.py
/workspace/install/localization/lib/python3.10/site-packages/localization/robot_detector_model/eval.py
/workspace/install/localization/lib/python3.10/site-packages/localization/robot_detector_model/training.py
/workspace/install/localization/lib/python3.10/site-packages/localization/__pycache__/detector.cpython-310.pyc
/workspace/install/localization/lib/python3.10/site-packages/localization/__pycache__/apriltag_node.cpython-310.pyc
/workspace/install/localization/lib/python3.10/site-packages/localization/__pycache__/config.cpython-310.pyc
/workspace/install/localization/lib/python3.10/site-packages/localization/__pycache__/localization_node.cpython-310.pyc
/workspace/install/localization/lib/python3.10/site-packages/localization/__pycache__/__init__.cpython-310.pyc
/workspace/install/localization/lib/python3.10/site-packages/localization/__pycache__/apriltag.cpython-310.pyc
/workspace/install/localization/lib/python3.10/site-packages/localization/__pycache__/model.cpython-310.pyc
/workspace/install/localization/lib/python3.10/site-packages/localization/__pycache__/camera.cpython-310.pyc
/workspace/install/localization/lib/python3.10/site-packages/localization/__pycache__/utils.cpython-310.pyc
/workspace/install/localization/lib/python3.10/site-packages/localization/__pycache__/world_frame.cpython-310.pyc
/workspace/install/localization/lib/python3.10/site-packages/localization/robot_detector_model/__pycache__/transforms.cpython-310.pyc
/workspace/install/localization/lib/python3.10/site-packages/localization/robot_detector_model/__pycache__/__init__.cpython-310.pyc
/workspace/install/localization/lib/python3.10/site-packages/localization/robot_detector_model/__pycache__/val_accuracy.cpython-310.pyc
/workspace/install/localization/lib/python3.10/site-packages/localization/robot_detector_model/__pycache__/model.cpython-310.pyc
/workspace/install/localization/lib/python3.10/site-packages/localization/robot_detector_model/__pycache__/dataset.cpython-310.pyc
/workspace/install/localization/lib/python3.10/site-packages/localization/robot_detector_model/__pycache__/loss_function.cpython-310.pyc
/workspace/install/localization/lib/python3.10/site-packages/localization/robot_detector_model/__pycache__/eval.cpython-310.pyc
/workspace/install/localization/lib/python3.10/site-packages/localization/robot_detector_model/__pycache__/training.cpython-310.pyc
/workspace/install/localization/share/ament_index/resource_index/packages/localization
/workspace/install/localization/share/localization/package.xml
/workspace/install/localization/share/localization/launch/localization_bringup.launch.py
/workspace/install/localization/lib/python3.10/site-packages/localization-0.0.0-py3.10.egg-info/PKG-INFO
/workspace/install/localization/lib/python3.10/site-packages/localization-0.0.0-py3.10.egg-info/zip-safe
/workspace/install/localization/lib/python3.10/site-packages/localization-0.0.0-py3.10.egg-info/SOURCES.txt
/workspace/install/localization/lib/python3.10/site-packages/localization-0.0.0-py3.10.egg-info/entry_points.txt
/workspace/install/localization/lib/python3.10/site-packages/localization-0.0.0-py3.10.egg-info/requires.txt
/workspace/install/localization/lib/python3.10/site-packages/localization-0.0.0-py3.10.egg-info/top_level.txt
/workspace/install/localization/lib/python3.10/site-packages/localization-0.0.0-py3.10.egg-info/dependency_links.txt
/workspace/install/localization/lib/localization/apriltag_node
/workspace/install/localization/lib/localization/localization_node
