[13.718s] Invoking command in '/workspace/ros2_ws/src/robot_sim': PYTHONPATH=/workspace/build/robot_sim/prefix_override:/usr/lib/python3/dist-packages/colcon_core/task/python/colcon_distutils_commands:/workspace/install/robot_sim/lib/python3.10/site-packages:${PYTHONPATH} /usr/bin/python3 -W ignore:setup.py install is deprecated -W ignore:easy_install command is deprecated setup.py egg_info --egg-base ../../../build/robot_sim build --build-base /workspace/build/robot_sim/build install --record /workspace/build/robot_sim/install.log --install-scripts $base/lib/robot_sim --single-version-externally-managed install_data
[15.921s] running egg_info
[15.926s] writing ../../../build/robot_sim/robot_sim.egg-info/PKG-INFO
[15.938s] writing dependency_links to ../../../build/robot_sim/robot_sim.egg-info/dependency_links.txt
[15.965s] writing entry points to ../../../build/robot_sim/robot_sim.egg-info/entry_points.txt
[15.976s] writing requirements to ../../../build/robot_sim/robot_sim.egg-info/requires.txt
[15.978s] writing top-level names to ../../../build/robot_sim/robot_sim.egg-info/top_level.txt
[15.980s] reading manifest file '../../../build/robot_sim/robot_sim.egg-info/SOURCES.txt'
[15.992s] writing manifest file '../../../build/robot_sim/robot_sim.egg-info/SOURCES.txt'
[15.996s] running build
[16.044s] running build_py
[16.058s] running install
[16.060s] running install_lib
[16.076s] running install_data
[16.080s] running install_egg_info
[16.086s] removing '/workspace/install/robot_sim/lib/python3.10/site-packages/robot_sim-0.0.0-py3.10.egg-info' (and everything under it)
[16.095s] Copying ../../../build/robot_sim/robot_sim.egg-info to /workspace/install/robot_sim/lib/python3.10/site-packages/robot_sim-0.0.0-py3.10.egg-info
[16.241s] running install_scripts
[16.514s] Installing simulator script to /workspace/install/robot_sim/lib/robot_sim
[16.545s] writing list of installed files to '/workspace/build/robot_sim/install.log'
[16.907s] Invoked command in '/workspace/ros2_ws/src/robot_sim' returned '0': PYTHONPATH=/workspace/build/robot_sim/prefix_override:/usr/lib/python3/dist-packages/colcon_core/task/python/colcon_distutils_commands:/workspace/install/robot_sim/lib/python3.10/site-packages:${PYTHONPATH} /usr/bin/python3 -W ignore:setup.py install is deprecated -W ignore:easy_install command is deprecated setup.py egg_info --egg-base ../../../build/robot_sim build --build-base /workspace/build/robot_sim/build install --record /workspace/build/robot_sim/install.log --install-scripts $base/lib/robot_sim --single-version-externally-managed install_data
