[7.294s] Invoking command in '/workspace/ros2_ws/src/localization': PYTHONPATH=/workspace/build/localization/prefix_override:/usr/lib/python3/dist-packages/colcon_core/task/python/colcon_distutils_commands:/workspace/install/localization/lib/python3.10/site-packages:${PYTHONPATH} /usr/bin/python3 -W ignore:setup.py install is deprecated -W ignore:easy_install command is deprecated setup.py egg_info --egg-base ../../../build/localization build --build-base /workspace/build/localization/build install --record /workspace/build/localization/install.log --install-scripts $base/lib/localization --single-version-externally-managed install_data
[10.369s] running egg_info
[10.381s] writing ../../../build/localization/localization.egg-info/PKG-INFO
[10.392s] writing dependency_links to ../../../build/localization/localization.egg-info/dependency_links.txt
[10.403s] writing entry points to ../../../build/localization/localization.egg-info/entry_points.txt
[10.423s] writing requirements to ../../../build/localization/localization.egg-info/requires.txt
[10.428s] writing top-level names to ../../../build/localization/localization.egg-info/top_level.txt
[10.500s] reading manifest file '../../../build/localization/localization.egg-info/SOURCES.txt'
[10.524s] adding license file 'LICENSE'
[10.536s] writing manifest file '../../../build/localization/localization.egg-info/SOURCES.txt'
[10.545s] running build
[10.553s] running build_py
[10.581s] running install
[10.591s] running install_lib
[10.601s] running install_data
[10.623s] running install_egg_info
[10.635s] removing '/workspace/install/localization/lib/python3.10/site-packages/localization-0.0.0-py3.10.egg-info' (and everything under it)
[10.670s] Copying ../../../build/localization/localization.egg-info to /workspace/install/localization/lib/python3.10/site-packages/localization-0.0.0-py3.10.egg-info
[11.481s] running install_scripts
[12.791s] Installing localization_node script to /workspace/install/localization/lib/localization
[12.836s] writing list of installed files to '/workspace/build/localization/install.log'
[13.062s] Invoked command in '/workspace/ros2_ws/src/localization' returned '0': PYTHONPATH=/workspace/build/localization/prefix_override:/usr/lib/python3/dist-packages/colcon_core/task/python/colcon_distutils_commands:/workspace/install/localization/lib/python3.10/site-packages:${PYTHONPATH} /usr/bin/python3 -W ignore:setup.py install is deprecated -W ignore:easy_install command is deprecated setup.py egg_info --egg-base ../../../build/localization build --build-base /workspace/build/localization/build install --record /workspace/build/localization/install.log --install-scripts $base/lib/localization --single-version-externally-managed install_data
