[0.453s] DEBUG:colcon:Command line arguments: ['/usr/bin/colcon', 'build']
[0.454s] DEBUG:colcon:Parsed command line arguments: Namespace(log_base=None, log_level=None, verb_name='build', build_base='build', install_base='install', merge_install=False, symlink_install=False, test_result_base=None, continue_on_error=False, executor='parallel', parallel_workers=8, event_handlers=None, ignore_user_meta=False, metas=['./colcon.meta'], base_paths=['.'], packages_ignore=None, packages_ignore_regex=None, paths=None, packages_up_to=None, packages_up_to_regex=None, packages_above=None, packages_above_and_dependencies=None, packages_above_depth=None, packages_select_by_dep=None, packages_skip_by_dep=None, packages_skip_up_to=None, packages_select_build_failed=False, packages_skip_build_finished=False, packages_select_test_failures=False, packages_skip_test_passed=False, packages_select=None, packages_skip=None, packages_select_regex=None, packages_skip_regex=None, packages_start=None, packages_end=None, cmake_args=None, cmake_target=None, cmake_target_skip_unavailable=False, cmake_clean_cache=False, cmake_clean_first=False, cmake_force_configure=False, ament_cmake_args=None, catkin_cmake_args=None, catkin_skip_building_tests=False, mixin_files=None, mixin=None, verb_parser=<colcon_mixin.mixin.mixin_argument.MixinArgumentDecorator object at 0x7fef0675cdc0>, verb_extension=<colcon_core.verb.build.BuildVerb object at 0x7fef06871ff0>, main=<bound method BuildVerb.main of <colcon_core.verb.build.BuildVerb object at 0x7fef06871ff0>>, mixin_verb=('build',))
[0.974s] Level 1:colcon.colcon_core.package_discovery:discover_packages(colcon_meta) check parameters
[0.976s] INFO:colcon.colcon_metadata.package_discovery.colcon_meta:Using configuration from '/root/.colcon/metadata/default/Gazebo.meta'
[0.978s] INFO:colcon.colcon_metadata.package_discovery.colcon_meta:Using configuration from '/root/.colcon/metadata/default/fastdds.meta'
[0.980s] INFO:colcon.colcon_metadata.package_discovery.colcon_meta:Using configuration from '/root/.colcon/metadata/default/fastrtps.meta'
[0.980s] Level 1:colcon.colcon_core.package_discovery:discover_packages(recursive) check parameters
[0.981s] Level 1:colcon.colcon_core.package_discovery:discover_packages(ignore) check parameters
[0.981s] Level 1:colcon.colcon_core.package_discovery:discover_packages(path) check parameters
[0.982s] Level 1:colcon.colcon_core.package_discovery:discover_packages(colcon_meta) discover
[0.982s] Level 1:colcon.colcon_core.package_discovery:discover_packages(recursive) discover
[0.983s] INFO:colcon.colcon_core.package_discovery:Crawling recursively for packages in '/workspace/ros2_ws'
[0.984s] Level 1:colcon.colcon_core.package_identification:_identify(.) by extensions ['ignore', 'ignore_ament_install']
[0.985s] Level 1:colcon.colcon_core.package_identification:_identify(.) by extension 'ignore'
[0.985s] Level 1:colcon.colcon_core.package_identification:_identify(.) by extension 'ignore_ament_install'
[0.986s] Level 1:colcon.colcon_core.package_identification:_identify(.) by extensions ['colcon_pkg']
[0.986s] Level 1:colcon.colcon_core.package_identification:_identify(.) by extension 'colcon_pkg'
[0.987s] Level 1:colcon.colcon_core.package_identification:_identify(.) by extensions ['colcon_meta']
[0.987s] Level 1:colcon.colcon_core.package_identification:_identify(.) by extension 'colcon_meta'
[0.988s] Level 1:colcon.colcon_core.package_identification:_identify(.) by extensions ['ros']
[0.988s] Level 1:colcon.colcon_core.package_identification:_identify(.) by extension 'ros'
[1.080s] Level 1:colcon.colcon_core.package_identification:_identify(.) by extensions ['cmake', 'python']
[1.080s] Level 1:colcon.colcon_core.package_identification:_identify(.) by extension 'cmake'
[1.081s] Level 1:colcon.colcon_core.package_identification:_identify(.) by extension 'python'
[1.082s] Level 1:colcon.colcon_core.package_identification:_identify(.) by extensions ['python_setup_py']
[1.082s] Level 1:colcon.colcon_core.package_identification:_identify(.) by extension 'python_setup_py'
[1.085s] Level 1:colcon.colcon_core.package_identification:_identify(build) by extensions ['ignore', 'ignore_ament_install']
[1.086s] Level 1:colcon.colcon_core.package_identification:_identify(build) by extension 'ignore'
[1.087s] Level 1:colcon.colcon_core.package_identification:_identify(build) ignored
[1.090s] Level 1:colcon.colcon_core.package_identification:_identify(install) by extensions ['ignore', 'ignore_ament_install']
[1.091s] Level 1:colcon.colcon_core.package_identification:_identify(install) by extension 'ignore'
[1.091s] Level 1:colcon.colcon_core.package_identification:_identify(install) ignored
[1.094s] Level 1:colcon.colcon_core.package_identification:_identify(log) by extensions ['ignore', 'ignore_ament_install']
[1.095s] Level 1:colcon.colcon_core.package_identification:_identify(log) by extension 'ignore'
[1.095s] Level 1:colcon.colcon_core.package_identification:_identify(log) ignored
[1.097s] Level 1:colcon.colcon_core.package_identification:_identify(src) by extensions ['ignore', 'ignore_ament_install']
[1.098s] Level 1:colcon.colcon_core.package_identification:_identify(src) by extension 'ignore'
[1.099s] Level 1:colcon.colcon_core.package_identification:_identify(src) by extension 'ignore_ament_install'
[1.100s] Level 1:colcon.colcon_core.package_identification:_identify(src) by extensions ['colcon_pkg']
[1.100s] Level 1:colcon.colcon_core.package_identification:_identify(src) by extension 'colcon_pkg'
[1.101s] Level 1:colcon.colcon_core.package_identification:_identify(src) by extensions ['colcon_meta']
[1.101s] Level 1:colcon.colcon_core.package_identification:_identify(src) by extension 'colcon_meta'
[1.102s] Level 1:colcon.colcon_core.package_identification:_identify(src) by extensions ['ros']
[1.102s] Level 1:colcon.colcon_core.package_identification:_identify(src) by extension 'ros'
[1.104s] Level 1:colcon.colcon_core.package_identification:_identify(src) by extensions ['cmake', 'python']
[1.104s] Level 1:colcon.colcon_core.package_identification:_identify(src) by extension 'cmake'
[1.106s] Level 1:colcon.colcon_core.package_identification:_identify(src) by extension 'python'
[1.106s] Level 1:colcon.colcon_core.package_identification:_identify(src) by extensions ['python_setup_py']
[1.107s] Level 1:colcon.colcon_core.package_identification:_identify(src) by extension 'python_setup_py'
[1.109s] Level 1:colcon.colcon_core.package_identification:_identify(src/localization) by extensions ['ignore', 'ignore_ament_install']
[1.109s] Level 1:colcon.colcon_core.package_identification:_identify(src/localization) by extension 'ignore'
[1.110s] Level 1:colcon.colcon_core.package_identification:_identify(src/localization) by extension 'ignore_ament_install'
[1.112s] Level 1:colcon.colcon_core.package_identification:_identify(src/localization) by extensions ['colcon_pkg']
[1.113s] Level 1:colcon.colcon_core.package_identification:_identify(src/localization) by extension 'colcon_pkg'
[1.114s] Level 1:colcon.colcon_core.package_identification:_identify(src/localization) by extensions ['colcon_meta']
[1.115s] Level 1:colcon.colcon_core.package_identification:_identify(src/localization) by extension 'colcon_meta'
[1.115s] Level 1:colcon.colcon_core.package_identification:_identify(src/localization) by extensions ['ros']
[1.116s] Level 1:colcon.colcon_core.package_identification:_identify(src/localization) by extension 'ros'
[1.155s] DEBUG:colcon.colcon_core.package_identification:Package 'src/localization' with type 'ros.ament_python' and name 'localization'
[1.159s] Level 1:colcon.colcon_core.package_identification:_identify(src/pure_pursuit) by extensions ['ignore', 'ignore_ament_install']
[1.160s] Level 1:colcon.colcon_core.package_identification:_identify(src/pure_pursuit) by extension 'ignore'
[1.163s] Level 1:colcon.colcon_core.package_identification:_identify(src/pure_pursuit) by extension 'ignore_ament_install'
[1.167s] Level 1:colcon.colcon_core.package_identification:_identify(src/pure_pursuit) by extensions ['colcon_pkg']
[1.168s] Level 1:colcon.colcon_core.package_identification:_identify(src/pure_pursuit) by extension 'colcon_pkg'
[1.171s] Level 1:colcon.colcon_core.package_identification:_identify(src/pure_pursuit) by extensions ['colcon_meta']
[1.172s] Level 1:colcon.colcon_core.package_identification:_identify(src/pure_pursuit) by extension 'colcon_meta'
[1.175s] Level 1:colcon.colcon_core.package_identification:_identify(src/pure_pursuit) by extensions ['ros']
[1.177s] Level 1:colcon.colcon_core.package_identification:_identify(src/pure_pursuit) by extension 'ros'
[1.186s] DEBUG:colcon.colcon_core.package_identification:Package 'src/pure_pursuit' with type 'ros.ament_python' and name 'pure_pursuit'
[1.189s] Level 1:colcon.colcon_core.package_identification:_identify(src/robot_sim) by extensions ['ignore', 'ignore_ament_install']
[1.189s] Level 1:colcon.colcon_core.package_identification:_identify(src/robot_sim) by extension 'ignore'
[1.190s] Level 1:colcon.colcon_core.package_identification:_identify(src/robot_sim) by extension 'ignore_ament_install'
[1.191s] Level 1:colcon.colcon_core.package_identification:_identify(src/robot_sim) by extensions ['colcon_pkg']
[1.192s] Level 1:colcon.colcon_core.package_identification:_identify(src/robot_sim) by extension 'colcon_pkg'
[1.192s] Level 1:colcon.colcon_core.package_identification:_identify(src/robot_sim) by extensions ['colcon_meta']
[1.193s] Level 1:colcon.colcon_core.package_identification:_identify(src/robot_sim) by extension 'colcon_meta'
[1.194s] Level 1:colcon.colcon_core.package_identification:_identify(src/robot_sim) by extensions ['ros']
[1.194s] Level 1:colcon.colcon_core.package_identification:_identify(src/robot_sim) by extension 'ros'
[1.199s] DEBUG:colcon.colcon_core.package_identification:Package 'src/robot_sim' with type 'ros.ament_python' and name 'robot_sim'
[1.199s] Level 1:colcon.colcon_core.package_discovery:discover_packages(recursive) using defaults
[1.200s] Level 1:colcon.colcon_core.package_discovery:discover_packages(ignore) discover
[1.201s] Level 1:colcon.colcon_core.package_discovery:discover_packages(ignore) using defaults
[1.202s] Level 1:colcon.colcon_core.package_discovery:discover_packages(path) discover
[1.202s] Level 1:colcon.colcon_core.package_discovery:discover_packages(path) using defaults
[1.384s] Level 5:colcon.colcon_core.verb:set package 'localization' build argument 'cmake_args' from command line to 'None'
[1.409s] Level 5:colcon.colcon_core.verb:set package 'localization' build argument 'cmake_target' from command line to 'None'
[1.410s] Level 5:colcon.colcon_core.verb:set package 'localization' build argument 'cmake_target_skip_unavailable' from command line to 'False'
[1.445s] Level 5:colcon.colcon_core.verb:set package 'localization' build argument 'cmake_clean_cache' from command line to 'False'
[1.446s] Level 5:colcon.colcon_core.verb:set package 'localization' build argument 'cmake_clean_first' from command line to 'False'
[1.446s] Level 5:colcon.colcon_core.verb:set package 'localization' build argument 'cmake_force_configure' from command line to 'False'
[1.446s] Level 5:colcon.colcon_core.verb:set package 'localization' build argument 'ament_cmake_args' from command line to 'None'
[1.447s] Level 5:colcon.colcon_core.verb:set package 'localization' build argument 'catkin_cmake_args' from command line to 'None'
[1.447s] Level 5:colcon.colcon_core.verb:set package 'localization' build argument 'catkin_skip_building_tests' from command line to 'False'
[1.448s] DEBUG:colcon.colcon_core.verb:Building package 'localization' with the following arguments: {'ament_cmake_args': None, 'build_base': '/workspace/ros2_ws/build/localization', 'catkin_cmake_args': None, 'catkin_skip_building_tests': False, 'cmake_args': None, 'cmake_clean_cache': False, 'cmake_clean_first': False, 'cmake_force_configure': False, 'cmake_target': None, 'cmake_target_skip_unavailable': False, 'install_base': '/workspace/ros2_ws/install/localization', 'merge_install': False, 'path': '/workspace/ros2_ws/src/localization', 'symlink_install': False, 'test_result_base': None}
[1.450s] Level 5:colcon.colcon_core.verb:set package 'pure_pursuit' build argument 'cmake_args' from command line to 'None'
[1.451s] Level 5:colcon.colcon_core.verb:set package 'pure_pursuit' build argument 'cmake_target' from command line to 'None'
[1.451s] Level 5:colcon.colcon_core.verb:set package 'pure_pursuit' build argument 'cmake_target_skip_unavailable' from command line to 'False'
[1.452s] Level 5:colcon.colcon_core.verb:set package 'pure_pursuit' build argument 'cmake_clean_cache' from command line to 'False'
[1.452s] Level 5:colcon.colcon_core.verb:set package 'pure_pursuit' build argument 'cmake_clean_first' from command line to 'False'
[1.453s] Level 5:colcon.colcon_core.verb:set package 'pure_pursuit' build argument 'cmake_force_configure' from command line to 'False'
[1.453s] Level 5:colcon.colcon_core.verb:set package 'pure_pursuit' build argument 'ament_cmake_args' from command line to 'None'
[1.454s] Level 5:colcon.colcon_core.verb:set package 'pure_pursuit' build argument 'catkin_cmake_args' from command line to 'None'
[1.454s] Level 5:colcon.colcon_core.verb:set package 'pure_pursuit' build argument 'catkin_skip_building_tests' from command line to 'False'
[1.455s] DEBUG:colcon.colcon_core.verb:Building package 'pure_pursuit' with the following arguments: {'ament_cmake_args': None, 'build_base': '/workspace/ros2_ws/build/pure_pursuit', 'catkin_cmake_args': None, 'catkin_skip_building_tests': False, 'cmake_args': None, 'cmake_clean_cache': False, 'cmake_clean_first': False, 'cmake_force_configure': False, 'cmake_target': None, 'cmake_target_skip_unavailable': False, 'install_base': '/workspace/ros2_ws/install/pure_pursuit', 'merge_install': False, 'path': '/workspace/ros2_ws/src/pure_pursuit', 'symlink_install': False, 'test_result_base': None}
[1.457s] Level 5:colcon.colcon_core.verb:set package 'robot_sim' build argument 'cmake_args' from command line to 'None'
[1.458s] Level 5:colcon.colcon_core.verb:set package 'robot_sim' build argument 'cmake_target' from command line to 'None'
[1.458s] Level 5:colcon.colcon_core.verb:set package 'robot_sim' build argument 'cmake_target_skip_unavailable' from command line to 'False'
[1.459s] Level 5:colcon.colcon_core.verb:set package 'robot_sim' build argument 'cmake_clean_cache' from command line to 'False'
[1.459s] Level 5:colcon.colcon_core.verb:set package 'robot_sim' build argument 'cmake_clean_first' from command line to 'False'
[1.461s] Level 5:colcon.colcon_core.verb:set package 'robot_sim' build argument 'cmake_force_configure' from command line to 'False'
[1.461s] Level 5:colcon.colcon_core.verb:set package 'robot_sim' build argument 'ament_cmake_args' from command line to 'None'
[1.462s] Level 5:colcon.colcon_core.verb:set package 'robot_sim' build argument 'catkin_cmake_args' from command line to 'None'
[1.463s] Level 5:colcon.colcon_core.verb:set package 'robot_sim' build argument 'catkin_skip_building_tests' from command line to 'False'
[1.463s] DEBUG:colcon.colcon_core.verb:Building package 'robot_sim' with the following arguments: {'ament_cmake_args': None, 'build_base': '/workspace/ros2_ws/build/robot_sim', 'catkin_cmake_args': None, 'catkin_skip_building_tests': False, 'cmake_args': None, 'cmake_clean_cache': False, 'cmake_clean_first': False, 'cmake_force_configure': False, 'cmake_target': None, 'cmake_target_skip_unavailable': False, 'install_base': '/workspace/ros2_ws/install/robot_sim', 'merge_install': False, 'path': '/workspace/ros2_ws/src/robot_sim', 'symlink_install': False, 'test_result_base': None}
[1.464s] INFO:colcon.colcon_core.executor:Executing jobs using 'parallel' executor
[1.468s] DEBUG:colcon.colcon_parallel_executor.executor.parallel:run_until_complete
[1.469s] INFO:colcon.colcon_ros.task.ament_python.build:Building ROS package in '/workspace/ros2_ws/src/localization' with build type 'ament_python'
[1.470s] Level 1:colcon.colcon_core.shell:create_environment_hook('localization', 'ament_prefix_path')
[1.499s] INFO:colcon.colcon_core.plugin_system:Skipping extension 'colcon_core.shell.bat': Not used on non-Windows systems
[1.503s] INFO:colcon.colcon_core.shell:Creating environment hook '/workspace/ros2_ws/install/localization/share/localization/hook/ament_prefix_path.ps1'
[1.514s] INFO:colcon.colcon_core.shell:Creating environment descriptor '/workspace/ros2_ws/install/localization/share/localization/hook/ament_prefix_path.dsv'
[1.520s] INFO:colcon.colcon_core.shell:Creating environment hook '/workspace/ros2_ws/install/localization/share/localization/hook/ament_prefix_path.sh'
[1.529s] INFO:colcon.colcon_core.shell:Skip shell extension 'powershell' for command environment: Not usable outside of PowerShell
[1.530s] DEBUG:colcon.colcon_core.shell:Skip shell extension 'dsv' for command environment
[1.581s] INFO:colcon.colcon_ros.task.ament_python.build:Building ROS package in '/workspace/ros2_ws/src/pure_pursuit' with build type 'ament_python'
[1.582s] Level 1:colcon.colcon_core.shell:create_environment_hook('pure_pursuit', 'ament_prefix_path')
[1.583s] INFO:colcon.colcon_core.shell:Creating environment hook '/workspace/ros2_ws/install/pure_pursuit/share/pure_pursuit/hook/ament_prefix_path.ps1'
[1.592s] INFO:colcon.colcon_core.shell:Creating environment descriptor '/workspace/ros2_ws/install/pure_pursuit/share/pure_pursuit/hook/ament_prefix_path.dsv'
[1.597s] INFO:colcon.colcon_core.shell:Creating environment hook '/workspace/ros2_ws/install/pure_pursuit/share/pure_pursuit/hook/ament_prefix_path.sh'
[1.602s] INFO:colcon.colcon_core.shell:Skip shell extension 'powershell' for command environment: Not usable outside of PowerShell
[1.603s] DEBUG:colcon.colcon_core.shell:Skip shell extension 'dsv' for command environment
[1.658s] INFO:colcon.colcon_ros.task.ament_python.build:Building ROS package in '/workspace/ros2_ws/src/robot_sim' with build type 'ament_python'
[1.660s] Level 1:colcon.colcon_core.shell:create_environment_hook('robot_sim', 'ament_prefix_path')
[1.662s] INFO:colcon.colcon_core.shell:Creating environment hook '/workspace/ros2_ws/install/robot_sim/share/robot_sim/hook/ament_prefix_path.ps1'
[1.677s] INFO:colcon.colcon_core.shell:Creating environment descriptor '/workspace/ros2_ws/install/robot_sim/share/robot_sim/hook/ament_prefix_path.dsv'
[1.690s] INFO:colcon.colcon_core.shell:Creating environment hook '/workspace/ros2_ws/install/robot_sim/share/robot_sim/hook/ament_prefix_path.sh'
[1.702s] INFO:colcon.colcon_core.shell:Skip shell extension 'powershell' for command environment: Not usable outside of PowerShell
[1.704s] DEBUG:colcon.colcon_core.shell:Skip shell extension 'dsv' for command environment
[2.734s] INFO:colcon.colcon_core.task.python.build:Building Python package in '/workspace/ros2_ws/src/localization'
[2.734s] INFO:colcon.colcon_core.shell:Skip shell extension 'powershell' for command environment: Not usable outside of PowerShell
[2.735s] DEBUG:colcon.colcon_core.shell:Skip shell extension 'dsv' for command environment
[3.798s] INFO:colcon.colcon_core.task.python.build:Building Python package in '/workspace/ros2_ws/src/pure_pursuit'
[3.799s] INFO:colcon.colcon_core.shell:Skip shell extension 'powershell' for command environment: Not usable outside of PowerShell
[3.800s] DEBUG:colcon.colcon_core.shell:Skip shell extension 'dsv' for command environment
[4.612s] INFO:colcon.colcon_core.task.python.build:Building Python package in '/workspace/ros2_ws/src/robot_sim'
[4.613s] INFO:colcon.colcon_core.shell:Skip shell extension 'powershell' for command environment: Not usable outside of PowerShell
[4.613s] DEBUG:colcon.colcon_core.shell:Skip shell extension 'dsv' for command environment
[7.357s] DEBUG:colcon.colcon_core.task.python.build:Available setuptools commands: install_headers, dist_info, easy_install, clean, upload, bdist_rpm, symlink_data, build_py, install_egg_info, test, install_scripts, develop, bdist_dumb, build_ext, upload_docs, bdist_wheel, sdist, install_lib, bdist_egg, setopt, saveopts, rotate, alias, build_scripts, register, install_data, build_clib, egg_info, build, check, install, bdist
[7.427s] DEBUG:colcon.colcon_core.event_handler.log_command:Invoking command in '/workspace/ros2_ws/src/robot_sim': PYTHONPATH=/workspace/ros2_ws/build/robot_sim/prefix_override:/usr/lib/python3/dist-packages/colcon_core/task/python/colcon_distutils_commands:/workspace/ros2_ws/install/robot_sim/lib/python3.10/site-packages:${PYTHONPATH} /usr/bin/python3 -W ignore:setup.py install is deprecated -W ignore:easy_install command is deprecated setup.py egg_info --egg-base ../../build/robot_sim build --build-base /workspace/ros2_ws/build/robot_sim/build install --record /workspace/ros2_ws/build/robot_sim/install.log --install-scripts $base/lib/robot_sim --single-version-externally-managed install_data
[7.430s] DEBUG:colcon.colcon_core.task.python.build:Available setuptools commands: install_headers, dist_info, easy_install, clean, upload, bdist_rpm, symlink_data, build_py, install_egg_info, test, install_scripts, develop, bdist_dumb, build_ext, upload_docs, bdist_wheel, sdist, install_lib, bdist_egg, setopt, saveopts, rotate, alias, build_scripts, register, install_data, build_clib, egg_info, build, check, install, bdist
[7.490s] DEBUG:colcon.colcon_core.event_handler.log_command:Invoking command in '/workspace/ros2_ws/src/pure_pursuit': PYTHONPATH=/workspace/ros2_ws/build/pure_pursuit/prefix_override:/usr/lib/python3/dist-packages/colcon_core/task/python/colcon_distutils_commands:/workspace/ros2_ws/install/pure_pursuit/lib/python3.10/site-packages:${PYTHONPATH} /usr/bin/python3 -W ignore:setup.py install is deprecated -W ignore:easy_install command is deprecated setup.py egg_info --egg-base ../../build/pure_pursuit build --build-base /workspace/ros2_ws/build/pure_pursuit/build install --record /workspace/ros2_ws/build/pure_pursuit/install.log --install-scripts $base/lib/pure_pursuit --single-version-externally-managed install_data
[7.523s] DEBUG:colcon.colcon_core.task.python.build:Available setuptools commands: install_headers, dist_info, easy_install, clean, upload, bdist_rpm, symlink_data, build_py, install_egg_info, test, install_scripts, develop, bdist_dumb, build_ext, upload_docs, bdist_wheel, sdist, install_lib, bdist_egg, setopt, saveopts, rotate, alias, build_scripts, register, install_data, build_clib, egg_info, build, check, install, bdist
[7.610s] DEBUG:colcon.colcon_core.event_handler.log_command:Invoking command in '/workspace/ros2_ws/src/localization': PYTHONPATH=/workspace/ros2_ws/build/localization/prefix_override:/usr/lib/python3/dist-packages/colcon_core/task/python/colcon_distutils_commands:/workspace/ros2_ws/install/localization/lib/python3.10/site-packages:${PYTHONPATH} /usr/bin/python3 -W ignore:setup.py install is deprecated -W ignore:easy_install command is deprecated setup.py egg_info --egg-base ../../build/localization build --build-base /workspace/ros2_ws/build/localization/build install --record /workspace/ros2_ws/build/localization/install.log --install-scripts $base/lib/localization --single-version-externally-managed install_data
[9.516s] DEBUG:colcon.colcon_core.event_handler.log_command:Invoked command in '/workspace/ros2_ws/src/pure_pursuit' returned '0': PYTHONPATH=/workspace/ros2_ws/build/pure_pursuit/prefix_override:/usr/lib/python3/dist-packages/colcon_core/task/python/colcon_distutils_commands:/workspace/ros2_ws/install/pure_pursuit/lib/python3.10/site-packages:${PYTHONPATH} /usr/bin/python3 -W ignore:setup.py install is deprecated -W ignore:easy_install command is deprecated setup.py egg_info --egg-base ../../build/pure_pursuit build --build-base /workspace/ros2_ws/build/pure_pursuit/build install --record /workspace/ros2_ws/build/pure_pursuit/install.log --install-scripts $base/lib/pure_pursuit --single-version-externally-managed install_data
[9.572s] Level 1:colcon.colcon_core.environment:checking '/workspace/ros2_ws/install/pure_pursuit' for CMake module files
[9.648s] Level 1:colcon.colcon_core.environment:checking '/workspace/ros2_ws/install/pure_pursuit' for CMake config files
[9.754s] Level 1:colcon.colcon_core.environment:checking '/workspace/ros2_ws/install/pure_pursuit/lib'
[9.773s] Level 1:colcon.colcon_core.environment:checking '/workspace/ros2_ws/install/pure_pursuit/bin'
[9.776s] Level 1:colcon.colcon_core.environment:checking '/workspace/ros2_ws/install/pure_pursuit/lib/pkgconfig/pure_pursuit.pc'
[9.785s] Level 1:colcon.colcon_core.environment:checking '/workspace/ros2_ws/install/pure_pursuit/lib/python3.10/site-packages'
[9.787s] Level 1:colcon.colcon_core.shell:create_environment_hook('pure_pursuit', 'pythonpath')
[9.790s] INFO:colcon.colcon_core.shell:Creating environment hook '/workspace/ros2_ws/install/pure_pursuit/share/pure_pursuit/hook/pythonpath.ps1'
[9.808s] INFO:colcon.colcon_core.shell:Creating environment descriptor '/workspace/ros2_ws/install/pure_pursuit/share/pure_pursuit/hook/pythonpath.dsv'
[9.827s] INFO:colcon.colcon_core.shell:Creating environment hook '/workspace/ros2_ws/install/pure_pursuit/share/pure_pursuit/hook/pythonpath.sh'
[9.838s] Level 1:colcon.colcon_core.environment:checking '/workspace/ros2_ws/install/pure_pursuit/bin'
[9.840s] Level 1:colcon.colcon_core.environment:create_environment_scripts_only(pure_pursuit)
[9.844s] INFO:colcon.colcon_core.shell:Creating package script '/workspace/ros2_ws/install/pure_pursuit/share/pure_pursuit/package.ps1'
[9.868s] INFO:colcon.colcon_core.shell:Creating package descriptor '/workspace/ros2_ws/install/pure_pursuit/share/pure_pursuit/package.dsv'
[9.885s] INFO:colcon.colcon_core.shell:Creating package script '/workspace/ros2_ws/install/pure_pursuit/share/pure_pursuit/package.sh'
[9.896s] INFO:colcon.colcon_core.shell:Creating package script '/workspace/ros2_ws/install/pure_pursuit/share/pure_pursuit/package.bash'
[9.911s] INFO:colcon.colcon_core.shell:Creating package script '/workspace/ros2_ws/install/pure_pursuit/share/pure_pursuit/package.zsh'
[9.927s] Level 1:colcon.colcon_core.environment:create_file_with_runtime_dependencies(/workspace/ros2_ws/install/pure_pursuit/share/colcon-core/packages/pure_pursuit)
[9.944s] Level 1:colcon.colcon_core.environment:checking '/workspace/ros2_ws/install/robot_sim' for CMake module files
[9.972s] DEBUG:colcon.colcon_core.event_handler.log_command:Invoked command in '/workspace/ros2_ws/src/robot_sim' returned '0': PYTHONPATH=/workspace/ros2_ws/build/robot_sim/prefix_override:/usr/lib/python3/dist-packages/colcon_core/task/python/colcon_distutils_commands:/workspace/ros2_ws/install/robot_sim/lib/python3.10/site-packages:${PYTHONPATH} /usr/bin/python3 -W ignore:setup.py install is deprecated -W ignore:easy_install command is deprecated setup.py egg_info --egg-base ../../build/robot_sim build --build-base /workspace/ros2_ws/build/robot_sim/build install --record /workspace/ros2_ws/build/robot_sim/install.log --install-scripts $base/lib/robot_sim --single-version-externally-managed install_data
[10.008s] Level 1:colcon.colcon_core.environment:checking '/workspace/ros2_ws/install/robot_sim' for CMake config files
[10.103s] Level 1:colcon.colcon_core.environment:checking '/workspace/ros2_ws/install/robot_sim/lib'
[10.111s] Level 1:colcon.colcon_core.environment:checking '/workspace/ros2_ws/install/robot_sim/bin'
[10.113s] Level 1:colcon.colcon_core.environment:checking '/workspace/ros2_ws/install/robot_sim/lib/pkgconfig/robot_sim.pc'
[10.119s] Level 1:colcon.colcon_core.environment:checking '/workspace/ros2_ws/install/robot_sim/lib/python3.10/site-packages'
[10.120s] Level 1:colcon.colcon_core.shell:create_environment_hook('robot_sim', 'pythonpath')
[10.123s] INFO:colcon.colcon_core.shell:Creating environment hook '/workspace/ros2_ws/install/robot_sim/share/robot_sim/hook/pythonpath.ps1'
[10.137s] INFO:colcon.colcon_core.shell:Creating environment descriptor '/workspace/ros2_ws/install/robot_sim/share/robot_sim/hook/pythonpath.dsv'
[10.166s] INFO:colcon.colcon_core.shell:Creating environment hook '/workspace/ros2_ws/install/robot_sim/share/robot_sim/hook/pythonpath.sh'
[10.190s] Level 1:colcon.colcon_core.environment:checking '/workspace/ros2_ws/install/robot_sim/bin'
[10.193s] Level 1:colcon.colcon_core.environment:create_environment_scripts_only(robot_sim)
[10.195s] INFO:colcon.colcon_core.shell:Creating package script '/workspace/ros2_ws/install/robot_sim/share/robot_sim/package.ps1'
[10.206s] INFO:colcon.colcon_core.shell:Creating package descriptor '/workspace/ros2_ws/install/robot_sim/share/robot_sim/package.dsv'
[10.221s] INFO:colcon.colcon_core.shell:Creating package script '/workspace/ros2_ws/install/robot_sim/share/robot_sim/package.sh'
[10.238s] INFO:colcon.colcon_core.shell:Creating package script '/workspace/ros2_ws/install/robot_sim/share/robot_sim/package.bash'
[10.251s] INFO:colcon.colcon_core.shell:Creating package script '/workspace/ros2_ws/install/robot_sim/share/robot_sim/package.zsh'
[10.259s] Level 1:colcon.colcon_core.environment:create_file_with_runtime_dependencies(/workspace/ros2_ws/install/robot_sim/share/colcon-core/packages/robot_sim)
[10.277s] Level 1:colcon.colcon_core.environment:checking '/workspace/ros2_ws/install/localization' for CMake module files
[10.299s] DEBUG:colcon.colcon_core.event_handler.log_command:Invoked command in '/workspace/ros2_ws/src/localization' returned '0': PYTHONPATH=/workspace/ros2_ws/build/localization/prefix_override:/usr/lib/python3/dist-packages/colcon_core/task/python/colcon_distutils_commands:/workspace/ros2_ws/install/localization/lib/python3.10/site-packages:${PYTHONPATH} /usr/bin/python3 -W ignore:setup.py install is deprecated -W ignore:easy_install command is deprecated setup.py egg_info --egg-base ../../build/localization build --build-base /workspace/ros2_ws/build/localization/build install --record /workspace/ros2_ws/build/localization/install.log --install-scripts $base/lib/localization --single-version-externally-managed install_data
[10.322s] Level 1:colcon.colcon_core.environment:checking '/workspace/ros2_ws/install/localization' for CMake config files
[10.385s] Level 1:colcon.colcon_core.environment:checking '/workspace/ros2_ws/install/localization/lib'
[10.392s] Level 1:colcon.colcon_core.environment:checking '/workspace/ros2_ws/install/localization/bin'
[10.395s] Level 1:colcon.colcon_core.environment:checking '/workspace/ros2_ws/install/localization/lib/pkgconfig/localization.pc'
[10.398s] Level 1:colcon.colcon_core.environment:checking '/workspace/ros2_ws/install/localization/lib/python3.10/site-packages'
[10.400s] Level 1:colcon.colcon_core.shell:create_environment_hook('localization', 'pythonpath')
[10.402s] INFO:colcon.colcon_core.shell:Creating environment hook '/workspace/ros2_ws/install/localization/share/localization/hook/pythonpath.ps1'
[10.411s] INFO:colcon.colcon_core.shell:Creating environment descriptor '/workspace/ros2_ws/install/localization/share/localization/hook/pythonpath.dsv'
[10.417s] INFO:colcon.colcon_core.shell:Creating environment hook '/workspace/ros2_ws/install/localization/share/localization/hook/pythonpath.sh'
[10.426s] Level 1:colcon.colcon_core.environment:checking '/workspace/ros2_ws/install/localization/bin'
[10.428s] Level 1:colcon.colcon_core.environment:create_environment_scripts_only(localization)
[10.430s] INFO:colcon.colcon_core.shell:Creating package script '/workspace/ros2_ws/install/localization/share/localization/package.ps1'
[10.443s] INFO:colcon.colcon_core.shell:Creating package descriptor '/workspace/ros2_ws/install/localization/share/localization/package.dsv'
[10.453s] INFO:colcon.colcon_core.shell:Creating package script '/workspace/ros2_ws/install/localization/share/localization/package.sh'
[10.464s] INFO:colcon.colcon_core.shell:Creating package script '/workspace/ros2_ws/install/localization/share/localization/package.bash'
[10.473s] INFO:colcon.colcon_core.shell:Creating package script '/workspace/ros2_ws/install/localization/share/localization/package.zsh'
[10.478s] Level 1:colcon.colcon_core.environment:create_file_with_runtime_dependencies(/workspace/ros2_ws/install/localization/share/colcon-core/packages/localization)
[10.483s] DEBUG:colcon.colcon_parallel_executor.executor.parallel:closing loop
[10.484s] DEBUG:colcon.colcon_parallel_executor.executor.parallel:loop closed
[10.486s] DEBUG:colcon.colcon_parallel_executor.executor.parallel:run_until_complete finished with '0'
[10.487s] DEBUG:colcon.colcon_core.event_reactor:joining thread
[10.559s] INFO:colcon.colcon_core.plugin_system:Skipping extension 'colcon_notification.desktop_notification.notify_send': Could not find 'notify-send'
[10.563s] INFO:colcon.colcon_core.plugin_system:Skipping extension 'colcon_notification.desktop_notification.terminal_notifier': Not used on non-Darwin systems
[10.564s] INFO:colcon.colcon_core.plugin_system:Skipping extension 'colcon_notification.desktop_notification.win32': Not used on non-Windows systems
[10.564s] INFO:colcon.colcon_notification.desktop_notification:Sending desktop notification using 'notify2'
[10.565s] DEBUG:colcon.colcon_notification.desktop_notification.notify2:Failed to initialize notify2: org.freedesktop.DBus.Error.NotSupported: Unable to autolaunch a dbus-daemon without a $DISPLAY for X11
[10.570s] DEBUG:colcon.colcon_core.event_reactor:joined thread
[10.572s] INFO:colcon.colcon_core.shell:Creating prefix script '/workspace/ros2_ws/install/local_setup.ps1'
[10.579s] INFO:colcon.colcon_core.shell:Creating prefix util module '/workspace/ros2_ws/install/_local_setup_util_ps1.py'
[10.590s] INFO:colcon.colcon_core.shell:Creating prefix chain script '/workspace/ros2_ws/install/setup.ps1'
[10.614s] INFO:colcon.colcon_core.shell:Creating prefix script '/workspace/ros2_ws/install/local_setup.sh'
[10.624s] INFO:colcon.colcon_core.shell:Creating prefix util module '/workspace/ros2_ws/install/_local_setup_util_sh.py'
[10.631s] INFO:colcon.colcon_core.shell:Creating prefix chain script '/workspace/ros2_ws/install/setup.sh'
[10.654s] INFO:colcon.colcon_core.shell:Creating prefix script '/workspace/ros2_ws/install/local_setup.bash'
[10.670s] INFO:colcon.colcon_core.shell:Creating prefix chain script '/workspace/ros2_ws/install/setup.bash'
[10.697s] INFO:colcon.colcon_core.shell:Creating prefix script '/workspace/ros2_ws/install/local_setup.zsh'
[10.713s] INFO:colcon.colcon_core.shell:Creating prefix chain script '/workspace/ros2_ws/install/setup.zsh'
