[2.005s] Invoking command in '/workspace/ros2_ws/src/localization': PYTHONPATH=/workspace/build/localization/prefix_override:/usr/lib/python3/dist-packages/colcon_core/task/python/colcon_distutils_commands:/workspace/install/localization/lib/python3.10/site-packages:${PYTHONPATH} /usr/bin/python3 -W ignore:setup.py install is deprecated -W ignore:easy_install command is deprecated setup.py egg_info --egg-base ../../../build/localization build --build-base /workspace/build/localization/build install --record /workspace/build/localization/install.log --install-scripts $base/lib/localization --single-version-externally-managed install_data
[2.514s] running egg_info
[2.519s] writing ../../../build/localization/localization.egg-info/PKG-INFO
[2.521s] writing dependency_links to ../../../build/localization/localization.egg-info/dependency_links.txt
[2.525s] writing entry points to ../../../build/localization/localization.egg-info/entry_points.txt
[2.536s] writing requirements to ../../../build/localization/localization.egg-info/requires.txt
[2.538s] writing top-level names to ../../../build/localization/localization.egg-info/top_level.txt
[2.570s] reading manifest file '../../../build/localization/localization.egg-info/SOURCES.txt'
[2.576s] adding license file 'LICENSE'
[2.581s] writing manifest file '../../../build/localization/localization.egg-info/SOURCES.txt'
[2.584s] running build
[2.587s] running build_py
[2.603s] running install
[2.604s] running install_lib
[2.617s] running install_data
[2.619s] running install_egg_info
[2.624s] removing '/workspace/install/localization/lib/python3.10/site-packages/localization-0.0.0-py3.10.egg-info' (and everything under it)
[2.627s] Copying ../../../build/localization/localization.egg-info to /workspace/install/localization/lib/python3.10/site-packages/localization-0.0.0-py3.10.egg-info
[2.682s] running install_scripts
[2.734s] Installing localization_node script to /workspace/install/localization/lib/localization
[2.741s] writing list of installed files to '/workspace/build/localization/install.log'
[2.912s] Invoked command in '/workspace/ros2_ws/src/localization' returned '0': PYTHONPATH=/workspace/build/localization/prefix_override:/usr/lib/python3/dist-packages/colcon_core/task/python/colcon_distutils_commands:/workspace/install/localization/lib/python3.10/site-packages:${PYTHONPATH} /usr/bin/python3 -W ignore:setup.py install is deprecated -W ignore:easy_install command is deprecated setup.py egg_info --egg-base ../../../build/localization build --build-base /workspace/build/localization/build install --record /workspace/build/localization/install.log --install-scripts $base/lib/localization --single-version-externally-managed install_data
