[23.993s] Invoking command in '/workspace/ros2_ws/src/localization': PYTHONPATH=/workspace/build/localization/prefix_override:/usr/lib/python3/dist-packages/colcon_core/task/python/colcon_distutils_commands:/workspace/install/localization/lib/python3.10/site-packages:${PYTHONPATH} /usr/bin/python3 -W ignore:setup.py install is deprecated -W ignore:easy_install command is deprecated setup.py egg_info --egg-base ../../../build/localization build --build-base /workspace/build/localization/build install --record /workspace/build/localization/install.log --install-scripts $base/lib/localization --single-version-externally-managed install_data
[30.117s] running egg_info
[30.145s] writing ../../../build/localization/localization.egg-info/PKG-INFO
[30.169s] writing dependency_links to ../../../build/localization/localization.egg-info/dependency_links.txt
[30.212s] writing entry points to ../../../build/localization/localization.egg-info/entry_points.txt
[30.243s] writing requirements to ../../../build/localization/localization.egg-info/requires.txt
[30.414s] writing top-level names to ../../../build/localization/localization.egg-info/top_level.txt
[30.516s] reading manifest file '../../../build/localization/localization.egg-info/SOURCES.txt'
[30.547s] adding license file 'LICENSE'
[30.552s] writing manifest file '../../../build/localization/localization.egg-info/SOURCES.txt'
[30.562s] running build
[30.580s] running build_py
[30.739s] running install
[30.774s] running install_lib
[30.834s] running install_data
[30.874s] running install_egg_info
[30.890s] removing '/workspace/install/localization/lib/python3.10/site-packages/localization-0.0.0-py3.10.egg-info' (and everything under it)
[30.933s] Copying ../../../build/localization/localization.egg-info to /workspace/install/localization/lib/python3.10/site-packages/localization-0.0.0-py3.10.egg-info
[31.178s] running install_scripts
[31.418s] Installing localization_node script to /workspace/install/localization/lib/localization
[31.453s] writing list of installed files to '/workspace/build/localization/install.log'
[31.730s] Invoked command in '/workspace/ros2_ws/src/localization' returned '0': PYTHONPATH=/workspace/build/localization/prefix_override:/usr/lib/python3/dist-packages/colcon_core/task/python/colcon_distutils_commands:/workspace/install/localization/lib/python3.10/site-packages:${PYTHONPATH} /usr/bin/python3 -W ignore:setup.py install is deprecated -W ignore:easy_install command is deprecated setup.py egg_info --egg-base ../../../build/localization build --build-base /workspace/build/localization/build install --record /workspace/build/localization/install.log --install-scripts $base/lib/localization --single-version-externally-managed install_data
