[6.921s] Invoking command in '/workspace/ros2_ws/src/localization': PYTHONPATH=/workspace/build/localization/prefix_override:/usr/lib/python3/dist-packages/colcon_core/task/python/colcon_distutils_commands:/workspace/install/localization/lib/python3.10/site-packages:${PYTHONPATH} /usr/bin/python3 -W ignore:setup.py install is deprecated -W ignore:easy_install command is deprecated setup.py egg_info --egg-base ../../../build/localization build --build-base /workspace/build/localization/build install --record /workspace/build/localization/install.log --install-scripts $base/lib/localization --single-version-externally-managed install_data
[8.664s] running egg_info
[8.713s] writing ../../../build/localization/localization.egg-info/PKG-INFO
[8.726s] writing dependency_links to ../../../build/localization/localization.egg-info/dependency_links.txt
[8.728s] writing entry points to ../../../build/localization/localization.egg-info/entry_points.txt
[8.729s] writing requirements to ../../../build/localization/localization.egg-info/requires.txt
[8.741s] writing top-level names to ../../../build/localization/localization.egg-info/top_level.txt
[8.763s] reading manifest file '../../../build/localization/localization.egg-info/SOURCES.txt'
[8.768s] adding license file 'LICENSE'
[8.775s] writing manifest file '../../../build/localization/localization.egg-info/SOURCES.txt'
[8.797s] running build
[8.803s] running build_py
[8.823s] running install
[8.825s] running install_lib
[8.838s] running install_data
[8.840s] running install_egg_info
[8.842s] removing '/workspace/install/localization/lib/python3.10/site-packages/localization-0.0.0-py3.10.egg-info' (and everything under it)
[8.865s] Copying ../../../build/localization/localization.egg-info to /workspace/install/localization/lib/python3.10/site-packages/localization-0.0.0-py3.10.egg-info
[9.074s] running install_scripts
[9.262s] Installing apriltag_node script to /workspace/install/localization/lib/localization
[9.271s] Installing localization_node script to /workspace/install/localization/lib/localization
[9.299s] writing list of installed files to '/workspace/build/localization/install.log'
[9.433s] Invoked command in '/workspace/ros2_ws/src/localization' returned '0': PYTHONPATH=/workspace/build/localization/prefix_override:/usr/lib/python3/dist-packages/colcon_core/task/python/colcon_distutils_commands:/workspace/install/localization/lib/python3.10/site-packages:${PYTHONPATH} /usr/bin/python3 -W ignore:setup.py install is deprecated -W ignore:easy_install command is deprecated setup.py egg_info --egg-base ../../../build/localization build --build-base /workspace/build/localization/build install --record /workspace/build/localization/install.log --install-scripts $base/lib/localization --single-version-externally-managed install_data
