[5.482s] Invoking command in '/workspace/ros2_ws/src/robot_sim': PYTHONPATH=/workspace/build/robot_sim/prefix_override:/usr/lib/python3/dist-packages/colcon_core/task/python/colcon_distutils_commands:/workspace/install/robot_sim/lib/python3.10/site-packages:${PYTHONPATH} /usr/bin/python3 -W ignore:setup.py install is deprecated -W ignore:easy_install command is deprecated setup.py egg_info --egg-base ../../../build/robot_sim build --build-base /workspace/build/robot_sim/build install --record /workspace/build/robot_sim/install.log --install-scripts $base/lib/robot_sim --single-version-externally-managed install_data
[6.251s] running egg_info
[6.255s] writing ../../../build/robot_sim/robot_sim.egg-info/PKG-INFO
[6.264s] writing dependency_links to ../../../build/robot_sim/robot_sim.egg-info/dependency_links.txt
[6.269s] writing entry points to ../../../build/robot_sim/robot_sim.egg-info/entry_points.txt
[6.275s] writing requirements to ../../../build/robot_sim/robot_sim.egg-info/requires.txt
[6.285s] writing top-level names to ../../../build/robot_sim/robot_sim.egg-info/top_level.txt
[6.305s] reading manifest file '../../../build/robot_sim/robot_sim.egg-info/SOURCES.txt'
[6.309s] writing manifest file '../../../build/robot_sim/robot_sim.egg-info/SOURCES.txt'
[6.318s] running build
[6.324s] running build_py
[6.331s] running install
[6.339s] running install_lib
[6.357s] running install_data
[6.360s] running install_egg_info
[6.375s] removing '/workspace/install/robot_sim/lib/python3.10/site-packages/robot_sim-0.0.0-py3.10.egg-info' (and everything under it)
[6.377s] Copying ../../../build/robot_sim/robot_sim.egg-info to /workspace/install/robot_sim/lib/python3.10/site-packages/robot_sim-0.0.0-py3.10.egg-info
[6.417s] running install_scripts
[6.529s] Installing simulator script to /workspace/install/robot_sim/lib/robot_sim
[6.536s] writing list of installed files to '/workspace/build/robot_sim/install.log'
[6.740s] Invoked command in '/workspace/ros2_ws/src/robot_sim' returned '0': PYTHONPATH=/workspace/build/robot_sim/prefix_override:/usr/lib/python3/dist-packages/colcon_core/task/python/colcon_distutils_commands:/workspace/install/robot_sim/lib/python3.10/site-packages:${PYTHONPATH} /usr/bin/python3 -W ignore:setup.py install is deprecated -W ignore:easy_install command is deprecated setup.py egg_info --egg-base ../../../build/robot_sim build --build-base /workspace/build/robot_sim/build install --record /workspace/build/robot_sim/install.log --install-scripts $base/lib/robot_sim --single-version-externally-managed install_data
