[5.382s] Invoking command in '/workspace/ros2_ws/src/robot_sim': PYTHONPATH=/workspace/ros2_ws/build/robot_sim/prefix_override:/usr/lib/python3/dist-packages/colcon_core/task/python/colcon_distutils_commands:/workspace/ros2_ws/install/robot_sim/lib/python3.10/site-packages:${PYTHONPATH} /usr/bin/python3 -W ignore:setup.py install is deprecated -W ignore:easy_install command is deprecated setup.py egg_info --egg-base ../../build/robot_sim build --build-base /workspace/ros2_ws/build/robot_sim/build install --record /workspace/ros2_ws/build/robot_sim/install.log --install-scripts $base/lib/robot_sim --single-version-externally-managed install_data
[6.274s] running egg_info
[6.279s] creating ../../build/robot_sim/robot_sim.egg-info
[6.282s] writing ../../build/robot_sim/robot_sim.egg-info/PKG-INFO
[6.286s] writing dependency_links to ../../build/robot_sim/robot_sim.egg-info/dependency_links.txt
[6.293s] writing entry points to ../../build/robot_sim/robot_sim.egg-info/entry_points.txt
[6.302s] writing requirements to ../../build/robot_sim/robot_sim.egg-info/requires.txt
[6.304s] writing top-level names to ../../build/robot_sim/robot_sim.egg-info/top_level.txt
[6.314s] writing manifest file '../../build/robot_sim/robot_sim.egg-info/SOURCES.txt'
[6.336s] reading manifest file '../../build/robot_sim/robot_sim.egg-info/SOURCES.txt'
[6.348s] writing manifest file '../../build/robot_sim/robot_sim.egg-info/SOURCES.txt'
[6.354s] running build
[6.357s] running build_py
[6.368s] creating /workspace/ros2_ws/build/robot_sim/build
[6.372s] creating /workspace/ros2_ws/build/robot_sim/build/lib
[6.375s] creating /workspace/ros2_ws/build/robot_sim/build/lib/robot_sim
[6.378s] copying robot_sim/__init__.py -> /workspace/ros2_ws/build/robot_sim/build/lib/robot_sim
[6.383s] copying robot_sim/simulator.py -> /workspace/ros2_ws/build/robot_sim/build/lib/robot_sim
[6.394s] running install
[6.397s] running install_lib
[6.408s] creating /workspace/ros2_ws/install/robot_sim/lib/python3.10/site-packages/robot_sim
[6.418s] copying /workspace/ros2_ws/build/robot_sim/build/lib/robot_sim/__init__.py -> /workspace/ros2_ws/install/robot_sim/lib/python3.10/site-packages/robot_sim
[6.429s] copying /workspace/ros2_ws/build/robot_sim/build/lib/robot_sim/simulator.py -> /workspace/ros2_ws/install/robot_sim/lib/python3.10/site-packages/robot_sim
[6.439s] byte-compiling /workspace/ros2_ws/install/robot_sim/lib/python3.10/site-packages/robot_sim/__init__.py to __init__.cpython-310.pyc
[6.451s] byte-compiling /workspace/ros2_ws/install/robot_sim/lib/python3.10/site-packages/robot_sim/simulator.py to simulator.cpython-310.pyc
[6.463s] running install_data
[6.465s] creating /workspace/ros2_ws/install/robot_sim/share/ament_index
[6.467s] creating /workspace/ros2_ws/install/robot_sim/share/ament_index/resource_index
[6.470s] creating /workspace/ros2_ws/install/robot_sim/share/ament_index/resource_index/packages
[6.476s] copying resource/robot_sim -> /workspace/ros2_ws/install/robot_sim/share/ament_index/resource_index/packages
[6.486s] copying package.xml -> /workspace/ros2_ws/install/robot_sim/share/robot_sim
[6.490s] running install_egg_info
[6.496s] Copying ../../build/robot_sim/robot_sim.egg-info to /workspace/ros2_ws/install/robot_sim/lib/python3.10/site-packages/robot_sim-0.0.0-py3.10.egg-info
[6.546s] running install_scripts
[6.597s] Installing simulator script to /workspace/ros2_ws/install/robot_sim/lib/robot_sim
[6.604s] writing list of installed files to '/workspace/ros2_ws/build/robot_sim/install.log'
[6.713s] Invoked command in '/workspace/ros2_ws/src/robot_sim' returned '0': PYTHONPATH=/workspace/ros2_ws/build/robot_sim/prefix_override:/usr/lib/python3/dist-packages/colcon_core/task/python/colcon_distutils_commands:/workspace/ros2_ws/install/robot_sim/lib/python3.10/site-packages:${PYTHONPATH} /usr/bin/python3 -W ignore:setup.py install is deprecated -W ignore:easy_install command is deprecated setup.py egg_info --egg-base ../../build/robot_sim build --build-base /workspace/ros2_ws/build/robot_sim/build install --record /workspace/ros2_ws/build/robot_sim/install.log --install-scripts $base/lib/robot_sim --single-version-externally-managed install_data
