[55.459s] Invoking command in '/workspace/ros2_ws/src/localization': PYTHONPATH=/workspace/build/localization/prefix_override:/usr/lib/python3/dist-packages/colcon_core/task/python/colcon_distutils_commands:/workspace/install/localization/lib/python3.10/site-packages:${PYTHONPATH} /usr/bin/python3 -W ignore:setup.py install is deprecated -W ignore:easy_install command is deprecated setup.py egg_info --egg-base ../../../build/localization build --build-base /workspace/build/localization/build install --record /workspace/build/localization/install.log --install-scripts $base/lib/localization --single-version-externally-managed install_data
[61.259s] running egg_info
[61.264s] writing ../../../build/localization/localization.egg-info/PKG-INFO
[61.389s] writing dependency_links to ../../../build/localization/localization.egg-info/dependency_links.txt
[61.569s] writing entry points to ../../../build/localization/localization.egg-info/entry_points.txt
[61.594s] writing requirements to ../../../build/localization/localization.egg-info/requires.txt
[61.608s] writing top-level names to ../../../build/localization/localization.egg-info/top_level.txt
[61.726s] reading manifest file '../../../build/localization/localization.egg-info/SOURCES.txt'
[61.823s] adding license file 'LICENSE'
[61.858s] writing manifest file '../../../build/localization/localization.egg-info/SOURCES.txt'
[61.928s] running build
[61.978s] running build_py
[62.003s] copying localization/localization_node.py -> /workspace/build/localization/build/lib/localization
[62.183s] running install
[62.190s] running install_lib
[62.194s] copying /workspace/build/localization/build/lib/localization/localization_node.py -> /workspace/install/localization/lib/python3.10/site-packages/localization
[62.287s] byte-compiling /workspace/install/localization/lib/python3.10/site-packages/localization/localization_node.py to localization_node.cpython-310.pyc
[62.743s] running install_data
[62.836s] running install_egg_info
[63.006s] removing '/workspace/install/localization/lib/python3.10/site-packages/localization-0.0.0-py3.10.egg-info' (and everything under it)
[63.109s] Copying ../../../build/localization/localization.egg-info to /workspace/install/localization/lib/python3.10/site-packages/localization-0.0.0-py3.10.egg-info
[63.580s] running install_scripts
[64.916s] Installing localization_node script to /workspace/install/localization/lib/localization
[65.027s] writing list of installed files to '/workspace/build/localization/install.log'
[68.416s] Invoked command in '/workspace/ros2_ws/src/localization' returned '0': PYTHONPATH=/workspace/build/localization/prefix_override:/usr/lib/python3/dist-packages/colcon_core/task/python/colcon_distutils_commands:/workspace/install/localization/lib/python3.10/site-packages:${PYTHONPATH} /usr/bin/python3 -W ignore:setup.py install is deprecated -W ignore:easy_install command is deprecated setup.py egg_info --egg-base ../../../build/localization build --build-base /workspace/build/localization/build install --record /workspace/build/localization/install.log --install-scripts $base/lib/localization --single-version-externally-managed install_data
