[3.166s] Invoking command in '/workspace/ros2_ws/src/robot_sim': PYTHONPATH=/workspace/build/robot_sim/prefix_override:/usr/lib/python3/dist-packages/colcon_core/task/python/colcon_distutils_commands:/workspace/install/robot_sim/lib/python3.10/site-packages:${PYTHONPATH} /usr/bin/python3 -W ignore:setup.py install is deprecated -W ignore:easy_install command is deprecated setup.py egg_info --egg-base ../../../build/robot_sim build --build-base /workspace/build/robot_sim/build install --record /workspace/build/robot_sim/install.log --install-scripts $base/lib/robot_sim --single-version-externally-managed install_data
[3.854s] running egg_info
[3.857s] writing ../../../build/robot_sim/robot_sim.egg-info/PKG-INFO
[3.861s] writing dependency_links to ../../../build/robot_sim/robot_sim.egg-info/dependency_links.txt
[3.865s] writing entry points to ../../../build/robot_sim/robot_sim.egg-info/entry_points.txt
[3.867s] writing requirements to ../../../build/robot_sim/robot_sim.egg-info/requires.txt
[3.869s] writing top-level names to ../../../build/robot_sim/robot_sim.egg-info/top_level.txt
[3.888s] reading manifest file '../../../build/robot_sim/robot_sim.egg-info/SOURCES.txt'
[3.899s] writing manifest file '../../../build/robot_sim/robot_sim.egg-info/SOURCES.txt'
[3.907s] running build
[3.909s] running build_py
[3.919s] running install
[3.924s] running install_lib
[3.928s] running install_data
[3.931s] running install_egg_info
[3.935s] removing '/workspace/install/robot_sim/lib/python3.10/site-packages/robot_sim-0.0.0-py3.10.egg-info' (and everything under it)
[3.941s] Copying ../../../build/robot_sim/robot_sim.egg-info to /workspace/install/robot_sim/lib/python3.10/site-packages/robot_sim-0.0.0-py3.10.egg-info
[3.997s] running install_scripts
[4.061s] Installing simulator script to /workspace/install/robot_sim/lib/robot_sim
[4.068s] writing list of installed files to '/workspace/build/robot_sim/install.log'
[4.136s] Invoked command in '/workspace/ros2_ws/src/robot_sim' returned '0': PYTHONPATH=/workspace/build/robot_sim/prefix_override:/usr/lib/python3/dist-packages/colcon_core/task/python/colcon_distutils_commands:/workspace/install/robot_sim/lib/python3.10/site-packages:${PYTHONPATH} /usr/bin/python3 -W ignore:setup.py install is deprecated -W ignore:easy_install command is deprecated setup.py egg_info --egg-base ../../../build/robot_sim build --build-base /workspace/build/robot_sim/build install --record /workspace/build/robot_sim/install.log --install-scripts $base/lib/robot_sim --single-version-externally-managed install_data
