[8.441s] Invoking command in '/workspace/ros2_ws/src/pure_pursuit': PYTHONPATH=/workspace/build/pure_pursuit/prefix_override:/usr/lib/python3/dist-packages/colcon_core/task/python/colcon_distutils_commands:/workspace/install/pure_pursuit/lib/python3.10/site-packages:${PYTHONPATH} /usr/bin/python3 -W ignore:setup.py install is deprecated -W ignore:easy_install command is deprecated setup.py egg_info --egg-base ../../../build/pure_pursuit build --build-base /workspace/build/pure_pursuit/build install --record /workspace/build/pure_pursuit/install.log --install-scripts $base/lib/pure_pursuit --single-version-externally-managed install_data
[10.318s] running egg_info
[10.325s] writing ../../../build/pure_pursuit/pure_pursuit.egg-info/PKG-INFO
[10.326s] writing dependency_links to ../../../build/pure_pursuit/pure_pursuit.egg-info/dependency_links.txt
[10.327s] writing entry points to ../../../build/pure_pursuit/pure_pursuit.egg-info/entry_points.txt
[10.338s] writing requirements to ../../../build/pure_pursuit/pure_pursuit.egg-info/requires.txt
[10.342s] writing top-level names to ../../../build/pure_pursuit/pure_pursuit.egg-info/top_level.txt
[10.348s] reading manifest file '../../../build/pure_pursuit/pure_pursuit.egg-info/SOURCES.txt'
[10.351s] adding license file 'LICENSE'
[10.374s] writing manifest file '../../../build/pure_pursuit/pure_pursuit.egg-info/SOURCES.txt'
[10.382s] running build
[10.388s] running build_py
[10.396s] copying pure_pursuit/controller.py -> /workspace/build/pure_pursuit/build/lib/pure_pursuit
[10.437s] running install
[10.456s] running install_lib
[10.491s] copying /workspace/build/pure_pursuit/build/lib/pure_pursuit/controller.py -> /workspace/install/pure_pursuit/lib/python3.10/site-packages/pure_pursuit
[10.503s] byte-compiling /workspace/install/pure_pursuit/lib/python3.10/site-packages/pure_pursuit/controller.py to controller.cpython-310.pyc
[10.517s] running install_data
[10.521s] running install_egg_info
[10.550s] removing '/workspace/install/pure_pursuit/lib/python3.10/site-packages/pure_pursuit-0.0.0-py3.10.egg-info' (and everything under it)
[10.593s] Copying ../../../build/pure_pursuit/pure_pursuit.egg-info to /workspace/install/pure_pursuit/lib/python3.10/site-packages/pure_pursuit-0.0.0-py3.10.egg-info
[10.666s] running install_scripts
[11.019s] Installing pure_pursuit_node script to /workspace/install/pure_pursuit/lib/pure_pursuit
[11.038s] writing list of installed files to '/workspace/build/pure_pursuit/install.log'
[11.135s] Invoked command in '/workspace/ros2_ws/src/pure_pursuit' returned '0': PYTHONPATH=/workspace/build/pure_pursuit/prefix_override:/usr/lib/python3/dist-packages/colcon_core/task/python/colcon_distutils_commands:/workspace/install/pure_pursuit/lib/python3.10/site-packages:${PYTHONPATH} /usr/bin/python3 -W ignore:setup.py install is deprecated -W ignore:easy_install command is deprecated setup.py egg_info --egg-base ../../../build/pure_pursuit build --build-base /workspace/build/pure_pursuit/build install --record /workspace/build/pure_pursuit/install.log --install-scripts $base/lib/pure_pursuit --single-version-externally-managed install_data
