[23.498s] Invoking command in '/workspace/ros2_ws/src/robot_sim': PYTHONPATH=/workspace/build/robot_sim/prefix_override:/usr/lib/python3/dist-packages/colcon_core/task/python/colcon_distutils_commands:/workspace/install/robot_sim/lib/python3.10/site-packages:${PYTHONPATH} /usr/bin/python3 -W ignore:setup.py install is deprecated -W ignore:easy_install command is deprecated setup.py egg_info --egg-base ../../../build/robot_sim build --build-base /workspace/build/robot_sim/build install --record /workspace/build/robot_sim/install.log --install-scripts $base/lib/robot_sim --single-version-externally-managed install_data
[27.637s] running egg_info
[27.653s] writing ../../../build/robot_sim/robot_sim.egg-info/PKG-INFO
[27.663s] writing dependency_links to ../../../build/robot_sim/robot_sim.egg-info/dependency_links.txt
[27.675s] writing entry points to ../../../build/robot_sim/robot_sim.egg-info/entry_points.txt
[27.688s] writing requirements to ../../../build/robot_sim/robot_sim.egg-info/requires.txt
[27.694s] writing top-level names to ../../../build/robot_sim/robot_sim.egg-info/top_level.txt
[27.784s] reading manifest file '../../../build/robot_sim/robot_sim.egg-info/SOURCES.txt'
[27.818s] writing manifest file '../../../build/robot_sim/robot_sim.egg-info/SOURCES.txt'
[27.842s] running build
[27.860s] running build_py
[27.942s] running install
[27.953s] running install_lib
[28.043s] running install_data
[28.064s] running install_egg_info
[28.103s] removing '/workspace/install/robot_sim/lib/python3.10/site-packages/robot_sim-0.0.0-py3.10.egg-info' (and everything under it)
[28.334s] Copying ../../../build/robot_sim/robot_sim.egg-info to /workspace/install/robot_sim/lib/python3.10/site-packages/robot_sim-0.0.0-py3.10.egg-info
[28.556s] running install_scripts
[28.970s] Installing simulator script to /workspace/install/robot_sim/lib/robot_sim
[29.004s] writing list of installed files to '/workspace/build/robot_sim/install.log'
[29.221s] Invoked command in '/workspace/ros2_ws/src/robot_sim' returned '0': PYTHONPATH=/workspace/build/robot_sim/prefix_override:/usr/lib/python3/dist-packages/colcon_core/task/python/colcon_distutils_commands:/workspace/install/robot_sim/lib/python3.10/site-packages:${PYTHONPATH} /usr/bin/python3 -W ignore:setup.py install is deprecated -W ignore:easy_install command is deprecated setup.py egg_info --egg-base ../../../build/robot_sim build --build-base /workspace/build/robot_sim/build install --record /workspace/build/robot_sim/install.log --install-scripts $base/lib/robot_sim --single-version-externally-managed install_data
