[1.891s] Invoking command in '/workspace/ros2_ws/src/robot_sim': PYTHONPATH=/workspace/build/robot_sim/prefix_override:/usr/lib/python3/dist-packages/colcon_core/task/python/colcon_distutils_commands:/workspace/install/robot_sim/lib/python3.10/site-packages:${PYTHONPATH} /usr/bin/python3 -W ignore:setup.py install is deprecated -W ignore:easy_install command is deprecated setup.py egg_info --egg-base ../../../build/robot_sim build --build-base /workspace/build/robot_sim/build install --record /workspace/build/robot_sim/install.log --install-scripts $base/lib/robot_sim --single-version-externally-managed install_data
[2.282s] running egg_info
[2.285s] writing ../../../build/robot_sim/robot_sim.egg-info/PKG-INFO
[2.290s] writing dependency_links to ../../../build/robot_sim/robot_sim.egg-info/dependency_links.txt
[2.293s] writing entry points to ../../../build/robot_sim/robot_sim.egg-info/entry_points.txt
[2.298s] writing requirements to ../../../build/robot_sim/robot_sim.egg-info/requires.txt
[2.305s] writing top-level names to ../../../build/robot_sim/robot_sim.egg-info/top_level.txt
[2.313s] reading manifest file '../../../build/robot_sim/robot_sim.egg-info/SOURCES.txt'
[2.316s] writing manifest file '../../../build/robot_sim/robot_sim.egg-info/SOURCES.txt'
[2.320s] running build
[2.321s] running build_py
[2.327s] running install
[2.329s] running install_lib
[2.338s] running install_data
[2.341s] running install_egg_info
[2.347s] removing '/workspace/install/robot_sim/lib/python3.10/site-packages/robot_sim-0.0.0-py3.10.egg-info' (and everything under it)
[2.355s] Copying ../../../build/robot_sim/robot_sim.egg-info to /workspace/install/robot_sim/lib/python3.10/site-packages/robot_sim-0.0.0-py3.10.egg-info
[2.368s] running install_scripts
[2.406s] Installing simulator script to /workspace/install/robot_sim/lib/robot_sim
[2.413s] writing list of installed files to '/workspace/build/robot_sim/install.log'
[2.455s] Invoked command in '/workspace/ros2_ws/src/robot_sim' returned '0': PYTHONPATH=/workspace/build/robot_sim/prefix_override:/usr/lib/python3/dist-packages/colcon_core/task/python/colcon_distutils_commands:/workspace/install/robot_sim/lib/python3.10/site-packages:${PYTHONPATH} /usr/bin/python3 -W ignore:setup.py install is deprecated -W ignore:easy_install command is deprecated setup.py egg_info --egg-base ../../../build/robot_sim build --build-base /workspace/build/robot_sim/build install --record /workspace/build/robot_sim/install.log --install-scripts $base/lib/robot_sim --single-version-externally-managed install_data
