[9.568s] Invoking command in '/workspace/ros2_ws/src/robot_sim': PYTHONPATH=/workspace/build/robot_sim/prefix_override:/usr/lib/python3/dist-packages/colcon_core/task/python/colcon_distutils_commands:/workspace/install/robot_sim/lib/python3.10/site-packages:${PYTHONPATH} /usr/bin/python3 -W ignore:setup.py install is deprecated -W ignore:easy_install command is deprecated setup.py egg_info --egg-base ../../../build/robot_sim build --build-base /workspace/build/robot_sim/build install --record /workspace/build/robot_sim/install.log --install-scripts $base/lib/robot_sim --single-version-externally-managed install_data
[12.348s] running egg_info
[12.381s] writing ../../../build/robot_sim/robot_sim.egg-info/PKG-INFO
[12.401s] writing dependency_links to ../../../build/robot_sim/robot_sim.egg-info/dependency_links.txt
[12.438s] writing entry points to ../../../build/robot_sim/robot_sim.egg-info/entry_points.txt
[12.444s] writing requirements to ../../../build/robot_sim/robot_sim.egg-info/requires.txt
[12.456s] writing top-level names to ../../../build/robot_sim/robot_sim.egg-info/top_level.txt
[12.574s] reading manifest file '../../../build/robot_sim/robot_sim.egg-info/SOURCES.txt'
[12.597s] writing manifest file '../../../build/robot_sim/robot_sim.egg-info/SOURCES.txt'
[12.602s] running build
[12.609s] running build_py
[12.626s] running install
[12.632s] running install_lib
[12.646s] running install_data
[12.661s] running install_egg_info
[12.687s] removing '/workspace/install/robot_sim/lib/python3.10/site-packages/robot_sim-0.0.0-py3.10.egg-info' (and everything under it)
[12.703s] Copying ../../../build/robot_sim/robot_sim.egg-info to /workspace/install/robot_sim/lib/python3.10/site-packages/robot_sim-0.0.0-py3.10.egg-info
[12.780s] running install_scripts
[12.828s] Installing simulator script to /workspace/install/robot_sim/lib/robot_sim
[12.852s] writing list of installed files to '/workspace/build/robot_sim/install.log'
[13.358s] Invoked command in '/workspace/ros2_ws/src/robot_sim' returned '0': PYTHONPATH=/workspace/build/robot_sim/prefix_override:/usr/lib/python3/dist-packages/colcon_core/task/python/colcon_distutils_commands:/workspace/install/robot_sim/lib/python3.10/site-packages:${PYTHONPATH} /usr/bin/python3 -W ignore:setup.py install is deprecated -W ignore:easy_install command is deprecated setup.py egg_info --egg-base ../../../build/robot_sim build --build-base /workspace/build/robot_sim/build install --record /workspace/build/robot_sim/install.log --install-scripts $base/lib/robot_sim --single-version-externally-managed install_data
