[5.423s] Invoking command in '/workspace/ros2_ws/src/robot_sim': PYTHONPATH=/workspace/build/robot_sim/prefix_override:/usr/lib/python3/dist-packages/colcon_core/task/python/colcon_distutils_commands:/workspace/install/robot_sim/lib/python3.10/site-packages:${PYTHONPATH} /usr/bin/python3 -W ignore:setup.py install is deprecated -W ignore:easy_install command is deprecated setup.py egg_info --egg-base ../../../build/robot_sim build --build-base /workspace/build/robot_sim/build install --record /workspace/build/robot_sim/install.log --install-scripts $base/lib/robot_sim --single-version-externally-managed install_data
[9.268s] running egg_info
[9.278s] writing ../../../build/robot_sim/robot_sim.egg-info/PKG-INFO
[9.286s] writing dependency_links to ../../../build/robot_sim/robot_sim.egg-info/dependency_links.txt
[9.293s] writing entry points to ../../../build/robot_sim/robot_sim.egg-info/entry_points.txt
[9.300s] writing requirements to ../../../build/robot_sim/robot_sim.egg-info/requires.txt
[9.312s] writing top-level names to ../../../build/robot_sim/robot_sim.egg-info/top_level.txt
[9.345s] reading manifest file '../../../build/robot_sim/robot_sim.egg-info/SOURCES.txt'
[9.349s] writing manifest file '../../../build/robot_sim/robot_sim.egg-info/SOURCES.txt'
[9.360s] running build
[9.371s] running build_py
[9.374s] running install
[9.385s] running install_lib
[9.399s] running install_data
[9.431s] running install_egg_info
[9.437s] removing '/workspace/install/robot_sim/lib/python3.10/site-packages/robot_sim-0.0.0-py3.10.egg-info' (and everything under it)
[9.442s] Copying ../../../build/robot_sim/robot_sim.egg-info to /workspace/install/robot_sim/lib/python3.10/site-packages/robot_sim-0.0.0-py3.10.egg-info
[9.678s] running install_scripts
[9.868s] Installing simulator script to /workspace/install/robot_sim/lib/robot_sim
[9.890s] writing list of installed files to '/workspace/build/robot_sim/install.log'
[10.078s] Invoked command in '/workspace/ros2_ws/src/robot_sim' returned '0': PYTHONPATH=/workspace/build/robot_sim/prefix_override:/usr/lib/python3/dist-packages/colcon_core/task/python/colcon_distutils_commands:/workspace/install/robot_sim/lib/python3.10/site-packages:${PYTHONPATH} /usr/bin/python3 -W ignore:setup.py install is deprecated -W ignore:easy_install command is deprecated setup.py egg_info --egg-base ../../../build/robot_sim build --build-base /workspace/build/robot_sim/build install --record /workspace/build/robot_sim/install.log --install-scripts $base/lib/robot_sim --single-version-externally-managed install_data
