[25.860s] Invoking command in '/workspace/ros2_ws/src/pure_pursuit': PYTHONPATH=/workspace/build/pure_pursuit/prefix_override:/usr/lib/python3/dist-packages/colcon_core/task/python/colcon_distutils_commands:/workspace/install/pure_pursuit/lib/python3.10/site-packages:${PYTHONPATH} /usr/bin/python3 -W ignore:setup.py install is deprecated -W ignore:easy_install command is deprecated setup.py egg_info --egg-base ../../../build/pure_pursuit build --build-base /workspace/build/pure_pursuit/build install --record /workspace/build/pure_pursuit/install.log --install-scripts $base/lib/pure_pursuit --single-version-externally-managed install_data
[28.821s] running egg_info
[28.827s] writing ../../../build/pure_pursuit/pure_pursuit.egg-info/PKG-INFO
[28.847s] writing dependency_links to ../../../build/pure_pursuit/pure_pursuit.egg-info/dependency_links.txt
[28.863s] writing entry points to ../../../build/pure_pursuit/pure_pursuit.egg-info/entry_points.txt
[28.867s] writing requirements to ../../../build/pure_pursuit/pure_pursuit.egg-info/requires.txt
[28.869s] writing top-level names to ../../../build/pure_pursuit/pure_pursuit.egg-info/top_level.txt
[28.919s] reading manifest file '../../../build/pure_pursuit/pure_pursuit.egg-info/SOURCES.txt'
[28.954s] adding license file 'LICENSE'
[28.961s] writing manifest file '../../../build/pure_pursuit/pure_pursuit.egg-info/SOURCES.txt'
[28.996s] running build
[29.158s] running build_py
[29.205s] copying pure_pursuit/controller.py -> /workspace/build/pure_pursuit/build/lib/pure_pursuit
[29.212s] running install
[29.242s] running install_lib
[29.249s] copying /workspace/build/pure_pursuit/build/lib/pure_pursuit/controller.py -> /workspace/install/pure_pursuit/lib/python3.10/site-packages/pure_pursuit
[29.564s] byte-compiling /workspace/install/pure_pursuit/lib/python3.10/site-packages/pure_pursuit/controller.py to controller.cpython-310.pyc
[30.546s] running install_data
[30.549s] running install_egg_info
[30.557s] removing '/workspace/install/pure_pursuit/lib/python3.10/site-packages/pure_pursuit-0.0.0-py3.10.egg-info' (and everything under it)
[30.580s] Copying ../../../build/pure_pursuit/pure_pursuit.egg-info to /workspace/install/pure_pursuit/lib/python3.10/site-packages/pure_pursuit-0.0.0-py3.10.egg-info
[31.734s] running install_scripts
[32.228s] Installing pure_pursuit_node script to /workspace/install/pure_pursuit/lib/pure_pursuit
[32.252s] writing list of installed files to '/workspace/build/pure_pursuit/install.log'
[32.723s] Invoked command in '/workspace/ros2_ws/src/pure_pursuit' returned '0': PYTHONPATH=/workspace/build/pure_pursuit/prefix_override:/usr/lib/python3/dist-packages/colcon_core/task/python/colcon_distutils_commands:/workspace/install/pure_pursuit/lib/python3.10/site-packages:${PYTHONPATH} /usr/bin/python3 -W ignore:setup.py install is deprecated -W ignore:easy_install command is deprecated setup.py egg_info --egg-base ../../../build/pure_pursuit build --build-base /workspace/build/pure_pursuit/build install --record /workspace/build/pure_pursuit/install.log --install-scripts $base/lib/pure_pursuit --single-version-externally-managed install_data
