[2.132s] Invoking command in '/workspace/ros2_ws/src/robot_sim': PYTHONPATH=/workspace/build/robot_sim/prefix_override:/usr/lib/python3/dist-packages/colcon_core/task/python/colcon_distutils_commands:/workspace/install/robot_sim/lib/python3.10/site-packages:${PYTHONPATH} /usr/bin/python3 -W ignore:setup.py install is deprecated -W ignore:easy_install command is deprecated setup.py egg_info --egg-base ../../../build/robot_sim build --build-base /workspace/build/robot_sim/build install --record /workspace/build/robot_sim/install.log --install-scripts $base/lib/robot_sim --single-version-externally-managed install_data
[2.537s] running egg_info
[2.542s] writing ../../../build/robot_sim/robot_sim.egg-info/PKG-INFO
[2.544s] writing dependency_links to ../../../build/robot_sim/robot_sim.egg-info/dependency_links.txt
[2.546s] writing entry points to ../../../build/robot_sim/robot_sim.egg-info/entry_points.txt
[2.548s] writing requirements to ../../../build/robot_sim/robot_sim.egg-info/requires.txt
[2.550s] writing top-level names to ../../../build/robot_sim/robot_sim.egg-info/top_level.txt
[2.564s] reading manifest file '../../../build/robot_sim/robot_sim.egg-info/SOURCES.txt'
[2.572s] writing manifest file '../../../build/robot_sim/robot_sim.egg-info/SOURCES.txt'
[2.574s] running build
[2.576s] running build_py
[2.589s] running install
[2.591s] running install_lib
[2.597s] running install_data
[2.601s] running install_egg_info
[2.610s] removing '/workspace/install/robot_sim/lib/python3.10/site-packages/robot_sim-0.0.0-py3.10.egg-info' (and everything under it)
[2.633s] Copying ../../../build/robot_sim/robot_sim.egg-info to /workspace/install/robot_sim/lib/python3.10/site-packages/robot_sim-0.0.0-py3.10.egg-info
[2.695s] running install_scripts
[2.752s] Installing simulator script to /workspace/install/robot_sim/lib/robot_sim
[2.759s] writing list of installed files to '/workspace/build/robot_sim/install.log'
[2.825s] Invoked command in '/workspace/ros2_ws/src/robot_sim' returned '0': PYTHONPATH=/workspace/build/robot_sim/prefix_override:/usr/lib/python3/dist-packages/colcon_core/task/python/colcon_distutils_commands:/workspace/install/robot_sim/lib/python3.10/site-packages:${PYTHONPATH} /usr/bin/python3 -W ignore:setup.py install is deprecated -W ignore:easy_install command is deprecated setup.py egg_info --egg-base ../../../build/robot_sim build --build-base /workspace/build/robot_sim/build install --record /workspace/build/robot_sim/install.log --install-scripts $base/lib/robot_sim --single-version-externally-managed install_data
