[4.621s] Invoking command in '/workspace/ros2_ws/src/pure_pursuit': PYTHONPATH=/workspace/build/pure_pursuit/prefix_override:/usr/lib/python3/dist-packages/colcon_core/task/python/colcon_distutils_commands:/workspace/install/pure_pursuit/lib/python3.10/site-packages:${PYTHONPATH} /usr/bin/python3 -W ignore:setup.py install is deprecated -W ignore:easy_install command is deprecated setup.py egg_info --egg-base ../../../build/pure_pursuit build --build-base /workspace/build/pure_pursuit/build install --record /workspace/build/pure_pursuit/install.log --install-scripts $base/lib/pure_pursuit --single-version-externally-managed install_data
[5.301s] running egg_info
[5.308s] writing ../../../build/pure_pursuit/pure_pursuit.egg-info/PKG-INFO
[5.377s] writing dependency_links to ../../../build/pure_pursuit/pure_pursuit.egg-info/dependency_links.txt
[5.413s] writing entry points to ../../../build/pure_pursuit/pure_pursuit.egg-info/entry_points.txt
[5.418s] writing requirements to ../../../build/pure_pursuit/pure_pursuit.egg-info/requires.txt
[5.428s] writing top-level names to ../../../build/pure_pursuit/pure_pursuit.egg-info/top_level.txt
[5.487s] reading manifest file '../../../build/pure_pursuit/pure_pursuit.egg-info/SOURCES.txt'
[5.494s] adding license file 'LICENSE'
[5.502s] writing manifest file '../../../build/pure_pursuit/pure_pursuit.egg-info/SOURCES.txt'
[5.507s] running build
[5.515s] running build_py
[5.565s] copying pure_pursuit/test_path.py -> /workspace/build/pure_pursuit/build/lib/pure_pursuit
[5.570s] running install
[5.617s] running install_lib
[5.633s] copying /workspace/build/pure_pursuit/build/lib/pure_pursuit/test_path.py -> /workspace/install/pure_pursuit/lib/python3.10/site-packages/pure_pursuit
[5.652s] byte-compiling /workspace/install/pure_pursuit/lib/python3.10/site-packages/pure_pursuit/test_path.py to test_path.cpython-310.pyc
[5.657s] running install_data
[5.659s] running install_egg_info
[5.661s] removing '/workspace/install/pure_pursuit/lib/python3.10/site-packages/pure_pursuit-0.0.0-py3.10.egg-info' (and everything under it)
[5.663s] Copying ../../../build/pure_pursuit/pure_pursuit.egg-info to /workspace/install/pure_pursuit/lib/python3.10/site-packages/pure_pursuit-0.0.0-py3.10.egg-info
[5.692s] running install_scripts
[5.762s] Installing pure_pursuit_node script to /workspace/install/pure_pursuit/lib/pure_pursuit
[5.770s] writing list of installed files to '/workspace/build/pure_pursuit/install.log'
[5.988s] Invoked command in '/workspace/ros2_ws/src/pure_pursuit' returned '0': PYTHONPATH=/workspace/build/pure_pursuit/prefix_override:/usr/lib/python3/dist-packages/colcon_core/task/python/colcon_distutils_commands:/workspace/install/pure_pursuit/lib/python3.10/site-packages:${PYTHONPATH} /usr/bin/python3 -W ignore:setup.py install is deprecated -W ignore:easy_install command is deprecated setup.py egg_info --egg-base ../../../build/pure_pursuit build --build-base /workspace/build/pure_pursuit/build install --record /workspace/build/pure_pursuit/install.log --install-scripts $base/lib/pure_pursuit --single-version-externally-managed install_data
