[8.375s] Invoking command in '/workspace/ros2_ws/src/pure_pursuit': PYTHONPATH=/workspace/build/pure_pursuit/prefix_override:/usr/lib/python3/dist-packages/colcon_core/task/python/colcon_distutils_commands:/workspace/install/pure_pursuit/lib/python3.10/site-packages:${PYTHONPATH} /usr/bin/python3 -W ignore:setup.py install is deprecated -W ignore:easy_install command is deprecated setup.py egg_info --egg-base ../../../build/pure_pursuit build --build-base /workspace/build/pure_pursuit/build install --record /workspace/build/pure_pursuit/install.log --install-scripts $base/lib/pure_pursuit --single-version-externally-managed install_data
[10.055s] running egg_info
[10.058s] writing ../../../build/pure_pursuit/pure_pursuit.egg-info/PKG-INFO
[10.068s] writing dependency_links to ../../../build/pure_pursuit/pure_pursuit.egg-info/dependency_links.txt
[10.072s] writing entry points to ../../../build/pure_pursuit/pure_pursuit.egg-info/entry_points.txt
[10.074s] writing requirements to ../../../build/pure_pursuit/pure_pursuit.egg-info/requires.txt
[10.076s] writing top-level names to ../../../build/pure_pursuit/pure_pursuit.egg-info/top_level.txt
[10.103s] reading manifest file '../../../build/pure_pursuit/pure_pursuit.egg-info/SOURCES.txt'
[10.108s] adding license file 'LICENSE'
[10.111s] writing manifest file '../../../build/pure_pursuit/pure_pursuit.egg-info/SOURCES.txt'
[10.113s] running build
[10.115s] running build_py
[10.118s] running install
[10.123s] running install_lib
[10.136s] running install_data
[10.166s] running install_egg_info
[10.169s] removing '/workspace/install/pure_pursuit/lib/python3.10/site-packages/pure_pursuit-0.0.0-py3.10.egg-info' (and everything under it)
[10.174s] Copying ../../../build/pure_pursuit/pure_pursuit.egg-info to /workspace/install/pure_pursuit/lib/python3.10/site-packages/pure_pursuit-0.0.0-py3.10.egg-info
[10.288s] running install_scripts
[10.519s] Installing pure_pursuit_node script to /workspace/install/pure_pursuit/lib/pure_pursuit
[10.547s] writing list of installed files to '/workspace/build/pure_pursuit/install.log'
[10.654s] Invoked command in '/workspace/ros2_ws/src/pure_pursuit' returned '0': PYTHONPATH=/workspace/build/pure_pursuit/prefix_override:/usr/lib/python3/dist-packages/colcon_core/task/python/colcon_distutils_commands:/workspace/install/pure_pursuit/lib/python3.10/site-packages:${PYTHONPATH} /usr/bin/python3 -W ignore:setup.py install is deprecated -W ignore:easy_install command is deprecated setup.py egg_info --egg-base ../../../build/pure_pursuit build --build-base /workspace/build/pure_pursuit/build install --record /workspace/build/pure_pursuit/install.log --install-scripts $base/lib/pure_pursuit --single-version-externally-managed install_data
