[7.249s] Invoking command in '/workspace/ros2_ws/src/localization': PYTHONPATH=/workspace/build/localization/prefix_override:/usr/lib/python3/dist-packages/colcon_core/task/python/colcon_distutils_commands:/workspace/install/localization/lib/python3.10/site-packages:${PYTHONPATH} /usr/bin/python3 -W ignore:setup.py install is deprecated -W ignore:easy_install command is deprecated setup.py egg_info --egg-base ../../../build/localization build --build-base /workspace/build/localization/build install --record /workspace/build/localization/install.log --install-scripts $base/lib/localization --single-version-externally-managed install_data
[14.432s] running egg_info
[14.445s] writing ../../../build/localization/localization.egg-info/PKG-INFO
[14.461s] writing dependency_links to ../../../build/localization/localization.egg-info/dependency_links.txt
[14.660s] writing entry points to ../../../build/localization/localization.egg-info/entry_points.txt
[14.691s] writing requirements to ../../../build/localization/localization.egg-info/requires.txt
[14.700s] writing top-level names to ../../../build/localization/localization.egg-info/top_level.txt
[14.863s] reading manifest file '../../../build/localization/localization.egg-info/SOURCES.txt'
[15.013s] adding license file 'LICENSE'
[15.074s] writing manifest file '../../../build/localization/localization.egg-info/SOURCES.txt'
[15.254s] running build
[15.277s] running build_py
[15.310s] running install
[15.340s] running install_lib
[15.427s] running install_data
[15.432s] running install_egg_info
[15.504s] removing '/workspace/install/localization/lib/python3.10/site-packages/localization-0.0.0-py3.10.egg-info' (and everything under it)
[15.585s] Copying ../../../build/localization/localization.egg-info to /workspace/install/localization/lib/python3.10/site-packages/localization-0.0.0-py3.10.egg-info
[15.826s] running install_scripts
[16.271s] Installing localization_node script to /workspace/install/localization/lib/localization
[16.302s] writing list of installed files to '/workspace/build/localization/install.log'
[17.027s] Invoked command in '/workspace/ros2_ws/src/localization' returned '0': PYTHONPATH=/workspace/build/localization/prefix_override:/usr/lib/python3/dist-packages/colcon_core/task/python/colcon_distutils_commands:/workspace/install/localization/lib/python3.10/site-packages:${PYTHONPATH} /usr/bin/python3 -W ignore:setup.py install is deprecated -W ignore:easy_install command is deprecated setup.py egg_info --egg-base ../../../build/localization build --build-base /workspace/build/localization/build install --record /workspace/build/localization/install.log --install-scripts $base/lib/localization --single-version-externally-managed install_data
