[5.510s] Invoking command in '/workspace/ros2_ws/src/localization': PYTHONPATH=/workspace/build/localization/prefix_override:/usr/lib/python3/dist-packages/colcon_core/task/python/colcon_distutils_commands:/workspace/install/localization/lib/python3.10/site-packages:${PYTHONPATH} /usr/bin/python3 -W ignore:setup.py install is deprecated -W ignore:easy_install command is deprecated setup.py egg_info --egg-base ../../../build/localization build --build-base /workspace/build/localization/build install --record /workspace/build/localization/install.log --install-scripts $base/lib/localization --single-version-externally-managed install_data
[7.555s] running egg_info
[7.561s] writing ../../../build/localization/localization.egg-info/PKG-INFO
[7.574s] writing dependency_links to ../../../build/localization/localization.egg-info/dependency_links.txt
[7.577s] writing entry points to ../../../build/localization/localization.egg-info/entry_points.txt
[7.587s] writing requirements to ../../../build/localization/localization.egg-info/requires.txt
[7.589s] writing top-level names to ../../../build/localization/localization.egg-info/top_level.txt
[7.713s] reading manifest file '../../../build/localization/localization.egg-info/SOURCES.txt'
[7.744s] adding license file 'LICENSE'
[7.749s] writing manifest file '../../../build/localization/localization.egg-info/SOURCES.txt'
[7.754s] running build
[7.757s] running build_py
[7.784s] running install
[7.787s] running install_lib
[7.857s] running install_data
[7.866s] running install_egg_info
[7.883s] removing '/workspace/install/localization/lib/python3.10/site-packages/localization-0.0.0-py3.10.egg-info' (and everything under it)
[7.959s] Copying ../../../build/localization/localization.egg-info to /workspace/install/localization/lib/python3.10/site-packages/localization-0.0.0-py3.10.egg-info
[8.359s] running install_scripts
[8.636s] Installing localization_node script to /workspace/install/localization/lib/localization
[8.654s] writing list of installed files to '/workspace/build/localization/install.log'
[8.826s] Invoked command in '/workspace/ros2_ws/src/localization' returned '0': PYTHONPATH=/workspace/build/localization/prefix_override:/usr/lib/python3/dist-packages/colcon_core/task/python/colcon_distutils_commands:/workspace/install/localization/lib/python3.10/site-packages:${PYTHONPATH} /usr/bin/python3 -W ignore:setup.py install is deprecated -W ignore:easy_install command is deprecated setup.py egg_info --egg-base ../../../build/localization build --build-base /workspace/build/localization/build install --record /workspace/build/localization/install.log --install-scripts $base/lib/localization --single-version-externally-managed install_data
