[2.244s] Invoking command in '/workspace/ros2_ws/src/localization': PYTHONPATH=/workspace/build/localization/prefix_override:/usr/lib/python3/dist-packages/colcon_core/task/python/colcon_distutils_commands:/workspace/install/localization/lib/python3.10/site-packages:${PYTHONPATH} /usr/bin/python3 -W ignore:setup.py install is deprecated -W ignore:easy_install command is deprecated setup.py egg_info --egg-base ../../../build/localization build --build-base /workspace/build/localization/build install --record /workspace/build/localization/install.log --install-scripts $base/lib/localization --single-version-externally-managed install_data
[2.746s] running egg_info
[2.752s] writing ../../../build/localization/localization.egg-info/PKG-INFO
[2.756s] writing dependency_links to ../../../build/localization/localization.egg-info/dependency_links.txt
[2.761s] writing entry points to ../../../build/localization/localization.egg-info/entry_points.txt
[2.764s] writing requirements to ../../../build/localization/localization.egg-info/requires.txt
[2.771s] writing top-level names to ../../../build/localization/localization.egg-info/top_level.txt
[2.775s] reading manifest file '../../../build/localization/localization.egg-info/SOURCES.txt'
[2.783s] adding license file 'LICENSE'
[2.785s] writing manifest file '../../../build/localization/localization.egg-info/SOURCES.txt'
[2.792s] running build
[2.797s] running build_py
[2.803s] running install
[2.807s] running install_lib
[2.813s] running install_data
[2.815s] running install_egg_info
[2.819s] removing '/workspace/install/localization/lib/python3.10/site-packages/localization-0.0.0-py3.10.egg-info' (and everything under it)
[2.824s] Copying ../../../build/localization/localization.egg-info to /workspace/install/localization/lib/python3.10/site-packages/localization-0.0.0-py3.10.egg-info
[2.869s] running install_scripts
[2.925s] Installing localization_node script to /workspace/install/localization/lib/localization
[2.937s] writing list of installed files to '/workspace/build/localization/install.log'
[3.043s] Invoked command in '/workspace/ros2_ws/src/localization' returned '0': PYTHONPATH=/workspace/build/localization/prefix_override:/usr/lib/python3/dist-packages/colcon_core/task/python/colcon_distutils_commands:/workspace/install/localization/lib/python3.10/site-packages:${PYTHONPATH} /usr/bin/python3 -W ignore:setup.py install is deprecated -W ignore:easy_install command is deprecated setup.py egg_info --egg-base ../../../build/localization build --build-base /workspace/build/localization/build install --record /workspace/build/localization/install.log --install-scripts $base/lib/localization --single-version-externally-managed install_data
