[6.861s] Invoking command in '/workspace/ros2_ws/src/localization': PYTHONPATH=/workspace/build/localization/prefix_override:/usr/lib/python3/dist-packages/colcon_core/task/python/colcon_distutils_commands:/workspace/install/localization/lib/python3.10/site-packages:${PYTHONPATH} /usr/bin/python3 -W ignore:setup.py install is deprecated -W ignore:easy_install command is deprecated setup.py egg_info --egg-base ../../../build/localization build --build-base /workspace/build/localization/build install --record /workspace/build/localization/install.log --install-scripts $base/lib/localization --single-version-externally-managed install_data
[7.824s] running egg_info
[7.826s] writing ../../../build/localization/localization.egg-info/PKG-INFO
[7.831s] writing dependency_links to ../../../build/localization/localization.egg-info/dependency_links.txt
[7.834s] writing entry points to ../../../build/localization/localization.egg-info/entry_points.txt
[7.838s] writing requirements to ../../../build/localization/localization.egg-info/requires.txt
[7.845s] writing top-level names to ../../../build/localization/localization.egg-info/top_level.txt
[7.862s] reading manifest file '../../../build/localization/localization.egg-info/SOURCES.txt'
[7.874s] adding license file 'LICENSE'
[7.876s] writing manifest file '../../../build/localization/localization.egg-info/SOURCES.txt'
[7.880s] running build
[7.884s] running build_py
[7.894s] copying localization/camera.py -> /workspace/build/localization/build/lib/localization
[7.927s] running install
[7.929s] running install_lib
[7.931s] copying /workspace/build/localization/build/lib/localization/camera.py -> /workspace/install/localization/lib/python3.10/site-packages/localization
[7.952s] byte-compiling /workspace/install/localization/lib/python3.10/site-packages/localization/camera.py to camera.cpython-310.pyc
[7.970s] running install_data
[7.973s] running install_egg_info
[7.983s] removing '/workspace/install/localization/lib/python3.10/site-packages/localization-0.0.0-py3.10.egg-info' (and everything under it)
[8.000s] Copying ../../../build/localization/localization.egg-info to /workspace/install/localization/lib/python3.10/site-packages/localization-0.0.0-py3.10.egg-info
[8.059s] running install_scripts
[8.135s] Installing apriltag_node script to /workspace/install/localization/lib/localization
[8.138s] Installing localization_node script to /workspace/install/localization/lib/localization
[8.157s] writing list of installed files to '/workspace/build/localization/install.log'
[8.231s] Invoked command in '/workspace/ros2_ws/src/localization' returned '0': PYTHONPATH=/workspace/build/localization/prefix_override:/usr/lib/python3/dist-packages/colcon_core/task/python/colcon_distutils_commands:/workspace/install/localization/lib/python3.10/site-packages:${PYTHONPATH} /usr/bin/python3 -W ignore:setup.py install is deprecated -W ignore:easy_install command is deprecated setup.py egg_info --egg-base ../../../build/localization build --build-base /workspace/build/localization/build install --record /workspace/build/localization/install.log --install-scripts $base/lib/localization --single-version-externally-managed install_data
