[14.619s] Invoking command in '/workspace/ros2_ws/src/pure_pursuit': PYTHONPATH=/workspace/build/pure_pursuit/prefix_override:/usr/lib/python3/dist-packages/colcon_core/task/python/colcon_distutils_commands:/workspace/install/pure_pursuit/lib/python3.10/site-packages:${PYTHONPATH} /usr/bin/python3 -W ignore:setup.py install is deprecated -W ignore:easy_install command is deprecated setup.py egg_info --egg-base ../../../build/pure_pursuit build --build-base /workspace/build/pure_pursuit/build install --record /workspace/build/pure_pursuit/install.log --install-scripts $base/lib/pure_pursuit --single-version-externally-managed install_data
[17.501s] running egg_info
[17.509s] writing ../../../build/pure_pursuit/pure_pursuit.egg-info/PKG-INFO
[17.538s] writing dependency_links to ../../../build/pure_pursuit/pure_pursuit.egg-info/dependency_links.txt
[17.541s] writing entry points to ../../../build/pure_pursuit/pure_pursuit.egg-info/entry_points.txt
[17.562s] writing requirements to ../../../build/pure_pursuit/pure_pursuit.egg-info/requires.txt
[17.610s] writing top-level names to ../../../build/pure_pursuit/pure_pursuit.egg-info/top_level.txt
[17.689s] reading manifest file '../../../build/pure_pursuit/pure_pursuit.egg-info/SOURCES.txt'
[17.701s] adding license file 'LICENSE'
[17.707s] writing manifest file '../../../build/pure_pursuit/pure_pursuit.egg-info/SOURCES.txt'
[17.711s] running build
[17.723s] running build_py
[17.742s] running install
[17.752s] running install_lib
[17.786s] running install_data
[17.806s] running install_egg_info
[17.812s] removing '/workspace/install/pure_pursuit/lib/python3.10/site-packages/pure_pursuit-0.0.0-py3.10.egg-info' (and everything under it)
[17.834s] Copying ../../../build/pure_pursuit/pure_pursuit.egg-info to /workspace/install/pure_pursuit/lib/python3.10/site-packages/pure_pursuit-0.0.0-py3.10.egg-info
[18.021s] running install_scripts
[18.515s] writing list of installed files to '/workspace/build/pure_pursuit/install.log'
[18.929s] Invoked command in '/workspace/ros2_ws/src/pure_pursuit' returned '0': PYTHONPATH=/workspace/build/pure_pursuit/prefix_override:/usr/lib/python3/dist-packages/colcon_core/task/python/colcon_distutils_commands:/workspace/install/pure_pursuit/lib/python3.10/site-packages:${PYTHONPATH} /usr/bin/python3 -W ignore:setup.py install is deprecated -W ignore:easy_install command is deprecated setup.py egg_info --egg-base ../../../build/pure_pursuit build --build-base /workspace/build/pure_pursuit/build install --record /workspace/build/pure_pursuit/install.log --install-scripts $base/lib/pure_pursuit --single-version-externally-managed install_data
