[0.000000] (-) TimerEvent: {}
[0.003958] (localization) JobQueued: {'identifier': 'localization', 'dependencies': OrderedDict()}
[0.004254] (pure_pursuit) JobQueued: {'identifier': 'pure_pursuit', 'dependencies': OrderedDict()}
[0.004559] (robot_sim) JobQueued: {'identifier': 'robot_sim', 'dependencies': OrderedDict()}
[0.004792] (localization) JobStarted: {'identifier': 'localization'}
[0.045971] (pure_pursuit) JobStarted: {'identifier': 'pure_pursuit'}
[0.080108] (robot_sim) JobStarted: {'identifier': 'robot_sim'}
[0.099221] (-) TimerEvent: {}
[0.202531] (-) TimerEvent: {}
[0.303604] (-) TimerEvent: {}
[0.404559] (-) TimerEvent: {}
[0.509414] (-) TimerEvent: {}
[0.610422] (-) TimerEvent: {}
[0.711457] (-) TimerEvent: {}
[0.812526] (-) TimerEvent: {}
[0.913407] (-) TimerEvent: {}
[1.017472] (-) TimerEvent: {}
[1.118515] (-) TimerEvent: {}
[1.220549] (-) TimerEvent: {}
[1.321570] (-) TimerEvent: {}
[1.423410] (-) TimerEvent: {}
[1.459025] (robot_sim) JobEnded: {'identifier': 'robot_sim', 'rc': 0}
[1.461993] (localization) JobEnded: {'identifier': 'localization', 'rc': 'SIGINT'}
[1.464970] (pure_pursuit) JobEnded: {'identifier': 'pure_pursuit', 'rc': 'SIGINT'}
[1.474714] (-) EventReactorShutdown: {}
