[8.134s] Invoking command in '/workspace/ros2_ws/src/localization': PYTHONPATH=/workspace/build/localization/prefix_override:/usr/lib/python3/dist-packages/colcon_core/task/python/colcon_distutils_commands:/workspace/install/localization/lib/python3.10/site-packages:${PYTHONPATH} /usr/bin/python3 -W ignore:setup.py install is deprecated -W ignore:easy_install command is deprecated setup.py egg_info --egg-base ../../../build/localization build --build-base /workspace/build/localization/build install --record /workspace/build/localization/install.log --install-scripts $base/lib/localization --single-version-externally-managed install_data
[9.329s] running egg_info
[9.340s] writing ../../../build/localization/localization.egg-info/PKG-INFO
[9.344s] writing dependency_links to ../../../build/localization/localization.egg-info/dependency_links.txt
[9.356s] writing entry points to ../../../build/localization/localization.egg-info/entry_points.txt
[9.363s] writing requirements to ../../../build/localization/localization.egg-info/requires.txt
[9.369s] writing top-level names to ../../../build/localization/localization.egg-info/top_level.txt
[9.409s] reading manifest file '../../../build/localization/localization.egg-info/SOURCES.txt'
[9.429s] adding license file 'LICENSE'
[9.437s] writing manifest file '../../../build/localization/localization.egg-info/SOURCES.txt'
[9.446s] running build
[9.450s] running build_py
[9.461s] running install
[9.463s] running install_lib
[9.476s] running install_data
[9.481s] running install_egg_info
[9.484s] removing '/workspace/install/localization/lib/python3.10/site-packages/localization-0.0.0-py3.10.egg-info' (and everything under it)
[9.488s] Copying ../../../build/localization/localization.egg-info to /workspace/install/localization/lib/python3.10/site-packages/localization-0.0.0-py3.10.egg-info
[9.574s] running install_scripts
[9.678s] Installing localization_node script to /workspace/install/localization/lib/localization
[9.695s] writing list of installed files to '/workspace/build/localization/install.log'
[10.015s] Invoked command in '/workspace/ros2_ws/src/localization' returned '0': PYTHONPATH=/workspace/build/localization/prefix_override:/usr/lib/python3/dist-packages/colcon_core/task/python/colcon_distutils_commands:/workspace/install/localization/lib/python3.10/site-packages:${PYTHONPATH} /usr/bin/python3 -W ignore:setup.py install is deprecated -W ignore:easy_install command is deprecated setup.py egg_info --egg-base ../../../build/localization build --build-base /workspace/build/localization/build install --record /workspace/build/localization/install.log --install-scripts $base/lib/localization --single-version-externally-managed install_data
