[4.440s] Invoking command in '/workspace/ros2_ws/src/localization': PYTHONPATH=/workspace/build/localization/prefix_override:/usr/lib/python3/dist-packages/colcon_core/task/python/colcon_distutils_commands:/workspace/install/localization/lib/python3.10/site-packages:${PYTHONPATH} /usr/bin/python3 -W ignore:setup.py install is deprecated -W ignore:easy_install command is deprecated setup.py egg_info --egg-base ../../../build/localization build --build-base /workspace/build/localization/build install --record /workspace/build/localization/install.log --install-scripts $base/lib/localization --single-version-externally-managed install_data
[5.707s] running egg_info
[5.710s] writing ../../../build/localization/localization.egg-info/PKG-INFO
[5.716s] writing dependency_links to ../../../build/localization/localization.egg-info/dependency_links.txt
[5.736s] writing entry points to ../../../build/localization/localization.egg-info/entry_points.txt
[5.758s] writing requirements to ../../../build/localization/localization.egg-info/requires.txt
[5.767s] writing top-level names to ../../../build/localization/localization.egg-info/top_level.txt
[5.779s] reading manifest file '../../../build/localization/localization.egg-info/SOURCES.txt'
[5.788s] adding license file 'LICENSE'
[5.791s] writing manifest file '../../../build/localization/localization.egg-info/SOURCES.txt'
[5.793s] running build
[5.797s] running build_py
[5.804s] running install
[5.807s] running install_lib
[5.818s] running install_data
[5.826s] running install_egg_info
[5.830s] removing '/workspace/install/localization/lib/python3.10/site-packages/localization-0.0.0-py3.10.egg-info' (and everything under it)
[5.835s] Copying ../../../build/localization/localization.egg-info to /workspace/install/localization/lib/python3.10/site-packages/localization-0.0.0-py3.10.egg-info
[5.894s] running install_scripts
[5.973s] Installing apriltag_node script to /workspace/install/localization/lib/localization
[5.998s] Installing localization_node script to /workspace/install/localization/lib/localization
[6.015s] writing list of installed files to '/workspace/build/localization/install.log'
[6.143s] Invoked command in '/workspace/ros2_ws/src/localization' returned '0': PYTHONPATH=/workspace/build/localization/prefix_override:/usr/lib/python3/dist-packages/colcon_core/task/python/colcon_distutils_commands:/workspace/install/localization/lib/python3.10/site-packages:${PYTHONPATH} /usr/bin/python3 -W ignore:setup.py install is deprecated -W ignore:easy_install command is deprecated setup.py egg_info --egg-base ../../../build/localization build --build-base /workspace/build/localization/build install --record /workspace/build/localization/install.log --install-scripts $base/lib/localization --single-version-externally-managed install_data
