[5.392s] Invoking command in '/workspace/ros2_ws/src/localization': PYTHONPATH=/workspace/build/localization/prefix_override:/usr/lib/python3/dist-packages/colcon_core/task/python/colcon_distutils_commands:/workspace/install/localization/lib/python3.10/site-packages:${PYTHONPATH} /usr/bin/python3 -W ignore:setup.py install is deprecated -W ignore:easy_install command is deprecated setup.py egg_info --egg-base ../../../build/localization build --build-base /workspace/build/localization/build install --record /workspace/build/localization/install.log --install-scripts $base/lib/localization --single-version-externally-managed install_data
[6.872s] running egg_info
[6.880s] writing ../../../build/localization/localization.egg-info/PKG-INFO
[6.884s] writing dependency_links to ../../../build/localization/localization.egg-info/dependency_links.txt
[6.897s] writing entry points to ../../../build/localization/localization.egg-info/entry_points.txt
[6.906s] writing requirements to ../../../build/localization/localization.egg-info/requires.txt
[6.915s] writing top-level names to ../../../build/localization/localization.egg-info/top_level.txt
[7.020s] reading manifest file '../../../build/localization/localization.egg-info/SOURCES.txt'
[7.024s] adding license file 'LICENSE'
[7.033s] writing manifest file '../../../build/localization/localization.egg-info/SOURCES.txt'
[7.039s] running build
[7.043s] running build_py
[7.076s] running install
[7.086s] running install_lib
[7.117s] running install_data
[7.123s] running install_egg_info
[7.137s] removing '/workspace/install/localization/lib/python3.10/site-packages/localization-0.0.0-py3.10.egg-info' (and everything under it)
[7.148s] Copying ../../../build/localization/localization.egg-info to /workspace/install/localization/lib/python3.10/site-packages/localization-0.0.0-py3.10.egg-info
[7.181s] running install_scripts
[7.267s] Installing localization_node script to /workspace/install/localization/lib/localization
[7.278s] writing list of installed files to '/workspace/build/localization/install.log'
[7.655s] Invoked command in '/workspace/ros2_ws/src/localization' returned '0': PYTHONPATH=/workspace/build/localization/prefix_override:/usr/lib/python3/dist-packages/colcon_core/task/python/colcon_distutils_commands:/workspace/install/localization/lib/python3.10/site-packages:${PYTHONPATH} /usr/bin/python3 -W ignore:setup.py install is deprecated -W ignore:easy_install command is deprecated setup.py egg_info --egg-base ../../../build/localization build --build-base /workspace/build/localization/build install --record /workspace/build/localization/install.log --install-scripts $base/lib/localization --single-version-externally-managed install_data
