[18.898s] Invoking command in '/workspace/ros2_ws/build/pure_pursuit': PYTHONPATH=/workspace/ros2_ws/build/pure_pursuit/prefix_override:/usr/lib/python3/dist-packages/colcon_core/task/python/colcon_distutils_commands:/workspace/ros2_ws/install/pure_pursuit/lib/python3.10/site-packages:${PYTHONPATH} /usr/bin/python3 -W ignore:setup.py install is deprecated -W ignore:easy_install command is deprecated setup.py develop --editable --build-directory /workspace/ros2_ws/build/pure_pursuit/build --no-deps symlink_data
[28.594s] running develop
[30.760s] running egg_info
[30.763s] creating pure_pursuit.egg-info
[30.774s] writing pure_pursuit.egg-info/PKG-INFO
[30.814s] writing dependency_links to pure_pursuit.egg-info/dependency_links.txt
[30.822s] writing entry points to pure_pursuit.egg-info/entry_points.txt
[30.831s] writing requirements to pure_pursuit.egg-info/requires.txt
[30.841s] writing top-level names to pure_pursuit.egg-info/top_level.txt
[30.855s] writing manifest file 'pure_pursuit.egg-info/SOURCES.txt'
[30.916s] reading manifest file 'pure_pursuit.egg-info/SOURCES.txt'
[30.943s] writing manifest file 'pure_pursuit.egg-info/SOURCES.txt'
[30.958s] running build_ext
[30.983s] Creating /workspace/ros2_ws/install/pure_pursuit/lib/python3.10/site-packages/pure-pursuit.egg-link (link to .)
[31.052s] 
[31.057s] Installed /workspace/ros2_ws/build/pure_pursuit
[31.064s] running symlink_data
[31.074s] creating /workspace/ros2_ws/install/pure_pursuit/share/ament_index
[31.084s] creating /workspace/ros2_ws/install/pure_pursuit/share/ament_index/resource_index
[31.096s] creating /workspace/ros2_ws/install/pure_pursuit/share/ament_index/resource_index/packages
[31.107s] symbolically linking /workspace/ros2_ws/build/pure_pursuit/resource/pure_pursuit -> /workspace/ros2_ws/install/pure_pursuit/share/ament_index/resource_index/packages
[31.130s] symbolically linking /workspace/ros2_ws/build/pure_pursuit/package.xml -> /workspace/ros2_ws/install/pure_pursuit/share/pure_pursuit
[31.301s] Invoked command in '/workspace/ros2_ws/build/pure_pursuit' returned '0': PYTHONPATH=/workspace/ros2_ws/build/pure_pursuit/prefix_override:/usr/lib/python3/dist-packages/colcon_core/task/python/colcon_distutils_commands:/workspace/ros2_ws/install/pure_pursuit/lib/python3.10/site-packages:${PYTHONPATH} /usr/bin/python3 -W ignore:setup.py install is deprecated -W ignore:easy_install command is deprecated setup.py develop --editable --build-directory /workspace/ros2_ws/build/pure_pursuit/build --no-deps symlink_data
