[32.726s] Invoking command in '/workspace/ros2_ws/src/pure_pursuit': PYTHONPATH=/workspace/build/pure_pursuit/prefix_override:/usr/lib/python3/dist-packages/colcon_core/task/python/colcon_distutils_commands:/workspace/install/pure_pursuit/lib/python3.10/site-packages:${PYTHONPATH} /usr/bin/python3 -W ignore:setup.py install is deprecated -W ignore:easy_install command is deprecated setup.py egg_info --egg-base ../../../build/pure_pursuit build --build-base /workspace/build/pure_pursuit/build install --record /workspace/build/pure_pursuit/install.log --install-scripts $base/lib/pure_pursuit --single-version-externally-managed install_data
[39.198s] running egg_info
[39.349s] writing ../../../build/pure_pursuit/pure_pursuit.egg-info/PKG-INFO
[39.351s] writing dependency_links to ../../../build/pure_pursuit/pure_pursuit.egg-info/dependency_links.txt
[39.363s] writing entry points to ../../../build/pure_pursuit/pure_pursuit.egg-info/entry_points.txt
[39.372s] writing requirements to ../../../build/pure_pursuit/pure_pursuit.egg-info/requires.txt
[39.384s] writing top-level names to ../../../build/pure_pursuit/pure_pursuit.egg-info/top_level.txt
[39.417s] reading manifest file '../../../build/pure_pursuit/pure_pursuit.egg-info/SOURCES.txt'
[39.453s] adding license file 'LICENSE'
[39.460s] writing manifest file '../../../build/pure_pursuit/pure_pursuit.egg-info/SOURCES.txt'
[39.495s] running build
[39.500s] running build_py
[39.561s] copying pure_pursuit/pure_pursuit_node.py -> /workspace/build/pure_pursuit/build/lib/pure_pursuit
[39.565s] running install
[39.569s] running install_lib
[39.584s] copying /workspace/build/pure_pursuit/build/lib/pure_pursuit/pure_pursuit_node.py -> /workspace/install/pure_pursuit/lib/python3.10/site-packages/pure_pursuit
[39.765s] byte-compiling /workspace/install/pure_pursuit/lib/python3.10/site-packages/pure_pursuit/pure_pursuit_node.py to pure_pursuit_node.cpython-310.pyc
[39.798s] running install_data
[39.816s] running install_egg_info
[39.826s] removing '/workspace/install/pure_pursuit/lib/python3.10/site-packages/pure_pursuit-0.0.0-py3.10.egg-info' (and everything under it)
[39.900s] Copying ../../../build/pure_pursuit/pure_pursuit.egg-info to /workspace/install/pure_pursuit/lib/python3.10/site-packages/pure_pursuit-0.0.0-py3.10.egg-info
[40.031s] running install_scripts
[40.781s] Installing pure_pursuit_node script to /workspace/install/pure_pursuit/lib/pure_pursuit
[40.804s] writing list of installed files to '/workspace/build/pure_pursuit/install.log'
[41.127s] Invoked command in '/workspace/ros2_ws/src/pure_pursuit' returned '0': PYTHONPATH=/workspace/build/pure_pursuit/prefix_override:/usr/lib/python3/dist-packages/colcon_core/task/python/colcon_distutils_commands:/workspace/install/pure_pursuit/lib/python3.10/site-packages:${PYTHONPATH} /usr/bin/python3 -W ignore:setup.py install is deprecated -W ignore:easy_install command is deprecated setup.py egg_info --egg-base ../../../build/pure_pursuit build --build-base /workspace/build/pure_pursuit/build install --record /workspace/build/pure_pursuit/install.log --install-scripts $base/lib/pure_pursuit --single-version-externally-managed install_data
