[8.902s] Invoking command in '/workspace/ros2_ws/src/pure_pursuit': PYTHONPATH=/workspace/build/pure_pursuit/prefix_override:/usr/lib/python3/dist-packages/colcon_core/task/python/colcon_distutils_commands:/workspace/install/pure_pursuit/lib/python3.10/site-packages:${PYTHONPATH} /usr/bin/python3 -W ignore:setup.py install is deprecated -W ignore:easy_install command is deprecated setup.py egg_info --egg-base ../../../build/pure_pursuit build --build-base /workspace/build/pure_pursuit/build install --record /workspace/build/pure_pursuit/install.log --install-scripts $base/lib/pure_pursuit --single-version-externally-managed install_data
[11.087s] running egg_info
[11.095s] writing ../../../build/pure_pursuit/pure_pursuit.egg-info/PKG-INFO
[11.101s] writing dependency_links to ../../../build/pure_pursuit/pure_pursuit.egg-info/dependency_links.txt
[11.103s] writing entry points to ../../../build/pure_pursuit/pure_pursuit.egg-info/entry_points.txt
[11.108s] writing requirements to ../../../build/pure_pursuit/pure_pursuit.egg-info/requires.txt
[11.111s] writing top-level names to ../../../build/pure_pursuit/pure_pursuit.egg-info/top_level.txt
[11.129s] reading manifest file '../../../build/pure_pursuit/pure_pursuit.egg-info/SOURCES.txt'
[11.142s] adding license file 'LICENSE'
[11.155s] writing manifest file '../../../build/pure_pursuit/pure_pursuit.egg-info/SOURCES.txt'
[11.163s] running build
[11.170s] running build_py
[11.184s] copying pure_pursuit/test_path.py -> /workspace/build/pure_pursuit/build/lib/pure_pursuit
[11.206s] running install
[11.210s] running install_lib
[11.217s] copying /workspace/build/pure_pursuit/build/lib/pure_pursuit/test_path.py -> /workspace/install/pure_pursuit/lib/python3.10/site-packages/pure_pursuit
[11.221s] byte-compiling /workspace/install/pure_pursuit/lib/python3.10/site-packages/pure_pursuit/test_path.py to test_path.cpython-310.pyc
[11.227s] running install_data
[11.250s] running install_egg_info
[11.256s] removing '/workspace/install/pure_pursuit/lib/python3.10/site-packages/pure_pursuit-0.0.0-py3.10.egg-info' (and everything under it)
[11.262s] Copying ../../../build/pure_pursuit/pure_pursuit.egg-info to /workspace/install/pure_pursuit/lib/python3.10/site-packages/pure_pursuit-0.0.0-py3.10.egg-info
[11.343s] running install_scripts
[11.481s] Installing pure_pursuit_node script to /workspace/install/pure_pursuit/lib/pure_pursuit
[11.518s] writing list of installed files to '/workspace/build/pure_pursuit/install.log'
[11.626s] Invoked command in '/workspace/ros2_ws/src/pure_pursuit' returned '0': PYTHONPATH=/workspace/build/pure_pursuit/prefix_override:/usr/lib/python3/dist-packages/colcon_core/task/python/colcon_distutils_commands:/workspace/install/pure_pursuit/lib/python3.10/site-packages:${PYTHONPATH} /usr/bin/python3 -W ignore:setup.py install is deprecated -W ignore:easy_install command is deprecated setup.py egg_info --egg-base ../../../build/pure_pursuit build --build-base /workspace/build/pure_pursuit/build install --record /workspace/build/pure_pursuit/install.log --install-scripts $base/lib/pure_pursuit --single-version-externally-managed install_data
