[7.815s] Invoking command in '/workspace/ros2_ws/src/robot_sim': PYTHONPATH=/workspace/build/robot_sim/prefix_override:/usr/lib/python3/dist-packages/colcon_core/task/python/colcon_distutils_commands:/workspace/install/robot_sim/lib/python3.10/site-packages:${PYTHONPATH} /usr/bin/python3 -W ignore:setup.py install is deprecated -W ignore:easy_install command is deprecated setup.py egg_info --egg-base ../../../build/robot_sim build --build-base /workspace/build/robot_sim/build install --record /workspace/build/robot_sim/install.log --install-scripts $base/lib/robot_sim --single-version-externally-managed install_data
[11.341s] running egg_info
[11.509s] writing ../../../build/robot_sim/robot_sim.egg-info/PKG-INFO
[11.770s] writing dependency_links to ../../../build/robot_sim/robot_sim.egg-info/dependency_links.txt
[11.820s] writing entry points to ../../../build/robot_sim/robot_sim.egg-info/entry_points.txt
[11.836s] writing requirements to ../../../build/robot_sim/robot_sim.egg-info/requires.txt
[11.845s] writing top-level names to ../../../build/robot_sim/robot_sim.egg-info/top_level.txt
[12.145s] reading manifest file '../../../build/robot_sim/robot_sim.egg-info/SOURCES.txt'
[12.193s] writing manifest file '../../../build/robot_sim/robot_sim.egg-info/SOURCES.txt'
[12.290s] running build
[12.352s] running build_py
[12.412s] running install
[12.429s] running install_lib
[12.468s] running install_data
[12.480s] running install_egg_info
[12.517s] removing '/workspace/install/robot_sim/lib/python3.10/site-packages/robot_sim-0.0.0-py3.10.egg-info' (and everything under it)
[12.532s] Copying ../../../build/robot_sim/robot_sim.egg-info to /workspace/install/robot_sim/lib/python3.10/site-packages/robot_sim-0.0.0-py3.10.egg-info
[12.625s] running install_scripts
[12.814s] Installing simulator script to /workspace/install/robot_sim/lib/robot_sim
[12.842s] writing list of installed files to '/workspace/build/robot_sim/install.log'
[13.303s] Invoked command in '/workspace/ros2_ws/src/robot_sim' returned '0': PYTHONPATH=/workspace/build/robot_sim/prefix_override:/usr/lib/python3/dist-packages/colcon_core/task/python/colcon_distutils_commands:/workspace/install/robot_sim/lib/python3.10/site-packages:${PYTHONPATH} /usr/bin/python3 -W ignore:setup.py install is deprecated -W ignore:easy_install command is deprecated setup.py egg_info --egg-base ../../../build/robot_sim build --build-base /workspace/build/robot_sim/build install --record /workspace/build/robot_sim/install.log --install-scripts $base/lib/robot_sim --single-version-externally-managed install_data
