[11.407s] Invoking command in '/workspace/ros2_ws/src/localization': PYTHONPATH=/workspace/build/localization/prefix_override:/usr/lib/python3/dist-packages/colcon_core/task/python/colcon_distutils_commands:/workspace/install/localization/lib/python3.10/site-packages:${PYTHONPATH} /usr/bin/python3 -W ignore:setup.py install is deprecated -W ignore:easy_install command is deprecated setup.py egg_info --egg-base ../../../build/localization build --build-base /workspace/build/localization/build install --record /workspace/build/localization/install.log --install-scripts $base/lib/localization --single-version-externally-managed install_data
[14.406s] running egg_info
[14.425s] writing ../../../build/localization/localization.egg-info/PKG-INFO
[14.454s] writing dependency_links to ../../../build/localization/localization.egg-info/dependency_links.txt
[14.514s] writing entry points to ../../../build/localization/localization.egg-info/entry_points.txt
[14.519s] writing requirements to ../../../build/localization/localization.egg-info/requires.txt
[14.526s] writing top-level names to ../../../build/localization/localization.egg-info/top_level.txt
[14.542s] reading manifest file '../../../build/localization/localization.egg-info/SOURCES.txt'
[14.553s] adding license file 'LICENSE'
[14.604s] writing manifest file '../../../build/localization/localization.egg-info/SOURCES.txt'
[14.607s] running build
[14.609s] running build_py
[14.678s] running install
[14.680s] running install_lib
[14.784s] running install_data
[14.790s] running install_egg_info
[14.811s] removing '/workspace/install/localization/lib/python3.10/site-packages/localization-0.0.0-py3.10.egg-info' (and everything under it)
[14.887s] Copying ../../../build/localization/localization.egg-info to /workspace/install/localization/lib/python3.10/site-packages/localization-0.0.0-py3.10.egg-info
[15.162s] running install_scripts
[15.479s] Installing apriltag_node script to /workspace/install/localization/lib/localization
[15.482s] Installing localization_node script to /workspace/install/localization/lib/localization
[15.510s] writing list of installed files to '/workspace/build/localization/install.log'
[16.269s] Invoked command in '/workspace/ros2_ws/src/localization' returned '0': PYTHONPATH=/workspace/build/localization/prefix_override:/usr/lib/python3/dist-packages/colcon_core/task/python/colcon_distutils_commands:/workspace/install/localization/lib/python3.10/site-packages:${PYTHONPATH} /usr/bin/python3 -W ignore:setup.py install is deprecated -W ignore:easy_install command is deprecated setup.py egg_info --egg-base ../../../build/localization build --build-base /workspace/build/localization/build install --record /workspace/build/localization/install.log --install-scripts $base/lib/localization --single-version-externally-managed install_data
