[7.283s] Invoking command in '/workspace/ros2_ws/src/robot_sim': PYTHONPATH=/workspace/build/robot_sim/prefix_override:/usr/lib/python3/dist-packages/colcon_core/task/python/colcon_distutils_commands:/workspace/install/robot_sim/lib/python3.10/site-packages:${PYTHONPATH} /usr/bin/python3 -W ignore:setup.py install is deprecated -W ignore:easy_install command is deprecated setup.py egg_info --egg-base ../../../build/robot_sim build --build-base /workspace/build/robot_sim/build install --record /workspace/build/robot_sim/install.log --install-scripts $base/lib/robot_sim --single-version-externally-managed install_data
[8.452s] running egg_info
[8.455s] writing ../../../build/robot_sim/robot_sim.egg-info/PKG-INFO
[8.461s] writing dependency_links to ../../../build/robot_sim/robot_sim.egg-info/dependency_links.txt
[8.478s] writing entry points to ../../../build/robot_sim/robot_sim.egg-info/entry_points.txt
[8.498s] writing requirements to ../../../build/robot_sim/robot_sim.egg-info/requires.txt
[8.503s] writing top-level names to ../../../build/robot_sim/robot_sim.egg-info/top_level.txt
[8.526s] reading manifest file '../../../build/robot_sim/robot_sim.egg-info/SOURCES.txt'
[8.538s] writing manifest file '../../../build/robot_sim/robot_sim.egg-info/SOURCES.txt'
[8.542s] running build
[8.546s] running build_py
[8.552s] running install
[8.558s] running install_lib
[8.571s] running install_data
[8.573s] running install_egg_info
[8.582s] removing '/workspace/install/robot_sim/lib/python3.10/site-packages/robot_sim-0.0.0-py3.10.egg-info' (and everything under it)
[8.598s] Copying ../../../build/robot_sim/robot_sim.egg-info to /workspace/install/robot_sim/lib/python3.10/site-packages/robot_sim-0.0.0-py3.10.egg-info
[8.763s] running install_scripts
[8.875s] Installing simulator script to /workspace/install/robot_sim/lib/robot_sim
[8.881s] writing list of installed files to '/workspace/build/robot_sim/install.log'
[9.131s] Invoked command in '/workspace/ros2_ws/src/robot_sim' returned '0': PYTHONPATH=/workspace/build/robot_sim/prefix_override:/usr/lib/python3/dist-packages/colcon_core/task/python/colcon_distutils_commands:/workspace/install/robot_sim/lib/python3.10/site-packages:${PYTHONPATH} /usr/bin/python3 -W ignore:setup.py install is deprecated -W ignore:easy_install command is deprecated setup.py egg_info --egg-base ../../../build/robot_sim build --build-base /workspace/build/robot_sim/build install --record /workspace/build/robot_sim/install.log --install-scripts $base/lib/robot_sim --single-version-externally-managed install_data
