[18.202s] Invoking command in '/workspace/ros2_ws/src/robot_sim': PYTHONPATH=/workspace/build/robot_sim/prefix_override:/usr/lib/python3/dist-packages/colcon_core/task/python/colcon_distutils_commands:/workspace/install/robot_sim/lib/python3.10/site-packages:${PYTHONPATH} /usr/bin/python3 -W ignore:setup.py install is deprecated -W ignore:easy_install command is deprecated setup.py egg_info --egg-base ../../../build/robot_sim build --build-base /workspace/build/robot_sim/build install --record /workspace/build/robot_sim/install.log --install-scripts $base/lib/robot_sim --single-version-externally-managed install_data
[19.789s] running egg_info
[19.792s] writing ../../../build/robot_sim/robot_sim.egg-info/PKG-INFO
[19.803s] writing dependency_links to ../../../build/robot_sim/robot_sim.egg-info/dependency_links.txt
[19.810s] writing entry points to ../../../build/robot_sim/robot_sim.egg-info/entry_points.txt
[19.831s] writing requirements to ../../../build/robot_sim/robot_sim.egg-info/requires.txt
[19.836s] writing top-level names to ../../../build/robot_sim/robot_sim.egg-info/top_level.txt
[19.859s] reading manifest file '../../../build/robot_sim/robot_sim.egg-info/SOURCES.txt'
[19.870s] writing manifest file '../../../build/robot_sim/robot_sim.egg-info/SOURCES.txt'
[19.877s] running build
[19.881s] running build_py
[19.883s] running install
[19.886s] running install_lib
[19.897s] running install_data
[19.900s] running install_egg_info
[19.903s] removing '/workspace/install/robot_sim/lib/python3.10/site-packages/robot_sim-0.0.0-py3.10.egg-info' (and everything under it)
[19.913s] Copying ../../../build/robot_sim/robot_sim.egg-info to /workspace/install/robot_sim/lib/python3.10/site-packages/robot_sim-0.0.0-py3.10.egg-info
[20.005s] running install_scripts
[20.087s] Installing simulator script to /workspace/install/robot_sim/lib/robot_sim
[20.097s] writing list of installed files to '/workspace/build/robot_sim/install.log'
[20.184s] Invoked command in '/workspace/ros2_ws/src/robot_sim' returned '0': PYTHONPATH=/workspace/build/robot_sim/prefix_override:/usr/lib/python3/dist-packages/colcon_core/task/python/colcon_distutils_commands:/workspace/install/robot_sim/lib/python3.10/site-packages:${PYTHONPATH} /usr/bin/python3 -W ignore:setup.py install is deprecated -W ignore:easy_install command is deprecated setup.py egg_info --egg-base ../../../build/robot_sim build --build-base /workspace/build/robot_sim/build install --record /workspace/build/robot_sim/install.log --install-scripts $base/lib/robot_sim --single-version-externally-managed install_data
