[3.723s] Invoking command in '/workspace/ros2_ws/src/localization': PYTHONPATH=/workspace/build/localization/prefix_override:/usr/lib/python3/dist-packages/colcon_core/task/python/colcon_distutils_commands:/workspace/install/localization/lib/python3.10/site-packages:${PYTHONPATH} /usr/bin/python3 -W ignore:setup.py install is deprecated -W ignore:easy_install command is deprecated setup.py egg_info --egg-base ../../../build/localization build --build-base /workspace/build/localization/build install --record /workspace/build/localization/install.log --install-scripts $base/lib/localization --single-version-externally-managed install_data
[4.585s] running egg_info
[4.593s] writing ../../../build/localization/localization.egg-info/PKG-INFO
[4.597s] writing dependency_links to ../../../build/localization/localization.egg-info/dependency_links.txt
[4.605s] writing entry points to ../../../build/localization/localization.egg-info/entry_points.txt
[4.619s] writing requirements to ../../../build/localization/localization.egg-info/requires.txt
[4.622s] writing top-level names to ../../../build/localization/localization.egg-info/top_level.txt
[4.640s] reading manifest file '../../../build/localization/localization.egg-info/SOURCES.txt'
[4.653s] adding license file 'LICENSE'
[4.656s] writing manifest file '../../../build/localization/localization.egg-info/SOURCES.txt'
[4.663s] running build
[4.665s] running build_py
[4.672s] copying localization/detector.py -> /workspace/build/localization/build/lib/localization
[4.694s] copying localization/model.py -> /workspace/build/localization/build/lib/localization
[4.708s] running install
[4.710s] running install_lib
[4.716s] copying /workspace/build/localization/build/lib/localization/detector.py -> /workspace/install/localization/lib/python3.10/site-packages/localization
[4.718s] copying /workspace/build/localization/build/lib/localization/model.py -> /workspace/install/localization/lib/python3.10/site-packages/localization
[4.720s] byte-compiling /workspace/install/localization/lib/python3.10/site-packages/localization/detector.py to detector.cpython-310.pyc
[4.721s] byte-compiling /workspace/install/localization/lib/python3.10/site-packages/localization/model.py to model.cpython-310.pyc
[4.730s] running install_data
[4.736s] running install_egg_info
[4.744s] removing '/workspace/install/localization/lib/python3.10/site-packages/localization-0.0.0-py3.10.egg-info' (and everything under it)
[4.747s] Copying ../../../build/localization/localization.egg-info to /workspace/install/localization/lib/python3.10/site-packages/localization-0.0.0-py3.10.egg-info
[4.816s] running install_scripts
[4.888s] Installing apriltag_node script to /workspace/install/localization/lib/localization
[4.894s] Installing localization_node script to /workspace/install/localization/lib/localization
[4.906s] writing list of installed files to '/workspace/build/localization/install.log'
[5.065s] Invoked command in '/workspace/ros2_ws/src/localization' returned '0': PYTHONPATH=/workspace/build/localization/prefix_override:/usr/lib/python3/dist-packages/colcon_core/task/python/colcon_distutils_commands:/workspace/install/localization/lib/python3.10/site-packages:${PYTHONPATH} /usr/bin/python3 -W ignore:setup.py install is deprecated -W ignore:easy_install command is deprecated setup.py egg_info --egg-base ../../../build/localization build --build-base /workspace/build/localization/build install --record /workspace/build/localization/install.log --install-scripts $base/lib/localization --single-version-externally-managed install_data
