[2.031s] Invoking command in '/workspace/ros2_ws/src/pure_pursuit': PYTHONPATH=/workspace/ros2_ws/build/pure_pursuit/prefix_override:/usr/lib/python3/dist-packages/colcon_core/task/python/colcon_distutils_commands:/workspace/ros2_ws/install/pure_pursuit/lib/python3.10/site-packages:${PYTHONPATH} /usr/bin/python3 -W ignore:setup.py install is deprecated -W ignore:easy_install command is deprecated setup.py egg_info --egg-base ../../build/pure_pursuit build --build-base /workspace/ros2_ws/build/pure_pursuit/build install --record /workspace/ros2_ws/build/pure_pursuit/install.log --install-scripts $base/lib/pure_pursuit --single-version-externally-managed install_data
[2.503s] running egg_info
[2.506s] writing ../../build/pure_pursuit/pure_pursuit.egg-info/PKG-INFO
[2.508s] writing dependency_links to ../../build/pure_pursuit/pure_pursuit.egg-info/dependency_links.txt
[2.511s] writing entry points to ../../build/pure_pursuit/pure_pursuit.egg-info/entry_points.txt
[2.514s] writing requirements to ../../build/pure_pursuit/pure_pursuit.egg-info/requires.txt
[2.516s] writing top-level names to ../../build/pure_pursuit/pure_pursuit.egg-info/top_level.txt
[2.532s] reading manifest file '../../build/pure_pursuit/pure_pursuit.egg-info/SOURCES.txt'
[2.537s] adding license file 'LICENSE'
[2.540s] writing manifest file '../../build/pure_pursuit/pure_pursuit.egg-info/SOURCES.txt'
[2.544s] running build
[2.545s] running build_py
[2.548s] copying pure_pursuit/controller.py -> /workspace/ros2_ws/build/pure_pursuit/build/lib/pure_pursuit
[2.550s] running install
[2.552s] running install_lib
[2.555s] copying /workspace/ros2_ws/build/pure_pursuit/build/lib/pure_pursuit/controller.py -> /workspace/ros2_ws/install/pure_pursuit/lib/python3.10/site-packages/pure_pursuit
[2.575s] byte-compiling /workspace/ros2_ws/install/pure_pursuit/lib/python3.10/site-packages/pure_pursuit/controller.py to controller.cpython-310.pyc
[2.583s] running install_data
[2.585s] running install_egg_info
[2.592s] removing '/workspace/ros2_ws/install/pure_pursuit/lib/python3.10/site-packages/pure_pursuit-0.0.0-py3.10.egg-info' (and everything under it)
[2.596s] Copying ../../build/pure_pursuit/pure_pursuit.egg-info to /workspace/ros2_ws/install/pure_pursuit/lib/python3.10/site-packages/pure_pursuit-0.0.0-py3.10.egg-info
[2.628s] running install_scripts
[2.686s] Installing pure_pursuit_node script to /workspace/ros2_ws/install/pure_pursuit/lib/pure_pursuit
[2.692s] writing list of installed files to '/workspace/ros2_ws/build/pure_pursuit/install.log'
[2.740s] Invoked command in '/workspace/ros2_ws/src/pure_pursuit' returned '0': PYTHONPATH=/workspace/ros2_ws/build/pure_pursuit/prefix_override:/usr/lib/python3/dist-packages/colcon_core/task/python/colcon_distutils_commands:/workspace/ros2_ws/install/pure_pursuit/lib/python3.10/site-packages:${PYTHONPATH} /usr/bin/python3 -W ignore:setup.py install is deprecated -W ignore:easy_install command is deprecated setup.py egg_info --egg-base ../../build/pure_pursuit build --build-base /workspace/ros2_ws/build/pure_pursuit/build install --record /workspace/ros2_ws/build/pure_pursuit/install.log --install-scripts $base/lib/pure_pursuit --single-version-externally-managed install_data
