[10.786s] Invoking command in '/workspace/ros2_ws/src/robot_sim': PYTHONPATH=/workspace/ros2_ws/build/robot_sim/prefix_override:/usr/lib/python3/dist-packages/colcon_core/task/python/colcon_distutils_commands:/workspace/ros2_ws/install/robot_sim/lib/python3.10/site-packages:${PYTHONPATH} /usr/bin/python3 -W ignore:setup.py install is deprecated -W ignore:easy_install command is deprecated setup.py egg_info --egg-base ../../build/robot_sim build --build-base /workspace/ros2_ws/build/robot_sim/build install --record /workspace/ros2_ws/build/robot_sim/install.log --install-scripts $base/lib/robot_sim --single-version-externally-managed install_data
[14.211s] running egg_info
[14.234s] writing ../../build/robot_sim/robot_sim.egg-info/PKG-INFO
[14.242s] writing dependency_links to ../../build/robot_sim/robot_sim.egg-info/dependency_links.txt
[14.246s] writing entry points to ../../build/robot_sim/robot_sim.egg-info/entry_points.txt
[14.263s] writing requirements to ../../build/robot_sim/robot_sim.egg-info/requires.txt
[14.281s] writing top-level names to ../../build/robot_sim/robot_sim.egg-info/top_level.txt
[14.297s] reading manifest file '../../build/robot_sim/robot_sim.egg-info/SOURCES.txt'
[14.305s] writing manifest file '../../build/robot_sim/robot_sim.egg-info/SOURCES.txt'
[14.321s] running build
[14.329s] running build_py
[14.333s] running install
[14.336s] running install_lib
[14.349s] running install_data
[14.375s] running install_egg_info
[14.376s] removing '/workspace/ros2_ws/install/robot_sim/lib/python3.10/site-packages/robot_sim-0.0.0-py3.10.egg-info' (and everything under it)
[14.383s] Copying ../../build/robot_sim/robot_sim.egg-info to /workspace/ros2_ws/install/robot_sim/lib/python3.10/site-packages/robot_sim-0.0.0-py3.10.egg-info
[14.611s] running install_scripts
[14.842s] Installing simulator script to /workspace/ros2_ws/install/robot_sim/lib/robot_sim
[14.857s] writing list of installed files to '/workspace/ros2_ws/build/robot_sim/install.log'
[15.568s] Invoked command in '/workspace/ros2_ws/src/robot_sim' returned '0': PYTHONPATH=/workspace/ros2_ws/build/robot_sim/prefix_override:/usr/lib/python3/dist-packages/colcon_core/task/python/colcon_distutils_commands:/workspace/ros2_ws/install/robot_sim/lib/python3.10/site-packages:${PYTHONPATH} /usr/bin/python3 -W ignore:setup.py install is deprecated -W ignore:easy_install command is deprecated setup.py egg_info --egg-base ../../build/robot_sim build --build-base /workspace/ros2_ws/build/robot_sim/build install --record /workspace/ros2_ws/build/robot_sim/install.log --install-scripts $base/lib/robot_sim --single-version-externally-managed install_data
