[14.152s] Invoking command in '/workspace/ros2_ws/src/robot_sim': PYTHONPATH=/workspace/build/robot_sim/prefix_override:/usr/lib/python3/dist-packages/colcon_core/task/python/colcon_distutils_commands:/workspace/install/robot_sim/lib/python3.10/site-packages:${PYTHONPATH} /usr/bin/python3 -W ignore:setup.py install is deprecated -W ignore:easy_install command is deprecated setup.py egg_info --egg-base ../../../build/robot_sim build --build-base /workspace/build/robot_sim/build install --record /workspace/build/robot_sim/install.log --install-scripts $base/lib/robot_sim --single-version-externally-managed install_data
[17.041s] running egg_info
[17.064s] writing ../../../build/robot_sim/robot_sim.egg-info/PKG-INFO
[17.090s] writing dependency_links to ../../../build/robot_sim/robot_sim.egg-info/dependency_links.txt
[17.100s] writing entry points to ../../../build/robot_sim/robot_sim.egg-info/entry_points.txt
[17.126s] writing requirements to ../../../build/robot_sim/robot_sim.egg-info/requires.txt
[17.141s] writing top-level names to ../../../build/robot_sim/robot_sim.egg-info/top_level.txt
[17.192s] reading manifest file '../../../build/robot_sim/robot_sim.egg-info/SOURCES.txt'
[17.200s] writing manifest file '../../../build/robot_sim/robot_sim.egg-info/SOURCES.txt'
[17.204s] running build
[17.206s] running build_py
[17.216s] running install
[17.221s] running install_lib
[17.234s] running install_data
[17.237s] running install_egg_info
[17.244s] removing '/workspace/install/robot_sim/lib/python3.10/site-packages/robot_sim-0.0.0-py3.10.egg-info' (and everything under it)
[17.258s] Copying ../../../build/robot_sim/robot_sim.egg-info to /workspace/install/robot_sim/lib/python3.10/site-packages/robot_sim-0.0.0-py3.10.egg-info
[17.414s] running install_scripts
[17.589s] Installing simulator script to /workspace/install/robot_sim/lib/robot_sim
[17.594s] writing list of installed files to '/workspace/build/robot_sim/install.log'
[17.896s] Invoked command in '/workspace/ros2_ws/src/robot_sim' returned '0': PYTHONPATH=/workspace/build/robot_sim/prefix_override:/usr/lib/python3/dist-packages/colcon_core/task/python/colcon_distutils_commands:/workspace/install/robot_sim/lib/python3.10/site-packages:${PYTHONPATH} /usr/bin/python3 -W ignore:setup.py install is deprecated -W ignore:easy_install command is deprecated setup.py egg_info --egg-base ../../../build/robot_sim build --build-base /workspace/build/robot_sim/build install --record /workspace/build/robot_sim/install.log --install-scripts $base/lib/robot_sim --single-version-externally-managed install_data
