[5.455s] Invoking command in '/workspace/ros2_ws/src/robot_sim': PYTHONPATH=/workspace/build/robot_sim/prefix_override:/usr/lib/python3/dist-packages/colcon_core/task/python/colcon_distutils_commands:/workspace/install/robot_sim/lib/python3.10/site-packages:${PYTHONPATH} /usr/bin/python3 -W ignore:setup.py install is deprecated -W ignore:easy_install command is deprecated setup.py egg_info --egg-base ../../../build/robot_sim build --build-base /workspace/build/robot_sim/build install --record /workspace/build/robot_sim/install.log --install-scripts $base/lib/robot_sim --single-version-externally-managed install_data
[6.935s] running egg_info
[6.944s] writing ../../../build/robot_sim/robot_sim.egg-info/PKG-INFO
[6.946s] writing dependency_links to ../../../build/robot_sim/robot_sim.egg-info/dependency_links.txt
[6.949s] writing entry points to ../../../build/robot_sim/robot_sim.egg-info/entry_points.txt
[6.953s] writing requirements to ../../../build/robot_sim/robot_sim.egg-info/requires.txt
[6.961s] writing top-level names to ../../../build/robot_sim/robot_sim.egg-info/top_level.txt
[6.975s] reading manifest file '../../../build/robot_sim/robot_sim.egg-info/SOURCES.txt'
[6.990s] writing manifest file '../../../build/robot_sim/robot_sim.egg-info/SOURCES.txt'
[6.995s] running build
[7.001s] running build_py
[7.004s] running install
[7.007s] running install_lib
[7.014s] running install_data
[7.016s] running install_egg_info
[7.019s] removing '/workspace/install/robot_sim/lib/python3.10/site-packages/robot_sim-0.0.0-py3.10.egg-info' (and everything under it)
[7.027s] Copying ../../../build/robot_sim/robot_sim.egg-info to /workspace/install/robot_sim/lib/python3.10/site-packages/robot_sim-0.0.0-py3.10.egg-info
[7.134s] running install_scripts
[7.258s] Installing simulator script to /workspace/install/robot_sim/lib/robot_sim
[7.273s] writing list of installed files to '/workspace/build/robot_sim/install.log'
[7.529s] Invoked command in '/workspace/ros2_ws/src/robot_sim' returned '0': PYTHONPATH=/workspace/build/robot_sim/prefix_override:/usr/lib/python3/dist-packages/colcon_core/task/python/colcon_distutils_commands:/workspace/install/robot_sim/lib/python3.10/site-packages:${PYTHONPATH} /usr/bin/python3 -W ignore:setup.py install is deprecated -W ignore:easy_install command is deprecated setup.py egg_info --egg-base ../../../build/robot_sim build --build-base /workspace/build/robot_sim/build install --record /workspace/build/robot_sim/install.log --install-scripts $base/lib/robot_sim --single-version-externally-managed install_data
