[18.200s] Invoking command in '/workspace/ros2_ws/src/localization': PYTHONPATH=/workspace/build/localization/prefix_override:/usr/lib/python3/dist-packages/colcon_core/task/python/colcon_distutils_commands:/workspace/install/localization/lib/python3.10/site-packages:${PYTHONPATH} /usr/bin/python3 -W ignore:setup.py install is deprecated -W ignore:easy_install command is deprecated setup.py egg_info --egg-base ../../../build/localization build --build-base /workspace/build/localization/build install --record /workspace/build/localization/install.log --install-scripts $base/lib/localization --single-version-externally-managed install_data
[22.459s] running egg_info
[22.464s] writing ../../../build/localization/localization.egg-info/PKG-INFO
[22.637s] writing dependency_links to ../../../build/localization/localization.egg-info/dependency_links.txt
[22.669s] writing entry points to ../../../build/localization/localization.egg-info/entry_points.txt
[22.698s] writing requirements to ../../../build/localization/localization.egg-info/requires.txt
[22.923s] writing top-level names to ../../../build/localization/localization.egg-info/top_level.txt
[22.943s] reading manifest file '../../../build/localization/localization.egg-info/SOURCES.txt'
[22.962s] adding license file 'LICENSE'
[22.966s] writing manifest file '../../../build/localization/localization.egg-info/SOURCES.txt'
[22.970s] running build
[22.975s] running build_py
[23.137s] copying localization/apriltag_node.py -> /workspace/build/localization/build/lib/localization
[23.142s] copying localization/localization_node.py -> /workspace/build/localization/build/lib/localization
[23.181s] running install
[23.183s] running install_lib
[23.187s] copying /workspace/build/localization/build/lib/localization/apriltag_node.py -> /workspace/install/localization/lib/python3.10/site-packages/localization
[23.217s] copying /workspace/build/localization/build/lib/localization/localization_node.py -> /workspace/install/localization/lib/python3.10/site-packages/localization
[23.325s] byte-compiling /workspace/install/localization/lib/python3.10/site-packages/localization/apriltag_node.py to apriltag_node.cpython-310.pyc
[23.354s] byte-compiling /workspace/install/localization/lib/python3.10/site-packages/localization/localization_node.py to localization_node.cpython-310.pyc
[23.388s] running install_data
[23.390s] running install_egg_info
[23.423s] removing '/workspace/install/localization/lib/python3.10/site-packages/localization-0.0.0-py3.10.egg-info' (and everything under it)
[23.457s] Copying ../../../build/localization/localization.egg-info to /workspace/install/localization/lib/python3.10/site-packages/localization-0.0.0-py3.10.egg-info
[23.563s] running install_scripts
[23.902s] Installing apriltag_node script to /workspace/install/localization/lib/localization
[23.920s] Installing localization_node script to /workspace/install/localization/lib/localization
[23.924s] writing list of installed files to '/workspace/build/localization/install.log'
[24.313s] Invoked command in '/workspace/ros2_ws/src/localization' returned '0': PYTHONPATH=/workspace/build/localization/prefix_override:/usr/lib/python3/dist-packages/colcon_core/task/python/colcon_distutils_commands:/workspace/install/localization/lib/python3.10/site-packages:${PYTHONPATH} /usr/bin/python3 -W ignore:setup.py install is deprecated -W ignore:easy_install command is deprecated setup.py egg_info --egg-base ../../../build/localization build --build-base /workspace/build/localization/build install --record /workspace/build/localization/install.log --install-scripts $base/lib/localization --single-version-externally-managed install_data
