[6.762s] Invoking command in '/workspace/ros2_ws/src/localization': PYTHONPATH=/workspace/build/localization/prefix_override:/usr/lib/python3/dist-packages/colcon_core/task/python/colcon_distutils_commands:/workspace/install/localization/lib/python3.10/site-packages:${PYTHONPATH} /usr/bin/python3 -W ignore:setup.py install is deprecated -W ignore:easy_install command is deprecated setup.py egg_info --egg-base ../../../build/localization build --build-base /workspace/build/localization/build install --record /workspace/build/localization/install.log --install-scripts $base/lib/localization --single-version-externally-managed install_data
[7.689s] running egg_info
[7.693s] writing ../../../build/localization/localization.egg-info/PKG-INFO
[7.698s] writing dependency_links to ../../../build/localization/localization.egg-info/dependency_links.txt
[7.705s] writing entry points to ../../../build/localization/localization.egg-info/entry_points.txt
[7.712s] writing requirements to ../../../build/localization/localization.egg-info/requires.txt
[7.717s] writing top-level names to ../../../build/localization/localization.egg-info/top_level.txt
[7.754s] reading manifest file '../../../build/localization/localization.egg-info/SOURCES.txt'
[7.758s] adding license file 'LICENSE'
[7.764s] writing manifest file '../../../build/localization/localization.egg-info/SOURCES.txt'
[7.767s] running build
[7.769s] running build_py
[7.783s] copying localization/world_frame.py -> /workspace/build/localization/build/lib/localization
[7.818s] running install
[7.822s] running install_lib
[7.833s] copying /workspace/build/localization/build/lib/localization/world_frame.py -> /workspace/install/localization/lib/python3.10/site-packages/localization
[7.873s] byte-compiling /workspace/install/localization/lib/python3.10/site-packages/localization/world_frame.py to world_frame.cpython-310.pyc
[7.882s] running install_data
[7.890s] running install_egg_info
[7.894s] removing '/workspace/install/localization/lib/python3.10/site-packages/localization-0.0.0-py3.10.egg-info' (and everything under it)
[7.905s] Copying ../../../build/localization/localization.egg-info to /workspace/install/localization/lib/python3.10/site-packages/localization-0.0.0-py3.10.egg-info
[7.996s] running install_scripts
[8.076s] Installing apriltag_node script to /workspace/install/localization/lib/localization
[8.080s] Installing localization_node script to /workspace/install/localization/lib/localization
[8.085s] writing list of installed files to '/workspace/build/localization/install.log'
[8.237s] Invoked command in '/workspace/ros2_ws/src/localization' returned '0': PYTHONPATH=/workspace/build/localization/prefix_override:/usr/lib/python3/dist-packages/colcon_core/task/python/colcon_distutils_commands:/workspace/install/localization/lib/python3.10/site-packages:${PYTHONPATH} /usr/bin/python3 -W ignore:setup.py install is deprecated -W ignore:easy_install command is deprecated setup.py egg_info --egg-base ../../../build/localization build --build-base /workspace/build/localization/build install --record /workspace/build/localization/install.log --install-scripts $base/lib/localization --single-version-externally-managed install_data
