[10.370s] Invoking command in '/workspace/ros2_ws/src/pure_pursuit': PYTHONPATH=/workspace/build/pure_pursuit/prefix_override:/usr/lib/python3/dist-packages/colcon_core/task/python/colcon_distutils_commands:/workspace/install/pure_pursuit/lib/python3.10/site-packages:${PYTHONPATH} /usr/bin/python3 -W ignore:setup.py install is deprecated -W ignore:easy_install command is deprecated setup.py egg_info --egg-base ../../../build/pure_pursuit build --build-base /workspace/build/pure_pursuit/build install --record /workspace/build/pure_pursuit/install.log --install-scripts $base/lib/pure_pursuit --single-version-externally-managed install_data
[13.295s] running egg_info
[13.308s] writing ../../../build/pure_pursuit/pure_pursuit.egg-info/PKG-INFO
[13.355s] writing dependency_links to ../../../build/pure_pursuit/pure_pursuit.egg-info/dependency_links.txt
[13.386s] writing entry points to ../../../build/pure_pursuit/pure_pursuit.egg-info/entry_points.txt
[13.428s] writing requirements to ../../../build/pure_pursuit/pure_pursuit.egg-info/requires.txt
[13.434s] writing top-level names to ../../../build/pure_pursuit/pure_pursuit.egg-info/top_level.txt
[13.470s] reading manifest file '../../../build/pure_pursuit/pure_pursuit.egg-info/SOURCES.txt'
[13.490s] adding license file 'LICENSE'
[13.500s] writing manifest file '../../../build/pure_pursuit/pure_pursuit.egg-info/SOURCES.txt'
[13.521s] running build
[13.527s] running build_py
[13.532s] copying pure_pursuit/pure_pursuit_node.py -> /workspace/build/pure_pursuit/build/lib/pure_pursuit
[13.543s] running install
[13.544s] running install_lib
[13.564s] copying /workspace/build/pure_pursuit/build/lib/pure_pursuit/pure_pursuit_node.py -> /workspace/install/pure_pursuit/lib/python3.10/site-packages/pure_pursuit
[13.601s] byte-compiling /workspace/install/pure_pursuit/lib/python3.10/site-packages/pure_pursuit/pure_pursuit_node.py to pure_pursuit_node.cpython-310.pyc
[13.627s] running install_data
[13.629s] running install_egg_info
[13.643s] removing '/workspace/install/pure_pursuit/lib/python3.10/site-packages/pure_pursuit-0.0.0-py3.10.egg-info' (and everything under it)
[13.685s] Copying ../../../build/pure_pursuit/pure_pursuit.egg-info to /workspace/install/pure_pursuit/lib/python3.10/site-packages/pure_pursuit-0.0.0-py3.10.egg-info
[13.833s] running install_scripts
[14.015s] Installing pure_pursuit_node script to /workspace/install/pure_pursuit/lib/pure_pursuit
[14.023s] writing list of installed files to '/workspace/build/pure_pursuit/install.log'
[14.233s] Invoked command in '/workspace/ros2_ws/src/pure_pursuit' returned '0': PYTHONPATH=/workspace/build/pure_pursuit/prefix_override:/usr/lib/python3/dist-packages/colcon_core/task/python/colcon_distutils_commands:/workspace/install/pure_pursuit/lib/python3.10/site-packages:${PYTHONPATH} /usr/bin/python3 -W ignore:setup.py install is deprecated -W ignore:easy_install command is deprecated setup.py egg_info --egg-base ../../../build/pure_pursuit build --build-base /workspace/build/pure_pursuit/build install --record /workspace/build/pure_pursuit/install.log --install-scripts $base/lib/pure_pursuit --single-version-externally-managed install_data
