running egg_info
writing ../../build/localization/localization.egg-info/PKG-INFO
writing dependency_links to ../../build/localization/localization.egg-info/dependency_links.txt
writing entry points to ../../build/localization/localization.egg-info/entry_points.txt
writing requirements to ../../build/localization/localization.egg-info/requires.txt
writing top-level names to ../../build/localization/localization.egg-info/top_level.txt
reading manifest file '../../build/localization/localization.egg-info/SOURCES.txt'
adding license file 'LICENSE'
writing manifest file '../../build/localization/localization.egg-info/SOURCES.txt'
running build
running build_py
running install
running install_lib
running install_data
creating /workspace/ros2_ws/install/localization/share/localization/launch
copying launch/localization_bringup.launch.py -> /workspace/ros2_ws/install/localization/share/localization/launch
running install_egg_info
removing '/workspace/ros2_ws/install/localization/lib/python3.10/site-packages/localization-0.0.0-py3.10.egg-info' (and everything under it)
Copying ../../build/localization/localization.egg-info to /workspace/ros2_ws/install/localization/lib/python3.10/site-packages/localization-0.0.0-py3.10.egg-info
running install_scripts
Installing localization_node script to /workspace/ros2_ws/install/localization/lib/localization
writing list of installed files to '/workspace/ros2_ws/build/localization/install.log'
