[6.129s] Invoking command in '/workspace/ros2_ws/src/localization': PYTHONPATH=/workspace/ros2_ws/build/localization/prefix_override:/usr/lib/python3/dist-packages/colcon_core/task/python/colcon_distutils_commands:/workspace/ros2_ws/install/localization/lib/python3.10/site-packages:${PYTHONPATH} /usr/bin/python3 -W ignore:setup.py install is deprecated -W ignore:easy_install command is deprecated setup.py egg_info --egg-base ../../build/localization build --build-base /workspace/ros2_ws/build/localization/build install --record /workspace/ros2_ws/build/localization/install.log --install-scripts $base/lib/localization --single-version-externally-managed install_data
[7.442s] running egg_info
[7.449s] writing ../../build/localization/localization.egg-info/PKG-INFO
[7.453s] writing dependency_links to ../../build/localization/localization.egg-info/dependency_links.txt
[7.480s] writing entry points to ../../build/localization/localization.egg-info/entry_points.txt
[7.487s] writing requirements to ../../build/localization/localization.egg-info/requires.txt
[7.506s] writing top-level names to ../../build/localization/localization.egg-info/top_level.txt
[7.554s] reading manifest file '../../build/localization/localization.egg-info/SOURCES.txt'
[7.596s] adding license file 'LICENSE'
[7.616s] writing manifest file '../../build/localization/localization.egg-info/SOURCES.txt'
[7.619s] running build
[7.622s] running build_py
[7.677s] running install
[7.690s] running install_lib
[7.751s] running install_data
[7.760s] creating /workspace/ros2_ws/install/localization/share/localization/launch
[7.763s] copying launch/localization_bringup.launch.py -> /workspace/ros2_ws/install/localization/share/localization/launch
[7.772s] running install_egg_info
[7.776s] removing '/workspace/ros2_ws/install/localization/lib/python3.10/site-packages/localization-0.0.0-py3.10.egg-info' (and everything under it)
[7.786s] Copying ../../build/localization/localization.egg-info to /workspace/ros2_ws/install/localization/lib/python3.10/site-packages/localization-0.0.0-py3.10.egg-info
[7.886s] running install_scripts
[8.013s] Installing localization_node script to /workspace/ros2_ws/install/localization/lib/localization
[8.044s] writing list of installed files to '/workspace/ros2_ws/build/localization/install.log'
[8.821s] Invoked command in '/workspace/ros2_ws/src/localization' returned '0': PYTHONPATH=/workspace/ros2_ws/build/localization/prefix_override:/usr/lib/python3/dist-packages/colcon_core/task/python/colcon_distutils_commands:/workspace/ros2_ws/install/localization/lib/python3.10/site-packages:${PYTHONPATH} /usr/bin/python3 -W ignore:setup.py install is deprecated -W ignore:easy_install command is deprecated setup.py egg_info --egg-base ../../build/localization build --build-base /workspace/ros2_ws/build/localization/build install --record /workspace/ros2_ws/build/localization/install.log --install-scripts $base/lib/localization --single-version-externally-managed install_data
