[11.640s] Invoking command in '/workspace/ros2_ws/src/launch': PYTHONPATH=/workspace/build/launch/prefix_override:/usr/lib/python3/dist-packages/colcon_core/task/python/colcon_distutils_commands:/workspace/install/launch/lib/python3.10/site-packages:${PYTHONPATH} /usr/bin/python3 -W ignore:setup.py install is deprecated -W ignore:easy_install command is deprecated setup.py egg_info --egg-base ../../../build/launch build --build-base /workspace/build/launch/build install --record /workspace/build/launch/install.log --install-scripts $base/lib/launch --single-version-externally-managed install_data
[13.801s] running egg_info
[13.811s] creating ../../../build/launch/launch.egg-info
[13.815s] writing ../../../build/launch/launch.egg-info/PKG-INFO
[13.838s] writing dependency_links to ../../../build/launch/launch.egg-info/dependency_links.txt
[13.859s] writing entry points to ../../../build/launch/launch.egg-info/entry_points.txt
[13.865s] writing requirements to ../../../build/launch/launch.egg-info/requires.txt
[13.869s] writing top-level names to ../../../build/launch/launch.egg-info/top_level.txt
[13.911s] writing manifest file '../../../build/launch/launch.egg-info/SOURCES.txt'
[13.993s] reading manifest file '../../../build/launch/launch.egg-info/SOURCES.txt'
[14.007s] adding license file 'LICENSE'
[14.010s] writing manifest file '../../../build/launch/launch.egg-info/SOURCES.txt'
[14.024s] running build
[14.036s] running build_py
[14.039s] creating /workspace/build/launch/build
[14.079s] creating /workspace/build/launch/build/lib
[14.090s] creating /workspace/build/launch/build/lib/launch
[14.094s] copying launch/__init__.py -> /workspace/build/launch/build/lib/launch
[14.137s] running install
[14.149s] running install_lib
[14.176s] creating /workspace/install/launch/lib/python3.10/site-packages/launch
[14.187s] copying /workspace/build/launch/build/lib/launch/__init__.py -> /workspace/install/launch/lib/python3.10/site-packages/launch
[14.286s] byte-compiling /workspace/install/launch/lib/python3.10/site-packages/launch/__init__.py to __init__.cpython-310.pyc
[14.314s] running install_data
[14.319s] creating /workspace/install/launch/share/ament_index
[14.322s] creating /workspace/install/launch/share/ament_index/resource_index
[14.333s] creating /workspace/install/launch/share/ament_index/resource_index/packages
[14.341s] copying resource/launch -> /workspace/install/launch/share/ament_index/resource_index/packages
[14.371s] copying package.xml -> /workspace/install/launch/share/launch
[14.400s] running install_egg_info
[14.413s] Copying ../../../build/launch/launch.egg-info to /workspace/install/launch/lib/python3.10/site-packages/launch-0.0.0-py3.10.egg-info
[14.526s] running install_scripts
[14.661s] writing list of installed files to '/workspace/build/launch/install.log'
[14.736s] Invoked command in '/workspace/ros2_ws/src/launch' returned '0': PYTHONPATH=/workspace/build/launch/prefix_override:/usr/lib/python3/dist-packages/colcon_core/task/python/colcon_distutils_commands:/workspace/install/launch/lib/python3.10/site-packages:${PYTHONPATH} /usr/bin/python3 -W ignore:setup.py install is deprecated -W ignore:easy_install command is deprecated setup.py egg_info --egg-base ../../../build/launch build --build-base /workspace/build/launch/build install --record /workspace/build/launch/install.log --install-scripts $base/lib/launch --single-version-externally-managed install_data
