[9.534s] Invoking command in '/workspace/ros2_ws/src/robot_sim': PYTHONPATH=/workspace/build/robot_sim/prefix_override:/usr/lib/python3/dist-packages/colcon_core/task/python/colcon_distutils_commands:/workspace/install/robot_sim/lib/python3.10/site-packages:${PYTHONPATH} /usr/bin/python3 -W ignore:setup.py install is deprecated -W ignore:easy_install command is deprecated setup.py egg_info --egg-base ../../../build/robot_sim build --build-base /workspace/build/robot_sim/build install --record /workspace/build/robot_sim/install.log --install-scripts $base/lib/robot_sim --single-version-externally-managed install_data
[11.161s] running egg_info
[11.166s] writing ../../../build/robot_sim/robot_sim.egg-info/PKG-INFO
[11.274s] writing dependency_links to ../../../build/robot_sim/robot_sim.egg-info/dependency_links.txt
[11.277s] writing entry points to ../../../build/robot_sim/robot_sim.egg-info/entry_points.txt
[11.281s] writing requirements to ../../../build/robot_sim/robot_sim.egg-info/requires.txt
[11.286s] writing top-level names to ../../../build/robot_sim/robot_sim.egg-info/top_level.txt
[11.322s] reading manifest file '../../../build/robot_sim/robot_sim.egg-info/SOURCES.txt'
[11.336s] writing manifest file '../../../build/robot_sim/robot_sim.egg-info/SOURCES.txt'
[11.339s] running build
[11.350s] running build_py
[11.361s] running install
[11.365s] running install_lib
[11.376s] running install_data
[11.381s] running install_egg_info
[11.420s] removing '/workspace/install/robot_sim/lib/python3.10/site-packages/robot_sim-0.0.0-py3.10.egg-info' (and everything under it)
[11.426s] Copying ../../../build/robot_sim/robot_sim.egg-info to /workspace/install/robot_sim/lib/python3.10/site-packages/robot_sim-0.0.0-py3.10.egg-info
[11.573s] running install_scripts
[11.714s] Installing simulator script to /workspace/install/robot_sim/lib/robot_sim
[11.731s] writing list of installed files to '/workspace/build/robot_sim/install.log'
[12.166s] Invoked command in '/workspace/ros2_ws/src/robot_sim' returned '0': PYTHONPATH=/workspace/build/robot_sim/prefix_override:/usr/lib/python3/dist-packages/colcon_core/task/python/colcon_distutils_commands:/workspace/install/robot_sim/lib/python3.10/site-packages:${PYTHONPATH} /usr/bin/python3 -W ignore:setup.py install is deprecated -W ignore:easy_install command is deprecated setup.py egg_info --egg-base ../../../build/robot_sim build --build-base /workspace/build/robot_sim/build install --record /workspace/build/robot_sim/install.log --install-scripts $base/lib/robot_sim --single-version-externally-managed install_data
