[2.086s] Invoking command in '/workspace/ros2_ws/src/robot_sim': PYTHONPATH=/workspace/ros2_ws/build/robot_sim/prefix_override:/usr/lib/python3/dist-packages/colcon_core/task/python/colcon_distutils_commands:/workspace/ros2_ws/install/robot_sim/lib/python3.10/site-packages:${PYTHONPATH} /usr/bin/python3 -W ignore:setup.py install is deprecated -W ignore:easy_install command is deprecated setup.py egg_info --egg-base ../../build/robot_sim build --build-base /workspace/ros2_ws/build/robot_sim/build install --record /workspace/ros2_ws/build/robot_sim/install.log --install-scripts $base/lib/robot_sim --single-version-externally-managed install_data
[2.598s] running egg_info
[2.603s] writing ../../build/robot_sim/robot_sim.egg-info/PKG-INFO
[2.607s] writing dependency_links to ../../build/robot_sim/robot_sim.egg-info/dependency_links.txt
[2.611s] writing entry points to ../../build/robot_sim/robot_sim.egg-info/entry_points.txt
[2.616s] writing requirements to ../../build/robot_sim/robot_sim.egg-info/requires.txt
[2.616s] writing top-level names to ../../build/robot_sim/robot_sim.egg-info/top_level.txt
[2.631s] reading manifest file '../../build/robot_sim/robot_sim.egg-info/SOURCES.txt'
[2.635s] writing manifest file '../../build/robot_sim/robot_sim.egg-info/SOURCES.txt'
[2.638s] running build
[2.640s] running build_py
[2.645s] running install
[2.648s] running install_lib
[2.657s] running install_data
[2.662s] running install_egg_info
[2.667s] removing '/workspace/ros2_ws/install/robot_sim/lib/python3.10/site-packages/robot_sim-0.0.0-py3.10.egg-info' (and everything under it)
[2.679s] Copying ../../build/robot_sim/robot_sim.egg-info to /workspace/ros2_ws/install/robot_sim/lib/python3.10/site-packages/robot_sim-0.0.0-py3.10.egg-info
[2.728s] running install_scripts
[2.774s] Installing simulator script to /workspace/ros2_ws/install/robot_sim/lib/robot_sim
[2.780s] writing list of installed files to '/workspace/ros2_ws/build/robot_sim/install.log'
[2.851s] Invoked command in '/workspace/ros2_ws/src/robot_sim' returned '0': PYTHONPATH=/workspace/ros2_ws/build/robot_sim/prefix_override:/usr/lib/python3/dist-packages/colcon_core/task/python/colcon_distutils_commands:/workspace/ros2_ws/install/robot_sim/lib/python3.10/site-packages:${PYTHONPATH} /usr/bin/python3 -W ignore:setup.py install is deprecated -W ignore:easy_install command is deprecated setup.py egg_info --egg-base ../../build/robot_sim build --build-base /workspace/ros2_ws/build/robot_sim/build install --record /workspace/ros2_ws/build/robot_sim/install.log --install-scripts $base/lib/robot_sim --single-version-externally-managed install_data
