[3.247s] Invoking command in '/workspace/ros2_ws/src/localization': PYTHONPATH=/workspace/build/localization/prefix_override:/usr/lib/python3/dist-packages/colcon_core/task/python/colcon_distutils_commands:/workspace/install/localization/lib/python3.10/site-packages:${PYTHONPATH} /usr/bin/python3 -W ignore:setup.py install is deprecated -W ignore:easy_install command is deprecated setup.py egg_info --egg-base ../../../build/localization build --build-base /workspace/build/localization/build install --record /workspace/build/localization/install.log --install-scripts $base/lib/localization --single-version-externally-managed install_data
[3.839s] running egg_info
[3.843s] writing ../../../build/localization/localization.egg-info/PKG-INFO
[3.848s] writing dependency_links to ../../../build/localization/localization.egg-info/dependency_links.txt
[3.850s] writing entry points to ../../../build/localization/localization.egg-info/entry_points.txt
[3.854s] writing requirements to ../../../build/localization/localization.egg-info/requires.txt
[3.856s] writing top-level names to ../../../build/localization/localization.egg-info/top_level.txt
[3.876s] reading manifest file '../../../build/localization/localization.egg-info/SOURCES.txt'
[3.880s] adding license file 'LICENSE'
[3.881s] writing manifest file '../../../build/localization/localization.egg-info/SOURCES.txt'
[3.882s] running build
[3.884s] running build_py
[3.901s] running install
[3.903s] running install_lib
[3.938s] running install_data
[3.943s] running install_egg_info
[3.944s] removing '/workspace/install/localization/lib/python3.10/site-packages/localization-0.0.0-py3.10.egg-info' (and everything under it)
[3.954s] Copying ../../../build/localization/localization.egg-info to /workspace/install/localization/lib/python3.10/site-packages/localization-0.0.0-py3.10.egg-info
[4.009s] running install_scripts
[4.059s] Installing localization_node script to /workspace/install/localization/lib/localization
[4.067s] writing list of installed files to '/workspace/build/localization/install.log'
[4.145s] Invoked command in '/workspace/ros2_ws/src/localization' returned '0': PYTHONPATH=/workspace/build/localization/prefix_override:/usr/lib/python3/dist-packages/colcon_core/task/python/colcon_distutils_commands:/workspace/install/localization/lib/python3.10/site-packages:${PYTHONPATH} /usr/bin/python3 -W ignore:setup.py install is deprecated -W ignore:easy_install command is deprecated setup.py egg_info --egg-base ../../../build/localization build --build-base /workspace/build/localization/build install --record /workspace/build/localization/install.log --install-scripts $base/lib/localization --single-version-externally-managed install_data
