running egg_info
creating ../../build/pure_pursuit/pure_pursuit.egg-info
writing ../../build/pure_pursuit/pure_pursuit.egg-info/PKG-INFO
writing dependency_links to ../../build/pure_pursuit/pure_pursuit.egg-info/dependency_links.txt
writing entry points to ../../build/pure_pursuit/pure_pursuit.egg-info/entry_points.txt
writing requirements to ../../build/pure_pursuit/pure_pursuit.egg-info/requires.txt
writing top-level names to ../../build/pure_pursuit/pure_pursuit.egg-info/top_level.txt
writing manifest file '../../build/pure_pursuit/pure_pursuit.egg-info/SOURCES.txt'
reading manifest file '../../build/pure_pursuit/pure_pursuit.egg-info/SOURCES.txt'
adding license file 'LICENSE'
writing manifest file '../../build/pure_pursuit/pure_pursuit.egg-info/SOURCES.txt'
running build
running build_py
creating /workspace/ros2_ws/build/pure_pursuit/build
creating /workspace/ros2_ws/build/pure_pursuit/build/lib
creating /workspace/ros2_ws/build/pure_pursuit/build/lib/pure_pursuit
copying pure_pursuit/pure_pursuit_node.py -> /workspace/ros2_ws/build/pure_pursuit/build/lib/pure_pursuit
copying pure_pursuit/controller.py -> /workspace/ros2_ws/build/pure_pursuit/build/lib/pure_pursuit
copying pure_pursuit/__init__.py -> /workspace/ros2_ws/build/pure_pursuit/build/lib/pure_pursuit
copying pure_pursuit/utils.py -> /workspace/ros2_ws/build/pure_pursuit/build/lib/pure_pursuit
copying pure_pursuit/stats.py -> /workspace/ros2_ws/build/pure_pursuit/build/lib/pure_pursuit
running install
running install_lib
creating /workspace/ros2_ws/install/pure_pursuit/lib/python3.10/site-packages/pure_pursuit
copying /workspace/ros2_ws/build/pure_pursuit/build/lib/pure_pursuit/pure_pursuit_node.py -> /workspace/ros2_ws/install/pure_pursuit/lib/python3.10/site-packages/pure_pursuit
copying /workspace/ros2_ws/build/pure_pursuit/build/lib/pure_pursuit/controller.py -> /workspace/ros2_ws/install/pure_pursuit/lib/python3.10/site-packages/pure_pursuit
copying /workspace/ros2_ws/build/pure_pursuit/build/lib/pure_pursuit/__init__.py -> /workspace/ros2_ws/install/pure_pursuit/lib/python3.10/site-packages/pure_pursuit
copying /workspace/ros2_ws/build/pure_pursuit/build/lib/pure_pursuit/utils.py -> /workspace/ros2_ws/install/pure_pursuit/lib/python3.10/site-packages/pure_pursuit
copying /workspace/ros2_ws/build/pure_pursuit/build/lib/pure_pursuit/stats.py -> /workspace/ros2_ws/install/pure_pursuit/lib/python3.10/site-packages/pure_pursuit
byte-compiling /workspace/ros2_ws/install/pure_pursuit/lib/python3.10/site-packages/pure_pursuit/pure_pursuit_node.py to pure_pursuit_node.cpython-310.pyc
byte-compiling /workspace/ros2_ws/install/pure_pursuit/lib/python3.10/site-packages/pure_pursuit/controller.py to controller.cpython-310.pyc
byte-compiling /workspace/ros2_ws/install/pure_pursuit/lib/python3.10/site-packages/pure_pursuit/__init__.py to __init__.cpython-310.pyc
byte-compiling /workspace/ros2_ws/install/pure_pursuit/lib/python3.10/site-packages/pure_pursuit/utils.py to utils.cpython-310.pyc
byte-compiling /workspace/ros2_ws/install/pure_pursuit/lib/python3.10/site-packages/pure_pursuit/stats.py to stats.cpython-310.pyc
running install_data
creating /workspace/ros2_ws/install/pure_pursuit/share/ament_index
creating /workspace/ros2_ws/install/pure_pursuit/share/ament_index/resource_index
creating /workspace/ros2_ws/install/pure_pursuit/share/ament_index/resource_index/packages
copying resource/pure_pursuit -> /workspace/ros2_ws/install/pure_pursuit/share/ament_index/resource_index/packages
copying package.xml -> /workspace/ros2_ws/install/pure_pursuit/share/pure_pursuit
running install_egg_info
Copying ../../build/pure_pursuit/pure_pursuit.egg-info to /workspace/ros2_ws/install/pure_pursuit/lib/python3.10/site-packages/pure_pursuit-0.0.0-py3.10.egg-info
running install_scripts
Installing pure_pursuit_node script to /workspace/ros2_ws/install/pure_pursuit/lib/pure_pursuit
writing list of installed files to '/workspace/ros2_ws/build/pure_pursuit/install.log'
