[25.843s] Invoking command in '/workspace/ros2_ws/src/localization': PYTHONPATH=/workspace/build/localization/prefix_override:/usr/lib/python3/dist-packages/colcon_core/task/python/colcon_distutils_commands:/workspace/install/localization/lib/python3.10/site-packages:${PYTHONPATH} /usr/bin/python3 -W ignore:setup.py install is deprecated -W ignore:easy_install command is deprecated setup.py egg_info --egg-base ../../../build/localization build --build-base /workspace/build/localization/build install --record /workspace/build/localization/install.log --install-scripts $base/lib/localization --single-version-externally-managed install_data
[30.548s] running egg_info
[30.761s] writing ../../../build/localization/localization.egg-info/PKG-INFO
[30.794s] writing dependency_links to ../../../build/localization/localization.egg-info/dependency_links.txt
[31.291s] writing entry points to ../../../build/localization/localization.egg-info/entry_points.txt
[31.444s] writing requirements to ../../../build/localization/localization.egg-info/requires.txt
[31.586s] writing top-level names to ../../../build/localization/localization.egg-info/top_level.txt
[31.597s] reading manifest file '../../../build/localization/localization.egg-info/SOURCES.txt'
[31.680s] adding license file 'LICENSE'
[31.700s] writing manifest file '../../../build/localization/localization.egg-info/SOURCES.txt'
[31.719s] running build
[31.720s] running build_py
[31.900s] running install
[31.906s] running install_lib
[32.052s] running install_data
[32.063s] running install_egg_info
[32.128s] removing '/workspace/install/localization/lib/python3.10/site-packages/localization-0.0.0-py3.10.egg-info' (and everything under it)
[32.195s] Copying ../../../build/localization/localization.egg-info to /workspace/install/localization/lib/python3.10/site-packages/localization-0.0.0-py3.10.egg-info
[32.596s] running install_scripts
[32.841s] Installing apriltag_node script to /workspace/install/localization/lib/localization
[32.875s] Installing localization_node script to /workspace/install/localization/lib/localization
[32.888s] writing list of installed files to '/workspace/build/localization/install.log'
[33.199s] Invoked command in '/workspace/ros2_ws/src/localization' returned '0': PYTHONPATH=/workspace/build/localization/prefix_override:/usr/lib/python3/dist-packages/colcon_core/task/python/colcon_distutils_commands:/workspace/install/localization/lib/python3.10/site-packages:${PYTHONPATH} /usr/bin/python3 -W ignore:setup.py install is deprecated -W ignore:easy_install command is deprecated setup.py egg_info --egg-base ../../../build/localization build --build-base /workspace/build/localization/build install --record /workspace/build/localization/install.log --install-scripts $base/lib/localization --single-version-externally-managed install_data
