[11.099s] Invoking command in '/workspace/ros2_ws/src/pure_pursuit': PYTHONPATH=/workspace/ros2_ws/build/pure_pursuit/prefix_override:/usr/lib/python3/dist-packages/colcon_core/task/python/colcon_distutils_commands:/workspace/ros2_ws/install/pure_pursuit/lib/python3.10/site-packages:${PYTHONPATH} /usr/bin/python3 -W ignore:setup.py install is deprecated -W ignore:easy_install command is deprecated setup.py egg_info --egg-base ../../build/pure_pursuit build --build-base /workspace/ros2_ws/build/pure_pursuit/build install --record /workspace/ros2_ws/build/pure_pursuit/install.log --install-scripts $base/lib/pure_pursuit --single-version-externally-managed install_data
[14.315s] running egg_info
[14.319s] writing ../../build/pure_pursuit/pure_pursuit.egg-info/PKG-INFO
[14.365s] writing dependency_links to ../../build/pure_pursuit/pure_pursuit.egg-info/dependency_links.txt
[14.382s] writing entry points to ../../build/pure_pursuit/pure_pursuit.egg-info/entry_points.txt
[14.384s] writing requirements to ../../build/pure_pursuit/pure_pursuit.egg-info/requires.txt
[14.385s] writing top-level names to ../../build/pure_pursuit/pure_pursuit.egg-info/top_level.txt
[14.399s] reading manifest file '../../build/pure_pursuit/pure_pursuit.egg-info/SOURCES.txt'
[14.401s] adding license file 'LICENSE'
[14.404s] writing manifest file '../../build/pure_pursuit/pure_pursuit.egg-info/SOURCES.txt'
[14.434s] running build
[14.436s] running build_py
[14.442s] copying pure_pursuit/controller.py -> /workspace/ros2_ws/build/pure_pursuit/build/lib/pure_pursuit
[14.444s] running install
[14.492s] running install_lib
[14.539s] copying /workspace/ros2_ws/build/pure_pursuit/build/lib/pure_pursuit/controller.py -> /workspace/ros2_ws/install/pure_pursuit/lib/python3.10/site-packages/pure_pursuit
[14.612s] byte-compiling /workspace/ros2_ws/install/pure_pursuit/lib/python3.10/site-packages/pure_pursuit/controller.py to controller.cpython-310.pyc
[14.617s] running install_data
[14.621s] running install_egg_info
[14.629s] removing '/workspace/ros2_ws/install/pure_pursuit/lib/python3.10/site-packages/pure_pursuit-0.0.0-py3.10.egg-info' (and everything under it)
[14.637s] Copying ../../build/pure_pursuit/pure_pursuit.egg-info to /workspace/ros2_ws/install/pure_pursuit/lib/python3.10/site-packages/pure_pursuit-0.0.0-py3.10.egg-info
[14.742s] running install_scripts
[15.016s] Installing pure_pursuit_node script to /workspace/ros2_ws/install/pure_pursuit/lib/pure_pursuit
[15.044s] writing list of installed files to '/workspace/ros2_ws/build/pure_pursuit/install.log'
[15.509s] Invoked command in '/workspace/ros2_ws/src/pure_pursuit' returned '0': PYTHONPATH=/workspace/ros2_ws/build/pure_pursuit/prefix_override:/usr/lib/python3/dist-packages/colcon_core/task/python/colcon_distutils_commands:/workspace/ros2_ws/install/pure_pursuit/lib/python3.10/site-packages:${PYTHONPATH} /usr/bin/python3 -W ignore:setup.py install is deprecated -W ignore:easy_install command is deprecated setup.py egg_info --egg-base ../../build/pure_pursuit build --build-base /workspace/ros2_ws/build/pure_pursuit/build install --record /workspace/ros2_ws/build/pure_pursuit/install.log --install-scripts $base/lib/pure_pursuit --single-version-externally-managed install_data
