[4.561s] Invoking command in '/workspace/ros2_ws/src/pure_pursuit': PYTHONPATH=/workspace/build/pure_pursuit/prefix_override:/usr/lib/python3/dist-packages/colcon_core/task/python/colcon_distutils_commands:/workspace/install/pure_pursuit/lib/python3.10/site-packages:${PYTHONPATH} /usr/bin/python3 -W ignore:setup.py install is deprecated -W ignore:easy_install command is deprecated setup.py egg_info --egg-base ../../../build/pure_pursuit build --build-base /workspace/build/pure_pursuit/build install --record /workspace/build/pure_pursuit/install.log --install-scripts $base/lib/pure_pursuit --single-version-externally-managed install_data
[5.555s] running egg_info
[5.560s] writing ../../../build/pure_pursuit/pure_pursuit.egg-info/PKG-INFO
[5.566s] writing dependency_links to ../../../build/pure_pursuit/pure_pursuit.egg-info/dependency_links.txt
[5.569s] writing entry points to ../../../build/pure_pursuit/pure_pursuit.egg-info/entry_points.txt
[5.575s] writing requirements to ../../../build/pure_pursuit/pure_pursuit.egg-info/requires.txt
[5.579s] writing top-level names to ../../../build/pure_pursuit/pure_pursuit.egg-info/top_level.txt
[5.623s] reading manifest file '../../../build/pure_pursuit/pure_pursuit.egg-info/SOURCES.txt'
[5.638s] adding license file 'LICENSE'
[5.645s] writing manifest file '../../../build/pure_pursuit/pure_pursuit.egg-info/SOURCES.txt'
[5.647s] running build
[5.653s] running build_py
[5.660s] running install
[5.663s] running install_lib
[5.669s] running install_data
[5.671s] running install_egg_info
[5.682s] removing '/workspace/install/pure_pursuit/lib/python3.10/site-packages/pure_pursuit-0.0.0-py3.10.egg-info' (and everything under it)
[5.693s] Copying ../../../build/pure_pursuit/pure_pursuit.egg-info to /workspace/install/pure_pursuit/lib/python3.10/site-packages/pure_pursuit-0.0.0-py3.10.egg-info
[5.735s] running install_scripts
[5.834s] Installing pure_pursuit_node script to /workspace/install/pure_pursuit/lib/pure_pursuit
[5.844s] writing list of installed files to '/workspace/build/pure_pursuit/install.log'
[6.053s] Invoked command in '/workspace/ros2_ws/src/pure_pursuit' returned '0': PYTHONPATH=/workspace/build/pure_pursuit/prefix_override:/usr/lib/python3/dist-packages/colcon_core/task/python/colcon_distutils_commands:/workspace/install/pure_pursuit/lib/python3.10/site-packages:${PYTHONPATH} /usr/bin/python3 -W ignore:setup.py install is deprecated -W ignore:easy_install command is deprecated setup.py egg_info --egg-base ../../../build/pure_pursuit build --build-base /workspace/build/pure_pursuit/build install --record /workspace/build/pure_pursuit/install.log --install-scripts $base/lib/pure_pursuit --single-version-externally-managed install_data
