[5.765s] Invoking command in '/workspace/ros2_ws/src/robot_sim': PYTHONPATH=/workspace/ros2_ws/build/robot_sim/prefix_override:/usr/lib/python3/dist-packages/colcon_core/task/python/colcon_distutils_commands:/workspace/ros2_ws/install/robot_sim/lib/python3.10/site-packages:${PYTHONPATH} /usr/bin/python3 -W ignore:setup.py install is deprecated -W ignore:easy_install command is deprecated setup.py egg_info --egg-base ../../build/robot_sim build --build-base /workspace/ros2_ws/build/robot_sim/build install --record /workspace/ros2_ws/build/robot_sim/install.log --install-scripts $base/lib/robot_sim --single-version-externally-managed install_data
[7.236s] running egg_info
[7.245s] creating ../../build/robot_sim/robot_sim.egg-info
[7.248s] writing ../../build/robot_sim/robot_sim.egg-info/PKG-INFO
[7.275s] writing dependency_links to ../../build/robot_sim/robot_sim.egg-info/dependency_links.txt
[7.284s] writing entry points to ../../build/robot_sim/robot_sim.egg-info/entry_points.txt
[7.301s] writing requirements to ../../build/robot_sim/robot_sim.egg-info/requires.txt
[7.315s] writing top-level names to ../../build/robot_sim/robot_sim.egg-info/top_level.txt
[7.336s] writing manifest file '../../build/robot_sim/robot_sim.egg-info/SOURCES.txt'
[7.350s] reading manifest file '../../build/robot_sim/robot_sim.egg-info/SOURCES.txt'
[7.363s] writing manifest file '../../build/robot_sim/robot_sim.egg-info/SOURCES.txt'
[7.380s] running build
[7.396s] running build_py
[7.418s] creating /workspace/ros2_ws/build/robot_sim/build
[7.426s] creating /workspace/ros2_ws/build/robot_sim/build/lib
[7.430s] creating /workspace/ros2_ws/build/robot_sim/build/lib/robot_sim
[7.444s] copying robot_sim/__init__.py -> /workspace/ros2_ws/build/robot_sim/build/lib/robot_sim
[7.460s] copying robot_sim/simulator.py -> /workspace/ros2_ws/build/robot_sim/build/lib/robot_sim
[7.464s] running install
[7.470s] running install_lib
[7.475s] creating /workspace/ros2_ws/install/robot_sim/lib/python3.10/site-packages/robot_sim
[7.488s] copying /workspace/ros2_ws/build/robot_sim/build/lib/robot_sim/__init__.py -> /workspace/ros2_ws/install/robot_sim/lib/python3.10/site-packages/robot_sim
[7.512s] copying /workspace/ros2_ws/build/robot_sim/build/lib/robot_sim/simulator.py -> /workspace/ros2_ws/install/robot_sim/lib/python3.10/site-packages/robot_sim
[7.530s] byte-compiling /workspace/ros2_ws/install/robot_sim/lib/python3.10/site-packages/robot_sim/__init__.py to __init__.cpython-310.pyc
[7.535s] byte-compiling /workspace/ros2_ws/install/robot_sim/lib/python3.10/site-packages/robot_sim/simulator.py to simulator.cpython-310.pyc
[7.546s] running install_data
[7.552s] creating /workspace/ros2_ws/install/robot_sim/share/ament_index
[7.554s] creating /workspace/ros2_ws/install/robot_sim/share/ament_index/resource_index
[7.557s] creating /workspace/ros2_ws/install/robot_sim/share/ament_index/resource_index/packages
[7.560s] copying resource/robot_sim -> /workspace/ros2_ws/install/robot_sim/share/ament_index/resource_index/packages
[7.564s] copying package.xml -> /workspace/ros2_ws/install/robot_sim/share/robot_sim
[7.571s] running install_egg_info
[7.587s] Copying ../../build/robot_sim/robot_sim.egg-info to /workspace/ros2_ws/install/robot_sim/lib/python3.10/site-packages/robot_sim-0.0.0-py3.10.egg-info
[7.678s] running install_scripts
[7.786s] Installing simulator script to /workspace/ros2_ws/install/robot_sim/lib/robot_sim
[7.800s] writing list of installed files to '/workspace/ros2_ws/build/robot_sim/install.log'
[8.311s] Invoked command in '/workspace/ros2_ws/src/robot_sim' returned '0': PYTHONPATH=/workspace/ros2_ws/build/robot_sim/prefix_override:/usr/lib/python3/dist-packages/colcon_core/task/python/colcon_distutils_commands:/workspace/ros2_ws/install/robot_sim/lib/python3.10/site-packages:${PYTHONPATH} /usr/bin/python3 -W ignore:setup.py install is deprecated -W ignore:easy_install command is deprecated setup.py egg_info --egg-base ../../build/robot_sim build --build-base /workspace/ros2_ws/build/robot_sim/build install --record /workspace/ros2_ws/build/robot_sim/install.log --install-scripts $base/lib/robot_sim --single-version-externally-managed install_data
