[6.131s] Invoking command in '/workspace/ros2_ws/src/localization': PYTHONPATH=/workspace/build/localization/prefix_override:/usr/lib/python3/dist-packages/colcon_core/task/python/colcon_distutils_commands:/workspace/install/localization/lib/python3.10/site-packages:${PYTHONPATH} /usr/bin/python3 -W ignore:setup.py install is deprecated -W ignore:easy_install command is deprecated setup.py egg_info --egg-base ../../../build/localization build --build-base /workspace/build/localization/build install --record /workspace/build/localization/install.log --install-scripts $base/lib/localization --single-version-externally-managed install_data
[7.251s] running egg_info
[7.275s] writing ../../../build/localization/localization.egg-info/PKG-INFO
[7.293s] writing dependency_links to ../../../build/localization/localization.egg-info/dependency_links.txt
[7.345s] writing entry points to ../../../build/localization/localization.egg-info/entry_points.txt
[7.450s] writing requirements to ../../../build/localization/localization.egg-info/requires.txt
[7.496s] writing top-level names to ../../../build/localization/localization.egg-info/top_level.txt
[7.591s] reading manifest file '../../../build/localization/localization.egg-info/SOURCES.txt'
[7.598s] adding license file 'LICENSE'
[7.608s] writing manifest file '../../../build/localization/localization.egg-info/SOURCES.txt'
[7.610s] running build
[7.613s] running build_py
[7.622s] copying localization/detector.py -> /workspace/build/localization/build/lib/localization
[7.643s] copying localization/localization_node.py -> /workspace/build/localization/build/lib/localization
[7.683s] running install
[7.684s] running install_lib
[7.695s] copying /workspace/build/localization/build/lib/localization/detector.py -> /workspace/install/localization/lib/python3.10/site-packages/localization
[7.710s] copying /workspace/build/localization/build/lib/localization/localization_node.py -> /workspace/install/localization/lib/python3.10/site-packages/localization
[7.718s] byte-compiling /workspace/install/localization/lib/python3.10/site-packages/localization/detector.py to detector.cpython-310.pyc
[7.721s] byte-compiling /workspace/install/localization/lib/python3.10/site-packages/localization/localization_node.py to localization_node.cpython-310.pyc
[7.725s] running install_data
[7.728s] running install_egg_info
[7.730s] removing '/workspace/install/localization/lib/python3.10/site-packages/localization-0.0.0-py3.10.egg-info' (and everything under it)
[7.733s] Copying ../../../build/localization/localization.egg-info to /workspace/install/localization/lib/python3.10/site-packages/localization-0.0.0-py3.10.egg-info
[7.854s] running install_scripts
[7.914s] Installing apriltag_node script to /workspace/install/localization/lib/localization
[7.922s] Installing localization_node script to /workspace/install/localization/lib/localization
[7.937s] writing list of installed files to '/workspace/build/localization/install.log'
[8.261s] Invoked command in '/workspace/ros2_ws/src/localization' returned '0': PYTHONPATH=/workspace/build/localization/prefix_override:/usr/lib/python3/dist-packages/colcon_core/task/python/colcon_distutils_commands:/workspace/install/localization/lib/python3.10/site-packages:${PYTHONPATH} /usr/bin/python3 -W ignore:setup.py install is deprecated -W ignore:easy_install command is deprecated setup.py egg_info --egg-base ../../../build/localization build --build-base /workspace/build/localization/build install --record /workspace/build/localization/install.log --install-scripts $base/lib/localization --single-version-externally-managed install_data
