[3.132s] Invoking command in '/workspace/ros2_ws/src/localization': PYTHONPATH=/workspace/build/localization/prefix_override:/usr/lib/python3/dist-packages/colcon_core/task/python/colcon_distutils_commands:/workspace/install/localization/lib/python3.10/site-packages:${PYTHONPATH} /usr/bin/python3 -W ignore:setup.py install is deprecated -W ignore:easy_install command is deprecated setup.py egg_info --egg-base ../../../build/localization build --build-base /workspace/build/localization/build install --record /workspace/build/localization/install.log --install-scripts $base/lib/localization --single-version-externally-managed install_data
[3.846s] running egg_info
[3.848s] writing ../../../build/localization/localization.egg-info/PKG-INFO
[3.849s] writing dependency_links to ../../../build/localization/localization.egg-info/dependency_links.txt
[3.852s] writing entry points to ../../../build/localization/localization.egg-info/entry_points.txt
[3.857s] writing requirements to ../../../build/localization/localization.egg-info/requires.txt
[3.859s] writing top-level names to ../../../build/localization/localization.egg-info/top_level.txt
[3.890s] reading manifest file '../../../build/localization/localization.egg-info/SOURCES.txt'
[3.895s] adding license file 'LICENSE'
[3.897s] writing manifest file '../../../build/localization/localization.egg-info/SOURCES.txt'
[3.900s] running build
[3.902s] running build_py
[3.914s] copying localization/world_frame.py -> /workspace/build/localization/build/lib/localization
[3.948s] running install
[3.950s] running install_lib
[3.966s] copying /workspace/build/localization/build/lib/localization/world_frame.py -> /workspace/install/localization/lib/python3.10/site-packages/localization
[3.977s] byte-compiling /workspace/install/localization/lib/python3.10/site-packages/localization/world_frame.py to world_frame.cpython-310.pyc
[3.984s] running install_data
[3.990s] running install_egg_info
[3.998s] removing '/workspace/install/localization/lib/python3.10/site-packages/localization-0.0.0-py3.10.egg-info' (and everything under it)
[4.011s] Copying ../../../build/localization/localization.egg-info to /workspace/install/localization/lib/python3.10/site-packages/localization-0.0.0-py3.10.egg-info
[4.076s] running install_scripts
[4.190s] Installing apriltag_node script to /workspace/install/localization/lib/localization
[4.203s] Installing localization_node script to /workspace/install/localization/lib/localization
[4.230s] writing list of installed files to '/workspace/build/localization/install.log'
[4.377s] Invoked command in '/workspace/ros2_ws/src/localization' returned '0': PYTHONPATH=/workspace/build/localization/prefix_override:/usr/lib/python3/dist-packages/colcon_core/task/python/colcon_distutils_commands:/workspace/install/localization/lib/python3.10/site-packages:${PYTHONPATH} /usr/bin/python3 -W ignore:setup.py install is deprecated -W ignore:easy_install command is deprecated setup.py egg_info --egg-base ../../../build/localization build --build-base /workspace/build/localization/build install --record /workspace/build/localization/install.log --install-scripts $base/lib/localization --single-version-externally-managed install_data
