[4.722s] Invoking command in '/workspace/ros2_ws/src/robot_sim': PYTHONPATH=/workspace/build/robot_sim/prefix_override:/usr/lib/python3/dist-packages/colcon_core/task/python/colcon_distutils_commands:/workspace/install/robot_sim/lib/python3.10/site-packages:${PYTHONPATH} /usr/bin/python3 -W ignore:setup.py install is deprecated -W ignore:easy_install command is deprecated setup.py egg_info --egg-base ../../../build/robot_sim build --build-base /workspace/build/robot_sim/build install --record /workspace/build/robot_sim/install.log --install-scripts $base/lib/robot_sim --single-version-externally-managed install_data
[5.828s] running egg_info
[5.867s] writing ../../../build/robot_sim/robot_sim.egg-info/PKG-INFO
[5.896s] writing dependency_links to ../../../build/robot_sim/robot_sim.egg-info/dependency_links.txt
[5.909s] writing entry points to ../../../build/robot_sim/robot_sim.egg-info/entry_points.txt
[5.913s] writing requirements to ../../../build/robot_sim/robot_sim.egg-info/requires.txt
[5.922s] writing top-level names to ../../../build/robot_sim/robot_sim.egg-info/top_level.txt
[5.961s] reading manifest file '../../../build/robot_sim/robot_sim.egg-info/SOURCES.txt'
[5.968s] writing manifest file '../../../build/robot_sim/robot_sim.egg-info/SOURCES.txt'
[5.973s] running build
[5.979s] running build_py
[5.983s] running install
[5.987s] running install_lib
[5.994s] running install_data
[5.996s] running install_egg_info
[6.002s] removing '/workspace/install/robot_sim/lib/python3.10/site-packages/robot_sim-0.0.0-py3.10.egg-info' (and everything under it)
[6.030s] Copying ../../../build/robot_sim/robot_sim.egg-info to /workspace/install/robot_sim/lib/python3.10/site-packages/robot_sim-0.0.0-py3.10.egg-info
[6.595s] running install_scripts
[6.850s] Installing simulator script to /workspace/install/robot_sim/lib/robot_sim
[6.863s] writing list of installed files to '/workspace/build/robot_sim/install.log'
[7.008s] Invoked command in '/workspace/ros2_ws/src/robot_sim' returned '0': PYTHONPATH=/workspace/build/robot_sim/prefix_override:/usr/lib/python3/dist-packages/colcon_core/task/python/colcon_distutils_commands:/workspace/install/robot_sim/lib/python3.10/site-packages:${PYTHONPATH} /usr/bin/python3 -W ignore:setup.py install is deprecated -W ignore:easy_install command is deprecated setup.py egg_info --egg-base ../../../build/robot_sim build --build-base /workspace/build/robot_sim/build install --record /workspace/build/robot_sim/install.log --install-scripts $base/lib/robot_sim --single-version-externally-managed install_data
