[5.657s] Invoking command in '/workspace/ros2_ws/src/robot_sim': PYTHONPATH=/workspace/build/robot_sim/prefix_override:/usr/lib/python3/dist-packages/colcon_core/task/python/colcon_distutils_commands:/workspace/install/robot_sim/lib/python3.10/site-packages:${PYTHONPATH} /usr/bin/python3 -W ignore:setup.py install is deprecated -W ignore:easy_install command is deprecated setup.py egg_info --egg-base ../../../build/robot_sim build --build-base /workspace/build/robot_sim/build install --record /workspace/build/robot_sim/install.log --install-scripts $base/lib/robot_sim --single-version-externally-managed install_data
[6.894s] running egg_info
[6.900s] writing ../../../build/robot_sim/robot_sim.egg-info/PKG-INFO
[6.903s] writing dependency_links to ../../../build/robot_sim/robot_sim.egg-info/dependency_links.txt
[6.909s] writing entry points to ../../../build/robot_sim/robot_sim.egg-info/entry_points.txt
[6.927s] writing requirements to ../../../build/robot_sim/robot_sim.egg-info/requires.txt
[6.934s] writing top-level names to ../../../build/robot_sim/robot_sim.egg-info/top_level.txt
[6.968s] reading manifest file '../../../build/robot_sim/robot_sim.egg-info/SOURCES.txt'
[6.980s] writing manifest file '../../../build/robot_sim/robot_sim.egg-info/SOURCES.txt'
[6.984s] running build
[6.987s] running build_py
[6.995s] running install
[6.998s] running install_lib
[7.003s] running install_data
[7.005s] running install_egg_info
[7.011s] removing '/workspace/install/robot_sim/lib/python3.10/site-packages/robot_sim-0.0.0-py3.10.egg-info' (and everything under it)
[7.037s] Copying ../../../build/robot_sim/robot_sim.egg-info to /workspace/install/robot_sim/lib/python3.10/site-packages/robot_sim-0.0.0-py3.10.egg-info
[7.072s] running install_scripts
[7.143s] Installing simulator script to /workspace/install/robot_sim/lib/robot_sim
[7.163s] writing list of installed files to '/workspace/build/robot_sim/install.log'
[7.428s] Invoked command in '/workspace/ros2_ws/src/robot_sim' returned '0': PYTHONPATH=/workspace/build/robot_sim/prefix_override:/usr/lib/python3/dist-packages/colcon_core/task/python/colcon_distutils_commands:/workspace/install/robot_sim/lib/python3.10/site-packages:${PYTHONPATH} /usr/bin/python3 -W ignore:setup.py install is deprecated -W ignore:easy_install command is deprecated setup.py egg_info --egg-base ../../../build/robot_sim build --build-base /workspace/build/robot_sim/build install --record /workspace/build/robot_sim/install.log --install-scripts $base/lib/robot_sim --single-version-externally-managed install_data
