[4.139s] Invoking command in '/workspace/ros2_ws/src/localization': PYTHONPATH=/workspace/build/localization/prefix_override:/usr/lib/python3/dist-packages/colcon_core/task/python/colcon_distutils_commands:/workspace/install/localization/lib/python3.10/site-packages:${PYTHONPATH} /usr/bin/python3 -W ignore:setup.py install is deprecated -W ignore:easy_install command is deprecated setup.py egg_info --egg-base ../../../build/localization build --build-base /workspace/build/localization/build install --record /workspace/build/localization/install.log --install-scripts $base/lib/localization --single-version-externally-managed install_data
[5.129s] running egg_info
[5.137s] writing ../../../build/localization/localization.egg-info/PKG-INFO
[5.154s] writing dependency_links to ../../../build/localization/localization.egg-info/dependency_links.txt
[5.165s] writing entry points to ../../../build/localization/localization.egg-info/entry_points.txt
[5.173s] writing requirements to ../../../build/localization/localization.egg-info/requires.txt
[5.186s] writing top-level names to ../../../build/localization/localization.egg-info/top_level.txt
[5.231s] reading manifest file '../../../build/localization/localization.egg-info/SOURCES.txt'
[5.234s] adding license file 'LICENSE'
[5.236s] writing manifest file '../../../build/localization/localization.egg-info/SOURCES.txt'
[5.243s] running build
[5.245s] running build_py
[5.247s] copying localization/camera.py -> /workspace/build/localization/build/lib/localization
[5.262s] running install
[5.267s] running install_lib
[5.280s] copying /workspace/build/localization/build/lib/localization/camera.py -> /workspace/install/localization/lib/python3.10/site-packages/localization
[5.285s] byte-compiling /workspace/install/localization/lib/python3.10/site-packages/localization/camera.py to camera.cpython-310.pyc
[5.290s] running install_data
[5.293s] running install_egg_info
[5.296s] removing '/workspace/install/localization/lib/python3.10/site-packages/localization-0.0.0-py3.10.egg-info' (and everything under it)
[5.299s] Copying ../../../build/localization/localization.egg-info to /workspace/install/localization/lib/python3.10/site-packages/localization-0.0.0-py3.10.egg-info
[5.497s] running install_scripts
[5.656s] Installing apriltag_node script to /workspace/install/localization/lib/localization
[5.667s] Installing localization_node script to /workspace/install/localization/lib/localization
[5.684s] writing list of installed files to '/workspace/build/localization/install.log'
[6.288s] Invoked command in '/workspace/ros2_ws/src/localization' returned '0': PYTHONPATH=/workspace/build/localization/prefix_override:/usr/lib/python3/dist-packages/colcon_core/task/python/colcon_distutils_commands:/workspace/install/localization/lib/python3.10/site-packages:${PYTHONPATH} /usr/bin/python3 -W ignore:setup.py install is deprecated -W ignore:easy_install command is deprecated setup.py egg_info --egg-base ../../../build/localization build --build-base /workspace/build/localization/build install --record /workspace/build/localization/install.log --install-scripts $base/lib/localization --single-version-externally-managed install_data
