[5.879s] Invoking command in '/workspace/ros2_ws/src/robot_sim': PYTHONPATH=/workspace/build/robot_sim/prefix_override:/usr/lib/python3/dist-packages/colcon_core/task/python/colcon_distutils_commands:/workspace/install/robot_sim/lib/python3.10/site-packages:${PYTHONPATH} /usr/bin/python3 -W ignore:setup.py install is deprecated -W ignore:easy_install command is deprecated setup.py egg_info --egg-base ../../../build/robot_sim build --build-base /workspace/build/robot_sim/build install --record /workspace/build/robot_sim/install.log --install-scripts $base/lib/robot_sim --single-version-externally-managed install_data
[6.587s] running egg_info
[6.590s] writing ../../../build/robot_sim/robot_sim.egg-info/PKG-INFO
[6.595s] writing dependency_links to ../../../build/robot_sim/robot_sim.egg-info/dependency_links.txt
[6.603s] writing entry points to ../../../build/robot_sim/robot_sim.egg-info/entry_points.txt
[6.607s] writing requirements to ../../../build/robot_sim/robot_sim.egg-info/requires.txt
[6.611s] writing top-level names to ../../../build/robot_sim/robot_sim.egg-info/top_level.txt
[6.633s] reading manifest file '../../../build/robot_sim/robot_sim.egg-info/SOURCES.txt'
[6.642s] writing manifest file '../../../build/robot_sim/robot_sim.egg-info/SOURCES.txt'
[6.645s] running build
[6.650s] running build_py
[6.656s] running install
[6.660s] running install_lib
[6.686s] running install_data
[6.695s] running install_egg_info
[6.709s] removing '/workspace/install/robot_sim/lib/python3.10/site-packages/robot_sim-0.0.0-py3.10.egg-info' (and everything under it)
[6.728s] Copying ../../../build/robot_sim/robot_sim.egg-info to /workspace/install/robot_sim/lib/python3.10/site-packages/robot_sim-0.0.0-py3.10.egg-info
[6.801s] running install_scripts
[6.893s] Installing simulator script to /workspace/install/robot_sim/lib/robot_sim
[6.909s] writing list of installed files to '/workspace/build/robot_sim/install.log'
[6.986s] Invoked command in '/workspace/ros2_ws/src/robot_sim' returned '0': PYTHONPATH=/workspace/build/robot_sim/prefix_override:/usr/lib/python3/dist-packages/colcon_core/task/python/colcon_distutils_commands:/workspace/install/robot_sim/lib/python3.10/site-packages:${PYTHONPATH} /usr/bin/python3 -W ignore:setup.py install is deprecated -W ignore:easy_install command is deprecated setup.py egg_info --egg-base ../../../build/robot_sim build --build-base /workspace/build/robot_sim/build install --record /workspace/build/robot_sim/install.log --install-scripts $base/lib/robot_sim --single-version-externally-managed install_data
