/workspace/install/pure_pursuit/lib/python3.10/site-packages/pure_pursuit/pure_pursuit_node.py
/workspace/install/pure_pursuit/lib/python3.10/site-packages/pure_pursuit/controller.py
/workspace/install/pure_pursuit/lib/python3.10/site-packages/pure_pursuit/__init__.py
/workspace/install/pure_pursuit/lib/python3.10/site-packages/pure_pursuit/utils.py
/workspace/install/pure_pursuit/lib/python3.10/site-packages/pure_pursuit/stats.py
/workspace/install/pure_pursuit/lib/python3.10/site-packages/pure_pursuit/__pycache__/pure_pursuit_node.cpython-310.pyc
/workspace/install/pure_pursuit/lib/python3.10/site-packages/pure_pursuit/__pycache__/controller.cpython-310.pyc
/workspace/install/pure_pursuit/lib/python3.10/site-packages/pure_pursuit/__pycache__/__init__.cpython-310.pyc
/workspace/install/pure_pursuit/lib/python3.10/site-packages/pure_pursuit/__pycache__/utils.cpython-310.pyc
/workspace/install/pure_pursuit/lib/python3.10/site-packages/pure_pursuit/__pycache__/stats.cpython-310.pyc
/workspace/install/pure_pursuit/share/ament_index/resource_index/packages/pure_pursuit
/workspace/install/pure_pursuit/share/pure_pursuit/package.xml
/workspace/install/pure_pursuit/lib/python3.10/site-packages/pure_pursuit-0.0.0-py3.10.egg-info/PKG-INFO
/workspace/install/pure_pursuit/lib/python3.10/site-packages/pure_pursuit-0.0.0-py3.10.egg-info/zip-safe
/workspace/install/pure_pursuit/lib/python3.10/site-packages/pure_pursuit-0.0.0-py3.10.egg-info/SOURCES.txt
/workspace/install/pure_pursuit/lib/python3.10/site-packages/pure_pursuit-0.0.0-py3.10.egg-info/entry_points.txt
/workspace/install/pure_pursuit/lib/python3.10/site-packages/pure_pursuit-0.0.0-py3.10.egg-info/requires.txt
/workspace/install/pure_pursuit/lib/python3.10/site-packages/pure_pursuit-0.0.0-py3.10.egg-info/top_level.txt
/workspace/install/pure_pursuit/lib/python3.10/site-packages/pure_pursuit-0.0.0-py3.10.egg-info/dependency_links.txt
/workspace/install/pure_pursuit/lib/pure_pursuit/pure_pursuit_node
