[12.199s] Invoking command in '/workspace/build/localization': PYTHONPATH=/workspace/build/localization/prefix_override:/usr/lib/python3/dist-packages/colcon_core/task/python/colcon_distutils_commands:/workspace/install/localization/lib/python3.10/site-packages:${PYTHONPATH} /usr/bin/python3 -W ignore:setup.py install is deprecated -W ignore:easy_install command is deprecated setup.py develop --editable --build-directory /workspace/build/localization/build --no-deps symlink_data --force
[14.738s] running develop
[16.007s] running egg_info
[16.009s] writing localization.egg-info/PKG-INFO
[16.011s] writing dependency_links to localization.egg-info/dependency_links.txt
[16.036s] writing entry points to localization.egg-info/entry_points.txt
[16.040s] writing requirements to localization.egg-info/requires.txt
[16.045s] writing top-level names to localization.egg-info/top_level.txt
[16.219s] reading manifest file 'localization.egg-info/SOURCES.txt'
[16.306s] writing manifest file 'localization.egg-info/SOURCES.txt'
[16.415s] running build_ext
[16.451s] Creating /workspace/install/localization/lib/python3.10/site-packages/localization.egg-link (link to .)
[16.461s] Installing apriltag_node script to /workspace/install/localization/lib/localization
[16.474s] Installing localization_node script to /workspace/install/localization/lib/localization
[16.492s] 
[16.495s] Installed /workspace/build/localization
[16.498s] running symlink_data
[16.500s] symbolically linking /workspace/build/localization/resource/localization -> /workspace/install/localization/share/ament_index/resource_index/packages
[16.507s] symbolically linking /workspace/build/localization/package.xml -> /workspace/install/localization/share/localization
[16.513s] symbolically linking /workspace/build/localization/launch/localization_bringup.launch.py -> /workspace/install/localization/share/localization/launch
[16.711s] Invoked command in '/workspace/build/localization' returned '0': PYTHONPATH=/workspace/build/localization/prefix_override:/usr/lib/python3/dist-packages/colcon_core/task/python/colcon_distutils_commands:/workspace/install/localization/lib/python3.10/site-packages:${PYTHONPATH} /usr/bin/python3 -W ignore:setup.py install is deprecated -W ignore:easy_install command is deprecated setup.py develop --editable --build-directory /workspace/build/localization/build --no-deps symlink_data --force
