[8.132s] Invoking command in '/workspace/ros2_ws/src/robot_sim': PYTHONPATH=/workspace/build/robot_sim/prefix_override:/usr/lib/python3/dist-packages/colcon_core/task/python/colcon_distutils_commands:/workspace/install/robot_sim/lib/python3.10/site-packages:${PYTHONPATH} /usr/bin/python3 -W ignore:setup.py install is deprecated -W ignore:easy_install command is deprecated setup.py egg_info --egg-base ../../../build/robot_sim build --build-base /workspace/build/robot_sim/build install --record /workspace/build/robot_sim/install.log --install-scripts $base/lib/robot_sim --single-version-externally-managed install_data
[11.153s] running egg_info
[11.169s] writing ../../../build/robot_sim/robot_sim.egg-info/PKG-INFO
[11.175s] writing dependency_links to ../../../build/robot_sim/robot_sim.egg-info/dependency_links.txt
[11.178s] writing entry points to ../../../build/robot_sim/robot_sim.egg-info/entry_points.txt
[11.187s] writing requirements to ../../../build/robot_sim/robot_sim.egg-info/requires.txt
[11.189s] writing top-level names to ../../../build/robot_sim/robot_sim.egg-info/top_level.txt
[11.191s] reading manifest file '../../../build/robot_sim/robot_sim.egg-info/SOURCES.txt'
[11.256s] writing manifest file '../../../build/robot_sim/robot_sim.egg-info/SOURCES.txt'
[11.273s] running build
[11.275s] running build_py
[11.276s] running install
[11.283s] running install_lib
[11.286s] running install_data
[11.287s] running install_egg_info
[11.311s] removing '/workspace/install/robot_sim/lib/python3.10/site-packages/robot_sim-0.0.0-py3.10.egg-info' (and everything under it)
[11.347s] Copying ../../../build/robot_sim/robot_sim.egg-info to /workspace/install/robot_sim/lib/python3.10/site-packages/robot_sim-0.0.0-py3.10.egg-info
[11.497s] running install_scripts
[11.674s] Installing simulator script to /workspace/install/robot_sim/lib/robot_sim
[11.680s] writing list of installed files to '/workspace/build/robot_sim/install.log'
[12.365s] Invoked command in '/workspace/ros2_ws/src/robot_sim' returned '0': PYTHONPATH=/workspace/build/robot_sim/prefix_override:/usr/lib/python3/dist-packages/colcon_core/task/python/colcon_distutils_commands:/workspace/install/robot_sim/lib/python3.10/site-packages:${PYTHONPATH} /usr/bin/python3 -W ignore:setup.py install is deprecated -W ignore:easy_install command is deprecated setup.py egg_info --egg-base ../../../build/robot_sim build --build-base /workspace/build/robot_sim/build install --record /workspace/build/robot_sim/install.log --install-scripts $base/lib/robot_sim --single-version-externally-managed install_data
