[11.731s] Invoking command in '/workspace/ros2_ws/src/robot_sim': PYTHONPATH=/workspace/build/robot_sim/prefix_override:/usr/lib/python3/dist-packages/colcon_core/task/python/colcon_distutils_commands:/workspace/install/robot_sim/lib/python3.10/site-packages:${PYTHONPATH} /usr/bin/python3 -W ignore:setup.py install is deprecated -W ignore:easy_install command is deprecated setup.py egg_info --egg-base ../../../build/robot_sim build --build-base /workspace/build/robot_sim/build install --record /workspace/build/robot_sim/install.log --install-scripts $base/lib/robot_sim --single-version-externally-managed install_data
[14.419s] running egg_info
[14.427s] writing ../../../build/robot_sim/robot_sim.egg-info/PKG-INFO
[14.464s] writing dependency_links to ../../../build/robot_sim/robot_sim.egg-info/dependency_links.txt
[14.480s] writing entry points to ../../../build/robot_sim/robot_sim.egg-info/entry_points.txt
[14.490s] writing requirements to ../../../build/robot_sim/robot_sim.egg-info/requires.txt
[14.495s] writing top-level names to ../../../build/robot_sim/robot_sim.egg-info/top_level.txt
[14.664s] reading manifest file '../../../build/robot_sim/robot_sim.egg-info/SOURCES.txt'
[14.842s] writing manifest file '../../../build/robot_sim/robot_sim.egg-info/SOURCES.txt'
[14.891s] running build
[14.900s] running build_py
[14.918s] running install
[14.920s] running install_lib
[15.069s] running install_data
[15.089s] running install_egg_info
[15.100s] removing '/workspace/install/robot_sim/lib/python3.10/site-packages/robot_sim-0.0.0-py3.10.egg-info' (and everything under it)
[15.133s] Copying ../../../build/robot_sim/robot_sim.egg-info to /workspace/install/robot_sim/lib/python3.10/site-packages/robot_sim-0.0.0-py3.10.egg-info
[15.361s] running install_scripts
[15.901s] Installing simulator script to /workspace/install/robot_sim/lib/robot_sim
[15.904s] writing list of installed files to '/workspace/build/robot_sim/install.log'
[16.292s] Invoked command in '/workspace/ros2_ws/src/robot_sim' returned '0': PYTHONPATH=/workspace/build/robot_sim/prefix_override:/usr/lib/python3/dist-packages/colcon_core/task/python/colcon_distutils_commands:/workspace/install/robot_sim/lib/python3.10/site-packages:${PYTHONPATH} /usr/bin/python3 -W ignore:setup.py install is deprecated -W ignore:easy_install command is deprecated setup.py egg_info --egg-base ../../../build/robot_sim build --build-base /workspace/build/robot_sim/build install --record /workspace/build/robot_sim/install.log --install-scripts $base/lib/robot_sim --single-version-externally-managed install_data
