[2.289s] Invoking command in '/workspace/ros2_ws/src/localization': PYTHONPATH=/workspace/build/localization/prefix_override:/usr/lib/python3/dist-packages/colcon_core/task/python/colcon_distutils_commands:/workspace/install/localization/lib/python3.10/site-packages:${PYTHONPATH} /usr/bin/python3 -W ignore:setup.py install is deprecated -W ignore:easy_install command is deprecated setup.py egg_info --egg-base ../../../build/localization build --build-base /workspace/build/localization/build install --record /workspace/build/localization/install.log --install-scripts $base/lib/localization --single-version-externally-managed install_data
[3.004s] running egg_info
[3.006s] writing ../../../build/localization/localization.egg-info/PKG-INFO
[3.012s] writing dependency_links to ../../../build/localization/localization.egg-info/dependency_links.txt
[3.020s] writing entry points to ../../../build/localization/localization.egg-info/entry_points.txt
[3.027s] writing requirements to ../../../build/localization/localization.egg-info/requires.txt
[3.029s] writing top-level names to ../../../build/localization/localization.egg-info/top_level.txt
[3.056s] reading manifest file '../../../build/localization/localization.egg-info/SOURCES.txt'
[3.060s] adding license file 'LICENSE'
[3.065s] writing manifest file '../../../build/localization/localization.egg-info/SOURCES.txt'
[3.072s] running build
[3.074s] running build_py
[3.099s] running install
[3.100s] running install_lib
[3.128s] running install_data
[3.131s] running install_egg_info
[3.135s] removing '/workspace/install/localization/lib/python3.10/site-packages/localization-0.0.0-py3.10.egg-info' (and everything under it)
[3.139s] Copying ../../../build/localization/localization.egg-info to /workspace/install/localization/lib/python3.10/site-packages/localization-0.0.0-py3.10.egg-info
[3.189s] running install_scripts
[3.238s] Installing localization_node script to /workspace/install/localization/lib/localization
[3.249s] writing list of installed files to '/workspace/build/localization/install.log'
[3.364s] Invoked command in '/workspace/ros2_ws/src/localization' returned '0': PYTHONPATH=/workspace/build/localization/prefix_override:/usr/lib/python3/dist-packages/colcon_core/task/python/colcon_distutils_commands:/workspace/install/localization/lib/python3.10/site-packages:${PYTHONPATH} /usr/bin/python3 -W ignore:setup.py install is deprecated -W ignore:easy_install command is deprecated setup.py egg_info --egg-base ../../../build/localization build --build-base /workspace/build/localization/build install --record /workspace/build/localization/install.log --install-scripts $base/lib/localization --single-version-externally-managed install_data
