[6.587s] Invoking command in '/workspace/ros2_ws/src/robot_sim': PYTHONPATH=/workspace/build/robot_sim/prefix_override:/usr/lib/python3/dist-packages/colcon_core/task/python/colcon_distutils_commands:/workspace/install/robot_sim/lib/python3.10/site-packages:${PYTHONPATH} /usr/bin/python3 -W ignore:setup.py install is deprecated -W ignore:easy_install command is deprecated setup.py egg_info --egg-base ../../../build/robot_sim build --build-base /workspace/build/robot_sim/build install --record /workspace/build/robot_sim/install.log --install-scripts $base/lib/robot_sim --single-version-externally-managed install_data
[7.611s] running egg_info
[7.616s] writing ../../../build/robot_sim/robot_sim.egg-info/PKG-INFO
[7.620s] writing dependency_links to ../../../build/robot_sim/robot_sim.egg-info/dependency_links.txt
[7.624s] writing entry points to ../../../build/robot_sim/robot_sim.egg-info/entry_points.txt
[7.630s] writing requirements to ../../../build/robot_sim/robot_sim.egg-info/requires.txt
[7.781s] writing top-level names to ../../../build/robot_sim/robot_sim.egg-info/top_level.txt
[7.820s] reading manifest file '../../../build/robot_sim/robot_sim.egg-info/SOURCES.txt'
[7.825s] writing manifest file '../../../build/robot_sim/robot_sim.egg-info/SOURCES.txt'
[7.829s] running build
[7.834s] running build_py
[7.848s] running install
[7.853s] running install_lib
[7.868s] running install_data
[7.871s] running install_egg_info
[7.881s] removing '/workspace/install/robot_sim/lib/python3.10/site-packages/robot_sim-0.0.0-py3.10.egg-info' (and everything under it)
[7.888s] Copying ../../../build/robot_sim/robot_sim.egg-info to /workspace/install/robot_sim/lib/python3.10/site-packages/robot_sim-0.0.0-py3.10.egg-info
[7.996s] running install_scripts
[8.194s] Installing simulator script to /workspace/install/robot_sim/lib/robot_sim
[8.215s] writing list of installed files to '/workspace/build/robot_sim/install.log'
[8.750s] Invoked command in '/workspace/ros2_ws/src/robot_sim' returned '0': PYTHONPATH=/workspace/build/robot_sim/prefix_override:/usr/lib/python3/dist-packages/colcon_core/task/python/colcon_distutils_commands:/workspace/install/robot_sim/lib/python3.10/site-packages:${PYTHONPATH} /usr/bin/python3 -W ignore:setup.py install is deprecated -W ignore:easy_install command is deprecated setup.py egg_info --egg-base ../../../build/robot_sim build --build-base /workspace/build/robot_sim/build install --record /workspace/build/robot_sim/install.log --install-scripts $base/lib/robot_sim --single-version-externally-managed install_data
