[2.314s] Invoking command in '/workspace/ros2_ws/src/pure_pursuit': PYTHONPATH=/workspace/ros2_ws/build/pure_pursuit/prefix_override:/usr/lib/python3/dist-packages/colcon_core/task/python/colcon_distutils_commands:/workspace/ros2_ws/install/pure_pursuit/lib/python3.10/site-packages:${PYTHONPATH} /usr/bin/python3 -W ignore:setup.py install is deprecated -W ignore:easy_install command is deprecated setup.py egg_info --egg-base ../../build/pure_pursuit build --build-base /workspace/ros2_ws/build/pure_pursuit/build install --record /workspace/ros2_ws/build/pure_pursuit/install.log --install-scripts $base/lib/pure_pursuit --single-version-externally-managed install_data
[2.803s] running egg_info
[2.806s] writing ../../build/pure_pursuit/pure_pursuit.egg-info/PKG-INFO
[2.809s] writing dependency_links to ../../build/pure_pursuit/pure_pursuit.egg-info/dependency_links.txt
[2.812s] writing entry points to ../../build/pure_pursuit/pure_pursuit.egg-info/entry_points.txt
[2.814s] writing requirements to ../../build/pure_pursuit/pure_pursuit.egg-info/requires.txt
[2.817s] writing top-level names to ../../build/pure_pursuit/pure_pursuit.egg-info/top_level.txt
[2.833s] reading manifest file '../../build/pure_pursuit/pure_pursuit.egg-info/SOURCES.txt'
[2.838s] adding license file 'LICENSE'
[2.841s] writing manifest file '../../build/pure_pursuit/pure_pursuit.egg-info/SOURCES.txt'
[2.844s] running build
[2.846s] running build_py
[2.853s] copying pure_pursuit/controller.py -> /workspace/ros2_ws/build/pure_pursuit/build/lib/pure_pursuit
[2.864s] running install
[2.867s] running install_lib
[2.873s] copying /workspace/ros2_ws/build/pure_pursuit/build/lib/pure_pursuit/controller.py -> /workspace/ros2_ws/install/pure_pursuit/lib/python3.10/site-packages/pure_pursuit
[2.880s] byte-compiling /workspace/ros2_ws/install/pure_pursuit/lib/python3.10/site-packages/pure_pursuit/controller.py to controller.cpython-310.pyc
[2.884s] running install_data
[2.886s] running install_egg_info
[2.895s] removing '/workspace/ros2_ws/install/pure_pursuit/lib/python3.10/site-packages/pure_pursuit-0.0.0-py3.10.egg-info' (and everything under it)
[2.904s] Copying ../../build/pure_pursuit/pure_pursuit.egg-info to /workspace/ros2_ws/install/pure_pursuit/lib/python3.10/site-packages/pure_pursuit-0.0.0-py3.10.egg-info
[2.938s] running install_scripts
[3.006s] Installing pure_pursuit_node script to /workspace/ros2_ws/install/pure_pursuit/lib/pure_pursuit
[3.009s] writing list of installed files to '/workspace/ros2_ws/build/pure_pursuit/install.log'
[3.087s] Invoked command in '/workspace/ros2_ws/src/pure_pursuit' returned '0': PYTHONPATH=/workspace/ros2_ws/build/pure_pursuit/prefix_override:/usr/lib/python3/dist-packages/colcon_core/task/python/colcon_distutils_commands:/workspace/ros2_ws/install/pure_pursuit/lib/python3.10/site-packages:${PYTHONPATH} /usr/bin/python3 -W ignore:setup.py install is deprecated -W ignore:easy_install command is deprecated setup.py egg_info --egg-base ../../build/pure_pursuit build --build-base /workspace/ros2_ws/build/pure_pursuit/build install --record /workspace/ros2_ws/build/pure_pursuit/install.log --install-scripts $base/lib/pure_pursuit --single-version-externally-managed install_data
