[4.371s] Invoking command in '/workspace/ros2_ws/src/localization': PYTHONPATH=/workspace/build/localization/prefix_override:/usr/lib/python3/dist-packages/colcon_core/task/python/colcon_distutils_commands:/workspace/install/localization/lib/python3.10/site-packages:${PYTHONPATH} /usr/bin/python3 -W ignore:setup.py install is deprecated -W ignore:easy_install command is deprecated setup.py egg_info --egg-base ../../../build/localization build --build-base /workspace/build/localization/build install --record /workspace/build/localization/install.log --install-scripts $base/lib/localization --single-version-externally-managed install_data
[5.778s] running egg_info
[5.786s] writing ../../../build/localization/localization.egg-info/PKG-INFO
[5.791s] writing dependency_links to ../../../build/localization/localization.egg-info/dependency_links.txt
[5.796s] writing entry points to ../../../build/localization/localization.egg-info/entry_points.txt
[5.799s] writing requirements to ../../../build/localization/localization.egg-info/requires.txt
[5.804s] writing top-level names to ../../../build/localization/localization.egg-info/top_level.txt
[5.844s] reading manifest file '../../../build/localization/localization.egg-info/SOURCES.txt'
[5.853s] adding license file 'LICENSE'
[5.862s] writing manifest file '../../../build/localization/localization.egg-info/SOURCES.txt'
[5.866s] running build
[5.868s] running build_py
[5.870s] copying localization/localization_node.py -> /workspace/build/localization/build/lib/localization
[5.888s] running install
[5.890s] running install_lib
[5.902s] copying /workspace/build/localization/build/lib/localization/localization_node.py -> /workspace/install/localization/lib/python3.10/site-packages/localization
[5.926s] byte-compiling /workspace/install/localization/lib/python3.10/site-packages/localization/apriltag_node.py to apriltag_node.cpython-310.pyc
[5.938s]   File "/workspace/install/localization/lib/python3.10/site-packages/localization/apriltag_node.py", line 30
[5.942s]     pred_center = 0, pred_orientation = 0, pred_class = 0
[5.947s]     ^^^^^^^^^^^^^^^
[5.964s] SyntaxError: invalid syntax. Maybe you meant '==' or ':=' instead of '='?
[5.971s] 
[5.973s] byte-compiling /workspace/install/localization/lib/python3.10/site-packages/localization/localization_node.py to localization_node.cpython-310.pyc
[5.974s] running install_data
[5.979s] running install_egg_info
[5.987s] removing '/workspace/install/localization/lib/python3.10/site-packages/localization-0.0.0-py3.10.egg-info' (and everything under it)
[5.989s] Copying ../../../build/localization/localization.egg-info to /workspace/install/localization/lib/python3.10/site-packages/localization-0.0.0-py3.10.egg-info
[6.069s] running install_scripts
[6.137s] Installing apriltag_node script to /workspace/install/localization/lib/localization
[6.142s] Installing localization_node script to /workspace/install/localization/lib/localization
[6.154s] writing list of installed files to '/workspace/build/localization/install.log'
[6.274s] Invoked command in '/workspace/ros2_ws/src/localization' returned '0': PYTHONPATH=/workspace/build/localization/prefix_override:/usr/lib/python3/dist-packages/colcon_core/task/python/colcon_distutils_commands:/workspace/install/localization/lib/python3.10/site-packages:${PYTHONPATH} /usr/bin/python3 -W ignore:setup.py install is deprecated -W ignore:easy_install command is deprecated setup.py egg_info --egg-base ../../../build/localization build --build-base /workspace/build/localization/build install --record /workspace/build/localization/install.log --install-scripts $base/lib/localization --single-version-externally-managed install_data
