[9.191s] Invoking command in '/workspace/ros2_ws/src/robot_sim': PYTHONPATH=/workspace/build/robot_sim/prefix_override:/usr/lib/python3/dist-packages/colcon_core/task/python/colcon_distutils_commands:/workspace/install/robot_sim/lib/python3.10/site-packages:${PYTHONPATH} /usr/bin/python3 -W ignore:setup.py install is deprecated -W ignore:easy_install command is deprecated setup.py egg_info --egg-base ../../../build/robot_sim build --build-base /workspace/build/robot_sim/build install --record /workspace/build/robot_sim/install.log --install-scripts $base/lib/robot_sim --single-version-externally-managed install_data
[10.379s] running egg_info
[10.389s] writing ../../../build/robot_sim/robot_sim.egg-info/PKG-INFO
[10.391s] writing dependency_links to ../../../build/robot_sim/robot_sim.egg-info/dependency_links.txt
[10.400s] writing entry points to ../../../build/robot_sim/robot_sim.egg-info/entry_points.txt
[10.406s] writing requirements to ../../../build/robot_sim/robot_sim.egg-info/requires.txt
[10.416s] writing top-level names to ../../../build/robot_sim/robot_sim.egg-info/top_level.txt
[10.447s] reading manifest file '../../../build/robot_sim/robot_sim.egg-info/SOURCES.txt'
[10.480s] writing manifest file '../../../build/robot_sim/robot_sim.egg-info/SOURCES.txt'
[10.482s] running build
[10.487s] running build_py
[10.495s] running install
[10.498s] running install_lib
[10.505s] running install_data
[10.510s] running install_egg_info
[10.512s] removing '/workspace/install/robot_sim/lib/python3.10/site-packages/robot_sim-0.0.0-py3.10.egg-info' (and everything under it)
[10.514s] Copying ../../../build/robot_sim/robot_sim.egg-info to /workspace/install/robot_sim/lib/python3.10/site-packages/robot_sim-0.0.0-py3.10.egg-info
[10.558s] running install_scripts
[10.659s] Installing simulator script to /workspace/install/robot_sim/lib/robot_sim
[10.668s] writing list of installed files to '/workspace/build/robot_sim/install.log'
[11.108s] Invoked command in '/workspace/ros2_ws/src/robot_sim' returned '0': PYTHONPATH=/workspace/build/robot_sim/prefix_override:/usr/lib/python3/dist-packages/colcon_core/task/python/colcon_distutils_commands:/workspace/install/robot_sim/lib/python3.10/site-packages:${PYTHONPATH} /usr/bin/python3 -W ignore:setup.py install is deprecated -W ignore:easy_install command is deprecated setup.py egg_info --egg-base ../../../build/robot_sim build --build-base /workspace/build/robot_sim/build install --record /workspace/build/robot_sim/install.log --install-scripts $base/lib/robot_sim --single-version-externally-managed install_data
