[0.000000] (-) TimerEvent: {}
[0.003562] (localization) JobQueued: {'identifier': 'localization', 'dependencies': OrderedDict()}
[0.004971] (pure_pursuit) JobQueued: {'identifier': 'pure_pursuit', 'dependencies': OrderedDict()}
[0.006451] (robot_sim) JobQueued: {'identifier': 'robot_sim', 'dependencies': OrderedDict()}
[0.008786] (localization) JobStarted: {'identifier': 'localization'}
[0.087199] (-) TimerEvent: {}
[0.192293] (-) TimerEvent: {}
[0.300675] (-) TimerEvent: {}
[0.305067] (pure_pursuit) JobStarted: {'identifier': 'pure_pursuit'}
[0.401631] (-) TimerEvent: {}
[0.457078] (robot_sim) JobStarted: {'identifier': 'robot_sim'}
[0.503463] (-) TimerEvent: {}
[0.606450] (-) TimerEvent: {}
[0.781026] (-) TimerEvent: {}
[0.960122] (-) TimerEvent: {}
[1.121849] (-) TimerEvent: {}
[1.230345] (-) TimerEvent: {}
[1.332770] (-) TimerEvent: {}
[1.443899] (-) TimerEvent: {}
[1.559494] (-) TimerEvent: {}
[1.662294] (-) TimerEvent: {}
[1.765255] (-) TimerEvent: {}
[1.868449] (-) TimerEvent: {}
[1.970313] (-) TimerEvent: {}
[2.073819] (-) TimerEvent: {}
[2.195100] (-) TimerEvent: {}
[2.302491] (-) TimerEvent: {}
[2.405788] (-) TimerEvent: {}
[2.510128] (-) TimerEvent: {}
[2.622335] (-) TimerEvent: {}
[2.728020] (-) TimerEvent: {}
[2.829719] (-) TimerEvent: {}
[2.951684] (-) TimerEvent: {}
[3.068221] (-) TimerEvent: {}
[3.173403] (-) TimerEvent: {}
[3.276344] (-) TimerEvent: {}
[3.378513] (-) TimerEvent: {}
[3.480344] (-) TimerEvent: {}
[3.582238] (-) TimerEvent: {}
[3.683225] (-) TimerEvent: {}
[3.789112] (-) TimerEvent: {}
[3.892555] (-) TimerEvent: {}
[4.006750] (-) TimerEvent: {}
[4.145439] (-) TimerEvent: {}
[4.253756] (-) TimerEvent: {}
[4.360672] (-) TimerEvent: {}
[4.462971] (-) TimerEvent: {}
[4.567408] (-) TimerEvent: {}
[4.670054] (-) TimerEvent: {}
[4.771381] (-) TimerEvent: {}
[4.873603] (-) TimerEvent: {}
[4.975395] (-) TimerEvent: {}
[5.077174] (-) TimerEvent: {}
[5.179498] (-) TimerEvent: {}
[5.282256] (-) TimerEvent: {}
[5.384382] (-) TimerEvent: {}
[5.486400] (-) TimerEvent: {}
[5.597909] (-) TimerEvent: {}
[5.708671] (-) TimerEvent: {}
[5.812804] (-) TimerEvent: {}
[5.917440] (-) TimerEvent: {}
[6.033578] (-) TimerEvent: {}
[6.145473] (-) TimerEvent: {}
[6.247287] (-) TimerEvent: {}
[6.350031] (-) TimerEvent: {}
[6.455245] (-) TimerEvent: {}
[6.559643] (-) TimerEvent: {}
[6.681251] (-) TimerEvent: {}
[6.791702] (-) TimerEvent: {}
[6.903600] (-) TimerEvent: {}
[7.018405] (-) TimerEvent: {}
[7.157148] (-) TimerEvent: {}
[7.275424] (-) TimerEvent: {}
[7.380594] (-) TimerEvent: {}
[7.487871] (-) TimerEvent: {}
[7.592465] (-) TimerEvent: {}
[7.723922] (-) TimerEvent: {}
[7.831934] (-) TimerEvent: {}
[7.941493] (-) TimerEvent: {}
[8.048131] (-) TimerEvent: {}
[8.160763] (-) TimerEvent: {}
[8.284366] (-) TimerEvent: {}
[8.391752] (-) TimerEvent: {}
[8.500450] (-) TimerEvent: {}
[8.608446] (-) TimerEvent: {}
[8.715215] (-) TimerEvent: {}
[8.823339] (-) TimerEvent: {}
[8.934368] (-) TimerEvent: {}
[9.058004] (-) TimerEvent: {}
[9.187272] (-) TimerEvent: {}
[9.316565] (-) TimerEvent: {}
[9.426251] (-) TimerEvent: {}
[9.542684] (-) TimerEvent: {}
[9.658443] (-) TimerEvent: {}
[9.808097] (-) TimerEvent: {}
[9.916865] (-) TimerEvent: {}
[10.037338] (-) TimerEvent: {}
[10.157252] (-) TimerEvent: {}
[10.279615] (-) TimerEvent: {}
[10.417282] (-) TimerEvent: {}
[10.537121] (-) TimerEvent: {}
[10.932678] (-) TimerEvent: {}
[11.126683] (-) TimerEvent: {}
[11.267126] (-) TimerEvent: {}
[11.450282] (-) TimerEvent: {}
[11.778364] (-) TimerEvent: {}
[11.923597] (-) TimerEvent: {}
[12.146367] (-) TimerEvent: {}
[12.339590] (-) TimerEvent: {}
[12.489963] (-) TimerEvent: {}
[12.622460] (-) TimerEvent: {}
[12.815547] (-) TimerEvent: {}
[13.141819] (-) TimerEvent: {}
[13.730408] (-) TimerEvent: {}
[14.524787] (-) TimerEvent: {}
[14.695462] (-) TimerEvent: {}
[15.263909] (-) TimerEvent: {}
[15.720648] (-) TimerEvent: {}
[16.343777] (-) TimerEvent: {}
[16.900593] (-) TimerEvent: {}
[18.211097] (-) TimerEvent: {}
[18.759798] (-) TimerEvent: {}
[19.272404] (-) TimerEvent: {}
[20.632769] (-) TimerEvent: {}
[21.298836] (-) TimerEvent: {}
[21.956596] (-) TimerEvent: {}
[22.645334] (-) TimerEvent: {}
[23.489691] (-) TimerEvent: {}
[24.087378] (-) TimerEvent: {}
[24.688205] (-) TimerEvent: {}
[25.617410] (-) TimerEvent: {}
[26.415839] (-) TimerEvent: {}
[26.996585] (-) TimerEvent: {}
[27.902203] (-) TimerEvent: {}
[28.974686] (-) TimerEvent: {}
[29.814985] (-) TimerEvent: {}
[31.645189] (-) TimerEvent: {}
[32.562710] (-) TimerEvent: {}
[33.402886] (-) TimerEvent: {}
[34.279979] (-) TimerEvent: {}
[34.948384] (-) TimerEvent: {}
[35.461430] (-) TimerEvent: {}
[36.509139] (-) TimerEvent: {}
[37.209752] (-) TimerEvent: {}
[38.002329] (-) TimerEvent: {}
[39.932664] (-) TimerEvent: {}
[40.918667] (-) TimerEvent: {}
[42.078056] (-) TimerEvent: {}
[43.015144] (-) TimerEvent: {}
[44.397791] (-) TimerEvent: {}
[45.115709] (-) TimerEvent: {}
[46.350815] (-) TimerEvent: {}
[47.682842] (-) TimerEvent: {}
[48.679235] (-) TimerEvent: {}
[49.577242] (-) TimerEvent: {}
[53.694567] (-) TimerEvent: {}
[54.803329] (-) TimerEvent: {}
[55.812822] (-) TimerEvent: {}
[57.089442] (-) TimerEvent: {}
[58.120461] (-) TimerEvent: {}
[58.949611] (-) TimerEvent: {}
[60.026476] (-) TimerEvent: {}
[61.938531] (-) TimerEvent: {}
[63.256283] (-) TimerEvent: {}
[64.135177] (-) TimerEvent: {}
[65.165634] (-) TimerEvent: {}
[66.070593] (-) TimerEvent: {}
[67.297347] (-) TimerEvent: {}
[68.499917] (-) TimerEvent: {}
[69.731828] (-) TimerEvent: {}
[71.396803] (-) TimerEvent: {}
[72.782105] (-) TimerEvent: {}
[74.348720] (-) TimerEvent: {}
[76.217643] (-) TimerEvent: {}
[83.480193] (-) TimerEvent: {}
[85.692148] (-) TimerEvent: {}
[87.169295] (-) TimerEvent: {}
[88.174339] (-) TimerEvent: {}
[89.207859] (-) TimerEvent: {}
[90.447545] (-) TimerEvent: {}
[91.865062] (-) TimerEvent: {}
[92.951291] (-) TimerEvent: {}
[94.021855] (-) TimerEvent: {}
[95.823950] (-) TimerEvent: {}
[97.830728] (-) TimerEvent: {}
[98.433720] (-) TimerEvent: {}
[99.373777] (-) TimerEvent: {}
[100.527691] (-) TimerEvent: {}
[101.966328] (-) TimerEvent: {}
[102.783026] (-) TimerEvent: {}
[103.702200] (-) TimerEvent: {}
[105.761220] (-) TimerEvent: {}
[107.730844] (-) TimerEvent: {}
[109.418739] (-) TimerEvent: {}
[111.602866] (-) TimerEvent: {}
[113.813189] (-) TimerEvent: {}
[116.948321] (-) TimerEvent: {}
[120.007443] (-) TimerEvent: {}
[123.178510] (-) TimerEvent: {}
[128.132692] (-) TimerEvent: {}
[130.819533] (-) TimerEvent: {}
[131.506579] (-) TimerEvent: {}
[132.228324] (-) TimerEvent: {}
[132.854671] (-) TimerEvent: {}
[133.595471] (-) TimerEvent: {}
[134.410360] (-) TimerEvent: {}
[135.211218] (-) TimerEvent: {}
[136.211223] (-) TimerEvent: {}
[143.118946] (-) TimerEvent: {}
[145.269716] (-) TimerEvent: {}
[148.595423] (-) TimerEvent: {}
[150.598445] (-) TimerEvent: {}
[152.839886] (-) TimerEvent: {}
[157.013874] (-) TimerEvent: {}
[158.009285] (-) TimerEvent: {}
[160.403307] (-) TimerEvent: {}
[162.109183] (-) TimerEvent: {}
[163.199703] (-) TimerEvent: {}
[165.628510] (-) TimerEvent: {}
[165.933794] (-) TimerEvent: {}
[166.127556] (-) TimerEvent: {}
[166.958125] (-) TimerEvent: {}
[167.064707] (-) TimerEvent: {}
[167.344875] (-) TimerEvent: {}
[168.411438] (-) TimerEvent: {}
[168.554404] (-) TimerEvent: {}
[168.691491] (-) TimerEvent: {}
[169.213505] (-) TimerEvent: {}
[169.377648] (-) TimerEvent: {}
[169.567793] (-) TimerEvent: {}
[169.715554] (-) TimerEvent: {}
[169.860851] (-) TimerEvent: {}
[169.994074] (-) TimerEvent: {}
[170.209255] (-) TimerEvent: {}
[170.330984] (-) TimerEvent: {}
[170.472278] (-) TimerEvent: {}
[170.676657] (-) TimerEvent: {}
[170.830781] (-) TimerEvent: {}
[170.945764] (-) TimerEvent: {}
[171.060349] (-) TimerEvent: {}
[172.267973] (-) TimerEvent: {}
[173.785158] (-) TimerEvent: {}
[174.029767] (-) TimerEvent: {}
[174.338001] (-) TimerEvent: {}
[174.835153] (-) TimerEvent: {}
[174.960186] (-) TimerEvent: {}
[175.095182] (-) TimerEvent: {}
[175.283204] (-) TimerEvent: {}
[175.597617] (-) TimerEvent: {}
[175.767516] (-) TimerEvent: {}
[175.880204] (-) TimerEvent: {}
[176.030680] (-) TimerEvent: {}
[176.175629] (-) TimerEvent: {}
[176.279569] (-) TimerEvent: {}
[176.388973] (-) TimerEvent: {}
[176.617563] (-) TimerEvent: {}
[176.841162] (-) TimerEvent: {}
[176.961921] (-) TimerEvent: {}
[177.083585] (-) TimerEvent: {}
[177.235721] (-) TimerEvent: {}
[177.339060] (-) TimerEvent: {}
[177.476752] (-) TimerEvent: {}
[177.580955] (-) TimerEvent: {}
[177.691362] (-) TimerEvent: {}
[177.841176] (-) TimerEvent: {}
[177.976731] (-) TimerEvent: {}
[178.091036] (-) TimerEvent: {}
[178.206852] (-) TimerEvent: {}
[178.364482] (-) TimerEvent: {}
[178.528733] (-) TimerEvent: {}
[178.795300] (-) TimerEvent: {}
[178.988572] (-) TimerEvent: {}
[179.107421] (-) TimerEvent: {}
[179.279140] (-) TimerEvent: {}
[179.480577] (-) TimerEvent: {}
[179.633700] (-) TimerEvent: {}
[179.929900] (-) TimerEvent: {}
[180.064601] (-) TimerEvent: {}
[180.231298] (-) TimerEvent: {}
[180.358417] (-) TimerEvent: {}
[180.460336] (-) TimerEvent: {}
[180.580627] (-) TimerEvent: {}
[180.697075] (-) TimerEvent: {}
[180.826749] (-) TimerEvent: {}
[180.943997] (-) TimerEvent: {}
[181.055947] (-) TimerEvent: {}
[181.167070] (-) TimerEvent: {}
[181.326919] (-) TimerEvent: {}
[181.494700] (-) TimerEvent: {}
[181.608927] (-) TimerEvent: {}
[181.735940] (-) TimerEvent: {}
[181.942885] (-) TimerEvent: {}
[182.055610] (-) TimerEvent: {}
[182.181237] (-) TimerEvent: {}
[182.326637] (-) TimerEvent: {}
[182.522519] (-) TimerEvent: {}
[182.715033] (-) TimerEvent: {}
[182.894709] (-) TimerEvent: {}
[183.060520] (-) TimerEvent: {}
[183.205153] (-) TimerEvent: {}
[183.311450] (-) TimerEvent: {}
[183.427504] (-) TimerEvent: {}
[183.532150] (-) TimerEvent: {}
[183.690813] (-) TimerEvent: {}
[183.961832] (-) TimerEvent: {}
[184.071324] (-) TimerEvent: {}
[184.183045] (-) TimerEvent: {}
[184.308379] (-) TimerEvent: {}
[184.413747] (-) TimerEvent: {}
[184.555879] (-) TimerEvent: {}
[184.732091] (-) TimerEvent: {}
[184.966184] (-) TimerEvent: {}
[185.090244] (-) TimerEvent: {}
[185.278810] (-) TimerEvent: {}
[185.409955] (-) TimerEvent: {}
[185.511829] (-) TimerEvent: {}
[185.616326] (-) TimerEvent: {}
[185.728865] (-) TimerEvent: {}
[185.830299] (-) TimerEvent: {}
[185.935599] (-) TimerEvent: {}
[186.044660] (-) TimerEvent: {}
[186.151012] (-) TimerEvent: {}
[186.276551] (-) TimerEvent: {}
[186.390810] (-) TimerEvent: {}
[186.497757] (-) TimerEvent: {}
[186.610510] (-) TimerEvent: {}
[186.713280] (-) TimerEvent: {}
[186.831469] (-) TimerEvent: {}
[186.939463] (-) TimerEvent: {}
[187.042474] (-) TimerEvent: {}
[187.146650] (-) TimerEvent: {}
[187.258314] (-) TimerEvent: {}
[187.362924] (-) TimerEvent: {}
[187.513484] (-) TimerEvent: {}
[187.618658] (-) TimerEvent: {}
[187.743582] (-) TimerEvent: {}
[187.873322] (-) TimerEvent: {}
[187.977797] (-) TimerEvent: {}
[188.091165] (-) TimerEvent: {}
[188.215613] (-) TimerEvent: {}
[188.338815] (-) TimerEvent: {}
[188.448400] (-) TimerEvent: {}
[188.556885] (-) TimerEvent: {}
[188.661573] (-) TimerEvent: {}
[188.764438] (-) TimerEvent: {}
[188.877984] (-) TimerEvent: {}
[188.997382] (-) TimerEvent: {}
[189.104274] (-) TimerEvent: {}
[189.321995] (-) TimerEvent: {}
[189.495835] (-) TimerEvent: {}
[189.605646] (-) TimerEvent: {}
