[21.934s] Invoking command in '/workspace/ros2_ws/src/localization': PYTHONPATH=/workspace/build/localization/prefix_override:/usr/lib/python3/dist-packages/colcon_core/task/python/colcon_distutils_commands:/workspace/install/localization/lib/python3.10/site-packages:${PYTHONPATH} /usr/bin/python3 -W ignore:setup.py install is deprecated -W ignore:easy_install command is deprecated setup.py egg_info --egg-base ../../../build/localization build --build-base /workspace/build/localization/build install --record /workspace/build/localization/install.log --install-scripts $base/lib/localization --single-version-externally-managed install_data
[30.398s] running egg_info
[30.646s] writing ../../../build/localization/localization.egg-info/PKG-INFO
[30.699s] writing dependency_links to ../../../build/localization/localization.egg-info/dependency_links.txt
[30.757s] writing entry points to ../../../build/localization/localization.egg-info/entry_points.txt
[30.919s] writing requirements to ../../../build/localization/localization.egg-info/requires.txt
[30.950s] writing top-level names to ../../../build/localization/localization.egg-info/top_level.txt
[31.167s] reading manifest file '../../../build/localization/localization.egg-info/SOURCES.txt'
[31.176s] adding license file 'LICENSE'
[31.235s] writing manifest file '../../../build/localization/localization.egg-info/SOURCES.txt'
[31.256s] running build
[31.272s] running build_py
[31.465s] copying localization/apriltag.py -> /workspace/build/localization/build/lib/localization
[31.559s] running install
[31.564s] running install_lib
[31.598s] copying /workspace/build/localization/build/lib/localization/apriltag.py -> /workspace/install/localization/lib/python3.10/site-packages/localization
[31.717s] byte-compiling /workspace/install/localization/lib/python3.10/site-packages/localization/apriltag.py to apriltag.cpython-310.pyc
[32.028s] running install_data
[32.042s] running install_egg_info
[32.263s] removing '/workspace/install/localization/lib/python3.10/site-packages/localization-0.0.0-py3.10.egg-info' (and everything under it)
[32.265s] Copying ../../../build/localization/localization.egg-info to /workspace/install/localization/lib/python3.10/site-packages/localization-0.0.0-py3.10.egg-info
[32.881s] running install_scripts
[33.286s] Installing localization_node script to /workspace/install/localization/lib/localization
[33.353s] writing list of installed files to '/workspace/build/localization/install.log'
[36.760s] Invoked command in '/workspace/ros2_ws/src/localization' returned '0': PYTHONPATH=/workspace/build/localization/prefix_override:/usr/lib/python3/dist-packages/colcon_core/task/python/colcon_distutils_commands:/workspace/install/localization/lib/python3.10/site-packages:${PYTHONPATH} /usr/bin/python3 -W ignore:setup.py install is deprecated -W ignore:easy_install command is deprecated setup.py egg_info --egg-base ../../../build/localization build --build-base /workspace/build/localization/build install --record /workspace/build/localization/install.log --install-scripts $base/lib/localization --single-version-externally-managed install_data
