[9.243s] Invoking command in '/workspace/ros2_ws/src/pure_pursuit': PYTHONPATH=/workspace/build/pure_pursuit/prefix_override:/usr/lib/python3/dist-packages/colcon_core/task/python/colcon_distutils_commands:/workspace/install/pure_pursuit/lib/python3.10/site-packages:${PYTHONPATH} /usr/bin/python3 -W ignore:setup.py install is deprecated -W ignore:easy_install command is deprecated setup.py egg_info --egg-base ../../../build/pure_pursuit build --build-base /workspace/build/pure_pursuit/build install --record /workspace/build/pure_pursuit/install.log --install-scripts $base/lib/pure_pursuit --single-version-externally-managed install_data
[10.682s] running egg_info
[10.697s] writing ../../../build/pure_pursuit/pure_pursuit.egg-info/PKG-INFO
[10.716s] writing dependency_links to ../../../build/pure_pursuit/pure_pursuit.egg-info/dependency_links.txt
[10.736s] writing entry points to ../../../build/pure_pursuit/pure_pursuit.egg-info/entry_points.txt
[10.750s] writing requirements to ../../../build/pure_pursuit/pure_pursuit.egg-info/requires.txt
[10.759s] writing top-level names to ../../../build/pure_pursuit/pure_pursuit.egg-info/top_level.txt
[10.822s] reading manifest file '../../../build/pure_pursuit/pure_pursuit.egg-info/SOURCES.txt'
[10.826s] adding license file 'LICENSE'
[10.842s] writing manifest file '../../../build/pure_pursuit/pure_pursuit.egg-info/SOURCES.txt'
[10.878s] running build
[10.883s] running build_py
[10.898s] running install
[10.904s] running install_lib
[10.985s] running install_data
[11.003s] running install_egg_info
[11.029s] removing '/workspace/install/pure_pursuit/lib/python3.10/site-packages/pure_pursuit-0.0.0-py3.10.egg-info' (and everything under it)
[11.118s] Copying ../../../build/pure_pursuit/pure_pursuit.egg-info to /workspace/install/pure_pursuit/lib/python3.10/site-packages/pure_pursuit-0.0.0-py3.10.egg-info
[11.263s] running install_scripts
[11.269s] Installing pure_pursuit_node script to /workspace/install/pure_pursuit/lib/pure_pursuit
[11.279s] writing list of installed files to '/workspace/build/pure_pursuit/install.log'
[11.338s] Invoked command in '/workspace/ros2_ws/src/pure_pursuit' returned '0': PYTHONPATH=/workspace/build/pure_pursuit/prefix_override:/usr/lib/python3/dist-packages/colcon_core/task/python/colcon_distutils_commands:/workspace/install/pure_pursuit/lib/python3.10/site-packages:${PYTHONPATH} /usr/bin/python3 -W ignore:setup.py install is deprecated -W ignore:easy_install command is deprecated setup.py egg_info --egg-base ../../../build/pure_pursuit build --build-base /workspace/build/pure_pursuit/build install --record /workspace/build/pure_pursuit/install.log --install-scripts $base/lib/pure_pursuit --single-version-externally-managed install_data
