[2.609s] Invoking command in '/workspace/ros2_ws/src/pure_pursuit': PYTHONPATH=/workspace/build/pure_pursuit/prefix_override:/usr/lib/python3/dist-packages/colcon_core/task/python/colcon_distutils_commands:/workspace/install/pure_pursuit/lib/python3.10/site-packages:${PYTHONPATH} /usr/bin/python3 -W ignore:setup.py install is deprecated -W ignore:easy_install command is deprecated setup.py egg_info --egg-base ../../../build/pure_pursuit build --build-base /workspace/build/pure_pursuit/build install --record /workspace/build/pure_pursuit/install.log --install-scripts $base/lib/pure_pursuit --single-version-externally-managed install_data
[3.302s] running egg_info
[3.304s] writing ../../../build/pure_pursuit/pure_pursuit.egg-info/PKG-INFO
[3.309s] writing dependency_links to ../../../build/pure_pursuit/pure_pursuit.egg-info/dependency_links.txt
[3.311s] writing entry points to ../../../build/pure_pursuit/pure_pursuit.egg-info/entry_points.txt
[3.314s] writing requirements to ../../../build/pure_pursuit/pure_pursuit.egg-info/requires.txt
[3.316s] writing top-level names to ../../../build/pure_pursuit/pure_pursuit.egg-info/top_level.txt
[3.323s] reading manifest file '../../../build/pure_pursuit/pure_pursuit.egg-info/SOURCES.txt'
[3.331s] adding license file 'LICENSE'
[3.333s] writing manifest file '../../../build/pure_pursuit/pure_pursuit.egg-info/SOURCES.txt'
[3.336s] running build
[3.338s] running build_py
[3.341s] running install
[3.344s] running install_lib
[3.354s] running install_data
[3.356s] running install_egg_info
[3.363s] removing '/workspace/install/pure_pursuit/lib/python3.10/site-packages/pure_pursuit-0.0.0-py3.10.egg-info' (and everything under it)
[3.365s] Copying ../../../build/pure_pursuit/pure_pursuit.egg-info to /workspace/install/pure_pursuit/lib/python3.10/site-packages/pure_pursuit-0.0.0-py3.10.egg-info
[3.432s] running install_scripts
[3.485s] Installing pure_pursuit_node script to /workspace/install/pure_pursuit/lib/pure_pursuit
[3.491s] writing list of installed files to '/workspace/build/pure_pursuit/install.log'
[3.563s] Invoked command in '/workspace/ros2_ws/src/pure_pursuit' returned '0': PYTHONPATH=/workspace/build/pure_pursuit/prefix_override:/usr/lib/python3/dist-packages/colcon_core/task/python/colcon_distutils_commands:/workspace/install/pure_pursuit/lib/python3.10/site-packages:${PYTHONPATH} /usr/bin/python3 -W ignore:setup.py install is deprecated -W ignore:easy_install command is deprecated setup.py egg_info --egg-base ../../../build/pure_pursuit build --build-base /workspace/build/pure_pursuit/build install --record /workspace/build/pure_pursuit/install.log --install-scripts $base/lib/pure_pursuit --single-version-externally-managed install_data
