[2.417s] Invoking command in '/workspace/ros2_ws/src/localization': PYTHONPATH=/workspace/ros2_ws/build/localization/prefix_override:/usr/lib/python3/dist-packages/colcon_core/task/python/colcon_distutils_commands:/workspace/ros2_ws/install/localization/lib/python3.10/site-packages:${PYTHONPATH} /usr/bin/python3 -W ignore:setup.py install is deprecated -W ignore:easy_install command is deprecated setup.py egg_info --egg-base ../../build/localization build --build-base /workspace/ros2_ws/build/localization/build install --record /workspace/ros2_ws/build/localization/install.log --install-scripts $base/lib/localization --single-version-externally-managed install_data
[2.945s] running egg_info
[2.949s] writing ../../build/localization/localization.egg-info/PKG-INFO
[2.950s] writing dependency_links to ../../build/localization/localization.egg-info/dependency_links.txt
[2.952s] writing entry points to ../../build/localization/localization.egg-info/entry_points.txt
[2.958s] writing requirements to ../../build/localization/localization.egg-info/requires.txt
[2.960s] writing top-level names to ../../build/localization/localization.egg-info/top_level.txt
[2.972s] reading manifest file '../../build/localization/localization.egg-info/SOURCES.txt'
[2.982s] adding license file 'LICENSE'
[2.986s] writing manifest file '../../build/localization/localization.egg-info/SOURCES.txt'
[2.990s] running build
[2.992s] running build_py
[2.995s] copying localization/detector.py -> /workspace/ros2_ws/build/localization/build/lib/localization
[3.000s] copying localization/camera.py -> /workspace/ros2_ws/build/localization/build/lib/localization
[3.023s] running install
[3.025s] running install_lib
[3.031s] copying /workspace/ros2_ws/build/localization/build/lib/localization/detector.py -> /workspace/ros2_ws/install/localization/lib/python3.10/site-packages/localization
[3.055s] copying /workspace/ros2_ws/build/localization/build/lib/localization/camera.py -> /workspace/ros2_ws/install/localization/lib/python3.10/site-packages/localization
[3.089s] byte-compiling /workspace/ros2_ws/install/localization/lib/python3.10/site-packages/localization/detector.py to detector.cpython-310.pyc
[3.100s] byte-compiling /workspace/ros2_ws/install/localization/lib/python3.10/site-packages/localization/camera.py to camera.cpython-310.pyc
[3.111s] running install_data
[3.111s] running install_egg_info
[3.116s] removing '/workspace/ros2_ws/install/localization/lib/python3.10/site-packages/localization-0.0.0-py3.10.egg-info' (and everything under it)
[3.122s] Copying ../../build/localization/localization.egg-info to /workspace/ros2_ws/install/localization/lib/python3.10/site-packages/localization-0.0.0-py3.10.egg-info
[3.176s] running install_scripts
[3.217s] Installing apriltag_node script to /workspace/ros2_ws/install/localization/lib/localization
[3.219s] Installing localization_node script to /workspace/ros2_ws/install/localization/lib/localization
[3.235s] writing list of installed files to '/workspace/ros2_ws/build/localization/install.log'
[3.330s] Invoked command in '/workspace/ros2_ws/src/localization' returned '0': PYTHONPATH=/workspace/ros2_ws/build/localization/prefix_override:/usr/lib/python3/dist-packages/colcon_core/task/python/colcon_distutils_commands:/workspace/ros2_ws/install/localization/lib/python3.10/site-packages:${PYTHONPATH} /usr/bin/python3 -W ignore:setup.py install is deprecated -W ignore:easy_install command is deprecated setup.py egg_info --egg-base ../../build/localization build --build-base /workspace/ros2_ws/build/localization/build install --record /workspace/ros2_ws/build/localization/install.log --install-scripts $base/lib/localization --single-version-externally-managed install_data
