[5.048s] Invoking command in '/workspace/ros2_ws/src/pure_pursuit': PYTHONPATH=/workspace/build/pure_pursuit/prefix_override:/usr/lib/python3/dist-packages/colcon_core/task/python/colcon_distutils_commands:/workspace/install/pure_pursuit/lib/python3.10/site-packages:${PYTHONPATH} /usr/bin/python3 -W ignore:setup.py install is deprecated -W ignore:easy_install command is deprecated setup.py egg_info --egg-base ../../../build/pure_pursuit build --build-base /workspace/build/pure_pursuit/build install --record /workspace/build/pure_pursuit/install.log --install-scripts $base/lib/pure_pursuit --single-version-externally-managed install_data
[6.138s] running egg_info
[6.145s] writing ../../../build/pure_pursuit/pure_pursuit.egg-info/PKG-INFO
[6.155s] writing dependency_links to ../../../build/pure_pursuit/pure_pursuit.egg-info/dependency_links.txt
[6.162s] writing entry points to ../../../build/pure_pursuit/pure_pursuit.egg-info/entry_points.txt
[6.168s] writing requirements to ../../../build/pure_pursuit/pure_pursuit.egg-info/requires.txt
[6.171s] writing top-level names to ../../../build/pure_pursuit/pure_pursuit.egg-info/top_level.txt
[6.196s] reading manifest file '../../../build/pure_pursuit/pure_pursuit.egg-info/SOURCES.txt'
[6.206s] adding license file 'LICENSE'
[6.209s] writing manifest file '../../../build/pure_pursuit/pure_pursuit.egg-info/SOURCES.txt'
[6.211s] running build
[6.218s] running build_py
[6.229s] running install
[6.233s] running install_lib
[6.247s] running install_data
[6.251s] running install_egg_info
[6.257s] removing '/workspace/install/pure_pursuit/lib/python3.10/site-packages/pure_pursuit-0.0.0-py3.10.egg-info' (and everything under it)
[6.266s] Copying ../../../build/pure_pursuit/pure_pursuit.egg-info to /workspace/install/pure_pursuit/lib/python3.10/site-packages/pure_pursuit-0.0.0-py3.10.egg-info
[6.351s] running install_scripts
[6.445s] Installing pure_pursuit_node script to /workspace/install/pure_pursuit/lib/pure_pursuit
[6.458s] writing list of installed files to '/workspace/build/pure_pursuit/install.log'
[6.827s] Invoked command in '/workspace/ros2_ws/src/pure_pursuit' returned '0': PYTHONPATH=/workspace/build/pure_pursuit/prefix_override:/usr/lib/python3/dist-packages/colcon_core/task/python/colcon_distutils_commands:/workspace/install/pure_pursuit/lib/python3.10/site-packages:${PYTHONPATH} /usr/bin/python3 -W ignore:setup.py install is deprecated -W ignore:easy_install command is deprecated setup.py egg_info --egg-base ../../../build/pure_pursuit build --build-base /workspace/build/pure_pursuit/build install --record /workspace/build/pure_pursuit/install.log --install-scripts $base/lib/pure_pursuit --single-version-externally-managed install_data
