[5.514s] Invoking command in '/workspace/ros2_ws/src/pure_pursuit': PYTHONPATH=/workspace/build/pure_pursuit/prefix_override:/usr/lib/python3/dist-packages/colcon_core/task/python/colcon_distutils_commands:/workspace/install/pure_pursuit/lib/python3.10/site-packages:${PYTHONPATH} /usr/bin/python3 -W ignore:setup.py install is deprecated -W ignore:easy_install command is deprecated setup.py egg_info --egg-base ../../../build/pure_pursuit build --build-base /workspace/build/pure_pursuit/build install --record /workspace/build/pure_pursuit/install.log --install-scripts $base/lib/pure_pursuit --single-version-externally-managed install_data
[7.742s] running egg_info
[7.746s] writing ../../../build/pure_pursuit/pure_pursuit.egg-info/PKG-INFO
[7.755s] writing dependency_links to ../../../build/pure_pursuit/pure_pursuit.egg-info/dependency_links.txt
[7.765s] writing entry points to ../../../build/pure_pursuit/pure_pursuit.egg-info/entry_points.txt
[7.772s] writing requirements to ../../../build/pure_pursuit/pure_pursuit.egg-info/requires.txt
[7.782s] writing top-level names to ../../../build/pure_pursuit/pure_pursuit.egg-info/top_level.txt
[7.834s] reading manifest file '../../../build/pure_pursuit/pure_pursuit.egg-info/SOURCES.txt'
[7.860s] adding license file 'LICENSE'
[7.886s] writing manifest file '../../../build/pure_pursuit/pure_pursuit.egg-info/SOURCES.txt'
[7.893s] running build
[7.899s] running build_py
[7.909s] copying pure_pursuit/controller.py -> /workspace/build/pure_pursuit/build/lib/pure_pursuit
[7.931s] running install
[7.939s] running install_lib
[7.961s] copying /workspace/build/pure_pursuit/build/lib/pure_pursuit/controller.py -> /workspace/install/pure_pursuit/lib/python3.10/site-packages/pure_pursuit
[8.081s] byte-compiling /workspace/install/pure_pursuit/lib/python3.10/site-packages/pure_pursuit/controller.py to controller.cpython-310.pyc
[8.116s] running install_data
[8.131s] running install_egg_info
[8.196s] removing '/workspace/install/pure_pursuit/lib/python3.10/site-packages/pure_pursuit-0.0.0-py3.10.egg-info' (and everything under it)
[8.262s] Copying ../../../build/pure_pursuit/pure_pursuit.egg-info to /workspace/install/pure_pursuit/lib/python3.10/site-packages/pure_pursuit-0.0.0-py3.10.egg-info
[8.571s] running install_scripts
[8.724s] Installing pure_pursuit_node script to /workspace/install/pure_pursuit/lib/pure_pursuit
[8.736s] writing list of installed files to '/workspace/build/pure_pursuit/install.log'
[9.021s] Invoked command in '/workspace/ros2_ws/src/pure_pursuit' returned '0': PYTHONPATH=/workspace/build/pure_pursuit/prefix_override:/usr/lib/python3/dist-packages/colcon_core/task/python/colcon_distutils_commands:/workspace/install/pure_pursuit/lib/python3.10/site-packages:${PYTHONPATH} /usr/bin/python3 -W ignore:setup.py install is deprecated -W ignore:easy_install command is deprecated setup.py egg_info --egg-base ../../../build/pure_pursuit build --build-base /workspace/build/pure_pursuit/build install --record /workspace/build/pure_pursuit/install.log --install-scripts $base/lib/pure_pursuit --single-version-externally-managed install_data
