[5.608s] Invoking command in '/workspace/ros2_ws/src/pure_pursuit': PYTHONPATH=/workspace/build/pure_pursuit/prefix_override:/usr/lib/python3/dist-packages/colcon_core/task/python/colcon_distutils_commands:/workspace/install/pure_pursuit/lib/python3.10/site-packages:${PYTHONPATH} /usr/bin/python3 -W ignore:setup.py install is deprecated -W ignore:easy_install command is deprecated setup.py egg_info --egg-base ../../../build/pure_pursuit build --build-base /workspace/build/pure_pursuit/build install --record /workspace/build/pure_pursuit/install.log --install-scripts $base/lib/pure_pursuit --single-version-externally-managed install_data
[7.215s] running egg_info
[7.226s] writing ../../../build/pure_pursuit/pure_pursuit.egg-info/PKG-INFO
[7.228s] writing dependency_links to ../../../build/pure_pursuit/pure_pursuit.egg-info/dependency_links.txt
[7.241s] writing entry points to ../../../build/pure_pursuit/pure_pursuit.egg-info/entry_points.txt
[7.249s] writing requirements to ../../../build/pure_pursuit/pure_pursuit.egg-info/requires.txt
[7.256s] writing top-level names to ../../../build/pure_pursuit/pure_pursuit.egg-info/top_level.txt
[7.271s] reading manifest file '../../../build/pure_pursuit/pure_pursuit.egg-info/SOURCES.txt'
[7.277s] adding license file 'LICENSE'
[7.285s] writing manifest file '../../../build/pure_pursuit/pure_pursuit.egg-info/SOURCES.txt'
[7.289s] running build
[7.290s] running build_py
[7.292s] copying pure_pursuit/test_path.py -> /workspace/build/pure_pursuit/build/lib/pure_pursuit
[7.302s] running install
[7.307s] running install_lib
[7.361s] copying /workspace/build/pure_pursuit/build/lib/pure_pursuit/test_path.py -> /workspace/install/pure_pursuit/lib/python3.10/site-packages/pure_pursuit
[7.378s] byte-compiling /workspace/install/pure_pursuit/lib/python3.10/site-packages/pure_pursuit/test_path.py to test_path.cpython-310.pyc
[7.408s] running install_data
[7.416s] running install_egg_info
[7.449s] removing '/workspace/install/pure_pursuit/lib/python3.10/site-packages/pure_pursuit-0.0.0-py3.10.egg-info' (and everything under it)
[7.455s] Copying ../../../build/pure_pursuit/pure_pursuit.egg-info to /workspace/install/pure_pursuit/lib/python3.10/site-packages/pure_pursuit-0.0.0-py3.10.egg-info
[7.526s] running install_scripts
[7.702s] Installing pure_pursuit_node script to /workspace/install/pure_pursuit/lib/pure_pursuit
[7.712s] writing list of installed files to '/workspace/build/pure_pursuit/install.log'
[8.052s] Invoked command in '/workspace/ros2_ws/src/pure_pursuit' returned '0': PYTHONPATH=/workspace/build/pure_pursuit/prefix_override:/usr/lib/python3/dist-packages/colcon_core/task/python/colcon_distutils_commands:/workspace/install/pure_pursuit/lib/python3.10/site-packages:${PYTHONPATH} /usr/bin/python3 -W ignore:setup.py install is deprecated -W ignore:easy_install command is deprecated setup.py egg_info --egg-base ../../../build/pure_pursuit build --build-base /workspace/build/pure_pursuit/build install --record /workspace/build/pure_pursuit/install.log --install-scripts $base/lib/pure_pursuit --single-version-externally-managed install_data
