[5.622s] Invoking command in '/workspace/ros2_ws/src/robot_sim': PYTHONPATH=/workspace/build/robot_sim/prefix_override:/usr/lib/python3/dist-packages/colcon_core/task/python/colcon_distutils_commands:/workspace/install/robot_sim/lib/python3.10/site-packages:${PYTHONPATH} /usr/bin/python3 -W ignore:setup.py install is deprecated -W ignore:easy_install command is deprecated setup.py egg_info --egg-base ../../../build/robot_sim build --build-base /workspace/build/robot_sim/build install --record /workspace/build/robot_sim/install.log --install-scripts $base/lib/robot_sim --single-version-externally-managed install_data
[7.602s] running egg_info
[7.607s] writing ../../../build/robot_sim/robot_sim.egg-info/PKG-INFO
[7.609s] writing dependency_links to ../../../build/robot_sim/robot_sim.egg-info/dependency_links.txt
[7.612s] writing entry points to ../../../build/robot_sim/robot_sim.egg-info/entry_points.txt
[7.617s] writing requirements to ../../../build/robot_sim/robot_sim.egg-info/requires.txt
[7.622s] writing top-level names to ../../../build/robot_sim/robot_sim.egg-info/top_level.txt
[7.651s] reading manifest file '../../../build/robot_sim/robot_sim.egg-info/SOURCES.txt'
[7.663s] writing manifest file '../../../build/robot_sim/robot_sim.egg-info/SOURCES.txt'
[7.668s] running build
[7.673s] running build_py
[7.677s] running install
[7.701s] running install_lib
[7.711s] running install_data
[7.716s] running install_egg_info
[7.748s] removing '/workspace/install/robot_sim/lib/python3.10/site-packages/robot_sim-0.0.0-py3.10.egg-info' (and everything under it)
[7.773s] Copying ../../../build/robot_sim/robot_sim.egg-info to /workspace/install/robot_sim/lib/python3.10/site-packages/robot_sim-0.0.0-py3.10.egg-info
[7.896s] running install_scripts
[8.091s] Installing simulator script to /workspace/install/robot_sim/lib/robot_sim
[8.092s] writing list of installed files to '/workspace/build/robot_sim/install.log'
[8.289s] Invoked command in '/workspace/ros2_ws/src/robot_sim' returned '0': PYTHONPATH=/workspace/build/robot_sim/prefix_override:/usr/lib/python3/dist-packages/colcon_core/task/python/colcon_distutils_commands:/workspace/install/robot_sim/lib/python3.10/site-packages:${PYTHONPATH} /usr/bin/python3 -W ignore:setup.py install is deprecated -W ignore:easy_install command is deprecated setup.py egg_info --egg-base ../../../build/robot_sim build --build-base /workspace/build/robot_sim/build install --record /workspace/build/robot_sim/install.log --install-scripts $base/lib/robot_sim --single-version-externally-managed install_data
