[23.592s] Invoking command in '/workspace/ros2_ws/src/localization': PYTHONPATH=/workspace/build/localization/prefix_override:/usr/lib/python3/dist-packages/colcon_core/task/python/colcon_distutils_commands:/workspace/install/localization/lib/python3.10/site-packages:${PYTHONPATH} /usr/bin/python3 -W ignore:setup.py install is deprecated -W ignore:easy_install command is deprecated setup.py egg_info --egg-base ../../../build/localization build --build-base /workspace/build/localization/build install --record /workspace/build/localization/install.log --install-scripts $base/lib/localization --single-version-externally-managed install_data
[28.791s] running egg_info
[28.815s] writing ../../../build/localization/localization.egg-info/PKG-INFO
[28.830s] writing dependency_links to ../../../build/localization/localization.egg-info/dependency_links.txt
[28.836s] writing entry points to ../../../build/localization/localization.egg-info/entry_points.txt
[28.855s] writing requirements to ../../../build/localization/localization.egg-info/requires.txt
[28.937s] writing top-level names to ../../../build/localization/localization.egg-info/top_level.txt
[29.229s] reading manifest file '../../../build/localization/localization.egg-info/SOURCES.txt'
[29.292s] adding license file 'LICENSE'
[29.314s] writing manifest file '../../../build/localization/localization.egg-info/SOURCES.txt'
[29.429s] running build
[29.484s] running build_py
[29.494s] running install
[29.590s] running install_lib
[29.624s] running install_data
[29.627s] running install_egg_info
[29.644s] removing '/workspace/install/localization/lib/python3.10/site-packages/localization-0.0.0-py3.10.egg-info' (and everything under it)
[29.650s] Copying ../../../build/localization/localization.egg-info to /workspace/install/localization/lib/python3.10/site-packages/localization-0.0.0-py3.10.egg-info
[29.712s] running install_scripts
[30.498s] Installing localization_node script to /workspace/install/localization/lib/localization
[30.506s] writing list of installed files to '/workspace/build/localization/install.log'
[30.857s] Invoked command in '/workspace/ros2_ws/src/localization' returned '0': PYTHONPATH=/workspace/build/localization/prefix_override:/usr/lib/python3/dist-packages/colcon_core/task/python/colcon_distutils_commands:/workspace/install/localization/lib/python3.10/site-packages:${PYTHONPATH} /usr/bin/python3 -W ignore:setup.py install is deprecated -W ignore:easy_install command is deprecated setup.py egg_info --egg-base ../../../build/localization build --build-base /workspace/build/localization/build install --record /workspace/build/localization/install.log --install-scripts $base/lib/localization --single-version-externally-managed install_data
