[13.201s] Invoking command in '/workspace/ros2_ws/src/robot_sim': PYTHONPATH=/workspace/build/robot_sim/prefix_override:/usr/lib/python3/dist-packages/colcon_core/task/python/colcon_distutils_commands:/workspace/install/robot_sim/lib/python3.10/site-packages:${PYTHONPATH} /usr/bin/python3 -W ignore:setup.py install is deprecated -W ignore:easy_install command is deprecated setup.py egg_info --egg-base ../../../build/robot_sim build --build-base /workspace/build/robot_sim/build install --record /workspace/build/robot_sim/install.log --install-scripts $base/lib/robot_sim --single-version-externally-managed install_data
[15.342s] running egg_info
[15.355s] writing ../../../build/robot_sim/robot_sim.egg-info/PKG-INFO
[15.369s] writing dependency_links to ../../../build/robot_sim/robot_sim.egg-info/dependency_links.txt
[15.378s] writing entry points to ../../../build/robot_sim/robot_sim.egg-info/entry_points.txt
[15.390s] writing requirements to ../../../build/robot_sim/robot_sim.egg-info/requires.txt
[15.398s] writing top-level names to ../../../build/robot_sim/robot_sim.egg-info/top_level.txt
[15.407s] reading manifest file '../../../build/robot_sim/robot_sim.egg-info/SOURCES.txt'
[15.417s] writing manifest file '../../../build/robot_sim/robot_sim.egg-info/SOURCES.txt'
[15.436s] running build
[15.440s] running build_py
[15.456s] running install
[15.461s] running install_lib
[15.475s] running install_data
[15.486s] running install_egg_info
[15.497s] removing '/workspace/install/robot_sim/lib/python3.10/site-packages/robot_sim-0.0.0-py3.10.egg-info' (and everything under it)
[15.510s] Copying ../../../build/robot_sim/robot_sim.egg-info to /workspace/install/robot_sim/lib/python3.10/site-packages/robot_sim-0.0.0-py3.10.egg-info
[15.559s] running install_scripts
[15.729s] Installing simulator script to /workspace/install/robot_sim/lib/robot_sim
[15.757s] writing list of installed files to '/workspace/build/robot_sim/install.log'
[16.036s] Invoked command in '/workspace/ros2_ws/src/robot_sim' returned '0': PYTHONPATH=/workspace/build/robot_sim/prefix_override:/usr/lib/python3/dist-packages/colcon_core/task/python/colcon_distutils_commands:/workspace/install/robot_sim/lib/python3.10/site-packages:${PYTHONPATH} /usr/bin/python3 -W ignore:setup.py install is deprecated -W ignore:easy_install command is deprecated setup.py egg_info --egg-base ../../../build/robot_sim build --build-base /workspace/build/robot_sim/build install --record /workspace/build/robot_sim/install.log --install-scripts $base/lib/robot_sim --single-version-externally-managed install_data
