[53.578s] Invoking command in '/workspace/ros2_ws/src/pure_pursuit': PYTHONPATH=/workspace/build/pure_pursuit/prefix_override:/usr/lib/python3/dist-packages/colcon_core/task/python/colcon_distutils_commands:/workspace/install/pure_pursuit/lib/python3.10/site-packages:${PYTHONPATH} /usr/bin/python3 -W ignore:setup.py install is deprecated -W ignore:easy_install command is deprecated setup.py egg_info --egg-base ../../../build/pure_pursuit build --build-base /workspace/build/pure_pursuit/build install --record /workspace/build/pure_pursuit/install.log --install-scripts $base/lib/pure_pursuit --single-version-externally-managed install_data
[60.446s] running egg_info
[60.463s] writing ../../../build/pure_pursuit/pure_pursuit.egg-info/PKG-INFO
[60.484s] writing dependency_links to ../../../build/pure_pursuit/pure_pursuit.egg-info/dependency_links.txt
[60.605s] writing entry points to ../../../build/pure_pursuit/pure_pursuit.egg-info/entry_points.txt
[60.704s] writing requirements to ../../../build/pure_pursuit/pure_pursuit.egg-info/requires.txt
[60.724s] writing top-level names to ../../../build/pure_pursuit/pure_pursuit.egg-info/top_level.txt
[60.901s] reading manifest file '../../../build/pure_pursuit/pure_pursuit.egg-info/SOURCES.txt'
[61.128s] adding license file 'LICENSE'
[61.144s] writing manifest file '../../../build/pure_pursuit/pure_pursuit.egg-info/SOURCES.txt'
[61.221s] running build
[61.291s] running build_py
[61.386s] running install
[61.397s] running install_lib
[61.440s] running install_data
[61.688s] running install_egg_info
[61.727s] removing '/workspace/install/pure_pursuit/lib/python3.10/site-packages/pure_pursuit-0.0.0-py3.10.egg-info' (and everything under it)
[61.757s] Copying ../../../build/pure_pursuit/pure_pursuit.egg-info to /workspace/install/pure_pursuit/lib/python3.10/site-packages/pure_pursuit-0.0.0-py3.10.egg-info
[62.709s] running install_scripts
[63.573s] Installing pure_pursuit_node script to /workspace/install/pure_pursuit/lib/pure_pursuit
[63.677s] writing list of installed files to '/workspace/build/pure_pursuit/install.log'
[64.600s] Invoked command in '/workspace/ros2_ws/src/pure_pursuit' returned '0': PYTHONPATH=/workspace/build/pure_pursuit/prefix_override:/usr/lib/python3/dist-packages/colcon_core/task/python/colcon_distutils_commands:/workspace/install/pure_pursuit/lib/python3.10/site-packages:${PYTHONPATH} /usr/bin/python3 -W ignore:setup.py install is deprecated -W ignore:easy_install command is deprecated setup.py egg_info --egg-base ../../../build/pure_pursuit build --build-base /workspace/build/pure_pursuit/build install --record /workspace/build/pure_pursuit/install.log --install-scripts $base/lib/pure_pursuit --single-version-externally-managed install_data
