[5.583s] Invoking command in '/workspace/ros2_ws/src/robot_sim': PYTHONPATH=/workspace/build/robot_sim/prefix_override:/usr/lib/python3/dist-packages/colcon_core/task/python/colcon_distutils_commands:/workspace/install/robot_sim/lib/python3.10/site-packages:${PYTHONPATH} /usr/bin/python3 -W ignore:setup.py install is deprecated -W ignore:easy_install command is deprecated setup.py egg_info --egg-base ../../../build/robot_sim build --build-base /workspace/build/robot_sim/build install --record /workspace/build/robot_sim/install.log --install-scripts $base/lib/robot_sim --single-version-externally-managed install_data
[9.385s] running egg_info
[9.453s] writing ../../../build/robot_sim/robot_sim.egg-info/PKG-INFO
[9.459s] writing dependency_links to ../../../build/robot_sim/robot_sim.egg-info/dependency_links.txt
[9.489s] writing entry points to ../../../build/robot_sim/robot_sim.egg-info/entry_points.txt
[9.493s] writing requirements to ../../../build/robot_sim/robot_sim.egg-info/requires.txt
[9.499s] writing top-level names to ../../../build/robot_sim/robot_sim.egg-info/top_level.txt
[9.518s] reading manifest file '../../../build/robot_sim/robot_sim.egg-info/SOURCES.txt'
[9.541s] writing manifest file '../../../build/robot_sim/robot_sim.egg-info/SOURCES.txt'
[9.545s] running build
[9.554s] running build_py
[9.609s] running install
[9.621s] running install_lib
[9.643s] running install_data
[9.650s] running install_egg_info
[9.709s] removing '/workspace/install/robot_sim/lib/python3.10/site-packages/robot_sim-0.0.0-py3.10.egg-info' (and everything under it)
[9.718s] Copying ../../../build/robot_sim/robot_sim.egg-info to /workspace/install/robot_sim/lib/python3.10/site-packages/robot_sim-0.0.0-py3.10.egg-info
[9.819s] running install_scripts
[10.037s] Installing simulator script to /workspace/install/robot_sim/lib/robot_sim
[10.142s] writing list of installed files to '/workspace/build/robot_sim/install.log'
[10.570s] Invoked command in '/workspace/ros2_ws/src/robot_sim' returned '0': PYTHONPATH=/workspace/build/robot_sim/prefix_override:/usr/lib/python3/dist-packages/colcon_core/task/python/colcon_distutils_commands:/workspace/install/robot_sim/lib/python3.10/site-packages:${PYTHONPATH} /usr/bin/python3 -W ignore:setup.py install is deprecated -W ignore:easy_install command is deprecated setup.py egg_info --egg-base ../../../build/robot_sim build --build-base /workspace/build/robot_sim/build install --record /workspace/build/robot_sim/install.log --install-scripts $base/lib/robot_sim --single-version-externally-managed install_data
