[9.276s] Invoking command in '/workspace/ros2_ws/src/pure_pursuit': PYTHONPATH=/workspace/build/pure_pursuit/prefix_override:/usr/lib/python3/dist-packages/colcon_core/task/python/colcon_distutils_commands:/workspace/install/pure_pursuit/lib/python3.10/site-packages:${PYTHONPATH} /usr/bin/python3 -W ignore:setup.py install is deprecated -W ignore:easy_install command is deprecated setup.py egg_info --egg-base ../../../build/pure_pursuit build --build-base /workspace/build/pure_pursuit/build install --record /workspace/build/pure_pursuit/install.log --install-scripts $base/lib/pure_pursuit --single-version-externally-managed install_data
[10.391s] running egg_info
[10.396s] writing ../../../build/pure_pursuit/pure_pursuit.egg-info/PKG-INFO
[10.409s] writing dependency_links to ../../../build/pure_pursuit/pure_pursuit.egg-info/dependency_links.txt
[10.421s] writing entry points to ../../../build/pure_pursuit/pure_pursuit.egg-info/entry_points.txt
[10.428s] writing requirements to ../../../build/pure_pursuit/pure_pursuit.egg-info/requires.txt
[10.433s] writing top-level names to ../../../build/pure_pursuit/pure_pursuit.egg-info/top_level.txt
[10.469s] reading manifest file '../../../build/pure_pursuit/pure_pursuit.egg-info/SOURCES.txt'
[10.482s] adding license file 'LICENSE'
[10.494s] writing manifest file '../../../build/pure_pursuit/pure_pursuit.egg-info/SOURCES.txt'
[10.498s] running build
[10.506s] running build_py
[10.512s] running install
[10.518s] running install_lib
[10.527s] running install_data
[10.536s] running install_egg_info
[10.552s] removing '/workspace/install/pure_pursuit/lib/python3.10/site-packages/pure_pursuit-0.0.0-py3.10.egg-info' (and everything under it)
[10.563s] Copying ../../../build/pure_pursuit/pure_pursuit.egg-info to /workspace/install/pure_pursuit/lib/python3.10/site-packages/pure_pursuit-0.0.0-py3.10.egg-info
[10.579s] running install_scripts
[10.658s] Installing pure_pursuit_node script to /workspace/install/pure_pursuit/lib/pure_pursuit
[10.671s] writing list of installed files to '/workspace/build/pure_pursuit/install.log'
[10.769s] Invoked command in '/workspace/ros2_ws/src/pure_pursuit' returned '0': PYTHONPATH=/workspace/build/pure_pursuit/prefix_override:/usr/lib/python3/dist-packages/colcon_core/task/python/colcon_distutils_commands:/workspace/install/pure_pursuit/lib/python3.10/site-packages:${PYTHONPATH} /usr/bin/python3 -W ignore:setup.py install is deprecated -W ignore:easy_install command is deprecated setup.py egg_info --egg-base ../../../build/pure_pursuit build --build-base /workspace/build/pure_pursuit/build install --record /workspace/build/pure_pursuit/install.log --install-scripts $base/lib/pure_pursuit --single-version-externally-managed install_data
