[3.881s] Invoking command in '/workspace/ros2_ws/src/robot_sim': PYTHONPATH=/workspace/build/robot_sim/prefix_override:/usr/lib/python3/dist-packages/colcon_core/task/python/colcon_distutils_commands:/workspace/install/robot_sim/lib/python3.10/site-packages:${PYTHONPATH} /usr/bin/python3 -W ignore:setup.py install is deprecated -W ignore:easy_install command is deprecated setup.py egg_info --egg-base ../../../build/robot_sim build --build-base /workspace/build/robot_sim/build install --record /workspace/build/robot_sim/install.log --install-scripts $base/lib/robot_sim --single-version-externally-managed install_data
[4.873s] running egg_info
[4.882s] writing ../../../build/robot_sim/robot_sim.egg-info/PKG-INFO
[4.894s] writing dependency_links to ../../../build/robot_sim/robot_sim.egg-info/dependency_links.txt
[4.899s] writing entry points to ../../../build/robot_sim/robot_sim.egg-info/entry_points.txt
[4.916s] writing requirements to ../../../build/robot_sim/robot_sim.egg-info/requires.txt
[4.921s] writing top-level names to ../../../build/robot_sim/robot_sim.egg-info/top_level.txt
[4.942s] reading manifest file '../../../build/robot_sim/robot_sim.egg-info/SOURCES.txt'
[4.951s] writing manifest file '../../../build/robot_sim/robot_sim.egg-info/SOURCES.txt'
[4.954s] running build
[4.958s] running build_py
[4.960s] running install
[4.962s] running install_lib
[4.966s] running install_data
[4.971s] running install_egg_info
[4.980s] removing '/workspace/install/robot_sim/lib/python3.10/site-packages/robot_sim-0.0.0-py3.10.egg-info' (and everything under it)
[4.985s] Copying ../../../build/robot_sim/robot_sim.egg-info to /workspace/install/robot_sim/lib/python3.10/site-packages/robot_sim-0.0.0-py3.10.egg-info
[5.037s] running install_scripts
[5.273s] Installing simulator script to /workspace/install/robot_sim/lib/robot_sim
[5.297s] writing list of installed files to '/workspace/build/robot_sim/install.log'
[5.611s] Invoked command in '/workspace/ros2_ws/src/robot_sim' returned '0': PYTHONPATH=/workspace/build/robot_sim/prefix_override:/usr/lib/python3/dist-packages/colcon_core/task/python/colcon_distutils_commands:/workspace/install/robot_sim/lib/python3.10/site-packages:${PYTHONPATH} /usr/bin/python3 -W ignore:setup.py install is deprecated -W ignore:easy_install command is deprecated setup.py egg_info --egg-base ../../../build/robot_sim build --build-base /workspace/build/robot_sim/build install --record /workspace/build/robot_sim/install.log --install-scripts $base/lib/robot_sim --single-version-externally-managed install_data
