[2.028s] Invoking command in '/workspace/ros2_ws/src/robot_sim': PYTHONPATH=/workspace/ros2_ws/build/robot_sim/prefix_override:/usr/lib/python3/dist-packages/colcon_core/task/python/colcon_distutils_commands:/workspace/ros2_ws/install/robot_sim/lib/python3.10/site-packages:${PYTHONPATH} /usr/bin/python3 -W ignore:setup.py install is deprecated -W ignore:easy_install command is deprecated setup.py egg_info --egg-base ../../build/robot_sim build --build-base /workspace/ros2_ws/build/robot_sim/build install --record /workspace/ros2_ws/build/robot_sim/install.log --install-scripts $base/lib/robot_sim --single-version-externally-managed install_data
[2.491s] running egg_info
[2.494s] writing ../../build/robot_sim/robot_sim.egg-info/PKG-INFO
[2.497s] writing dependency_links to ../../build/robot_sim/robot_sim.egg-info/dependency_links.txt
[2.502s] writing entry points to ../../build/robot_sim/robot_sim.egg-info/entry_points.txt
[2.506s] writing requirements to ../../build/robot_sim/robot_sim.egg-info/requires.txt
[2.508s] writing top-level names to ../../build/robot_sim/robot_sim.egg-info/top_level.txt
[2.522s] reading manifest file '../../build/robot_sim/robot_sim.egg-info/SOURCES.txt'
[2.527s] writing manifest file '../../build/robot_sim/robot_sim.egg-info/SOURCES.txt'
[2.532s] running build
[2.535s] running build_py
[2.541s] running install
[2.545s] running install_lib
[2.553s] running install_data
[2.554s] running install_egg_info
[2.559s] removing '/workspace/ros2_ws/install/robot_sim/lib/python3.10/site-packages/robot_sim-0.0.0-py3.10.egg-info' (and everything under it)
[2.567s] Copying ../../build/robot_sim/robot_sim.egg-info to /workspace/ros2_ws/install/robot_sim/lib/python3.10/site-packages/robot_sim-0.0.0-py3.10.egg-info
[2.590s] running install_scripts
[2.651s] Installing simulator script to /workspace/ros2_ws/install/robot_sim/lib/robot_sim
[2.663s] writing list of installed files to '/workspace/ros2_ws/build/robot_sim/install.log'
[2.778s] Invoked command in '/workspace/ros2_ws/src/robot_sim' returned '0': PYTHONPATH=/workspace/ros2_ws/build/robot_sim/prefix_override:/usr/lib/python3/dist-packages/colcon_core/task/python/colcon_distutils_commands:/workspace/ros2_ws/install/robot_sim/lib/python3.10/site-packages:${PYTHONPATH} /usr/bin/python3 -W ignore:setup.py install is deprecated -W ignore:easy_install command is deprecated setup.py egg_info --egg-base ../../build/robot_sim build --build-base /workspace/ros2_ws/build/robot_sim/build install --record /workspace/ros2_ws/build/robot_sim/install.log --install-scripts $base/lib/robot_sim --single-version-externally-managed install_data
